<!doctype html public "-//w3c//dtd html 4.0 transitional//en">
<html><head>
<title>Static Call Graph - [.\Obj\STM32_FSMC_TFT_9325.axf]</title></head>
<body><HR>
<H1>Static Call Graph for image .\Obj\STM32_FSMC_TFT_9325.axf</H1><HR>
<BR><P>#&#060CALLGRAPH&#062# ARM Linker, RVCT4.0 [Build 524]: Last Updated: Sat Jan 08 17:12:27 2011
<BR><P>
<H3>Maximum Stack Usage =        232 bytes + Unknown(Functions without stacksize, Untraceable Function Pointers)</H3><H3>
Call chain for Maximum Stack Depth:</H3>
__rt_entry_main &rArr; main &rArr; touch_adjust &rArr; Touch_Key_Pro &rArr; Read_Ads7846 &rArr; read_once &rArr; SPI_Flash_ReadByte &rArr; SPI_Flash_SendByte
<P>
<H3>
Functions with no stack information
</H3><UL>
 <LI><a href="#[bdfbd4]">__WFI</a>
 <LI><a href="#[bdfb98]">__WFE</a>
 <LI><a href="#[bdfb5c]">__SEV</a>
 <LI><a href="#[bdfb20]">__ISB</a>
 <LI><a href="#[bdfae4]">__DSB</a>
 <LI><a href="#[bdfaa8]">__DMB</a>
 <LI><a href="#[bdfa6c]">__SVC</a>
 <LI><a href="#[bdfa30]">__MRS_CONTROL</a>
 <LI><a href="#[bdf9f4]">__MSR_CONTROL</a>
 <LI><a href="#[bdf9b8]">__MRS_PSP</a>
 <LI><a href="#[bdf97c]">__MSR_PSP</a>
 <LI><a href="#[bdf940]">__MRS_MSP</a>
 <LI><a href="#[bdf904]">__MSR_MSP</a>
 <LI><a href="#[bdf8c8]">__RESETPRIMASK</a>
 <LI><a href="#[bdf88c]">__SETPRIMASK</a>
 <LI><a href="#[bdf850]">__READ_PRIMASK</a>
 <LI><a href="#[bdf814]">__SETFAULTMASK</a>
 <LI><a href="#[bdf7d8]">__RESETFAULTMASK</a>
 <LI><a href="#[bdf79c]">__READ_FAULTMASK</a>
 <LI><a href="#[bdf760]">__BASEPRICONFIG</a>
 <LI><a href="#[bdf724]">__GetBASEPRI</a>
 <LI><a href="#[bdf6e8]">__REV_HalfWord</a>
 <LI><a href="#[bdf6ac]">__REV_Word</a>
 <LI><a href="#[bdf3a0]">__user_initial_stackheap</a>
</UL>
</UL>
<P>
<H3>
Function Pointers
</H3><UL>
 <LI><a href="#[bdf3dc]">Reset_Handler</a>
 <LI><a href="#[be58e0]">NMIException</a>
 <LI><a href="#[be58a4]">HardFaultException</a>
 <LI><a href="#[be5868]">MemManageException</a>
 <LI><a href="#[be582c]">BusFaultException</a>
 <LI><a href="#[be57f0]">UsageFaultException</a>
 <LI><a href="#[be5778]">SVCHandler</a>
 <LI><a href="#[be57b4]">DebugMonitor</a>
 <LI><a href="#[be573c]">PendSVC</a>
 <LI><a href="#[be5700]">SysTickHandler</a>
 <LI><a href="#[be56c4]">WWDG_IRQHandler</a>
 <LI><a href="#[be5688]">PVD_IRQHandler</a>
 <LI><a href="#[be564c]">TAMPER_IRQHandler</a>
 <LI><a href="#[be5610]">RTC_IRQHandler</a>
 <LI><a href="#[be55d4]">FLASH_IRQHandler</a>
 <LI><a href="#[be5598]">RCC_IRQHandler</a>
 <LI><a href="#[be555c]">EXTI0_IRQHandler</a>
 <LI><a href="#[be5520]">EXTI1_IRQHandler</a>
 <LI><a href="#[be54e4]">EXTI2_IRQHandler</a>
 <LI><a href="#[be54a8]">EXTI3_IRQHandler</a>
 <LI><a href="#[be546c]">EXTI4_IRQHandler</a>
 <LI><a href="#[be5430]">DMA1_Channel1_IRQHandler</a>
 <LI><a href="#[be53f4]">DMA1_Channel2_IRQHandler</a>
 <LI><a href="#[be53b8]">DMA1_Channel3_IRQHandler</a>
 <LI><a href="#[be537c]">DMA1_Channel4_IRQHandler</a>
 <LI><a href="#[be5340]">DMA1_Channel5_IRQHandler</a>
 <LI><a href="#[be5304]">DMA1_Channel6_IRQHandler</a>
 <LI><a href="#[be52c8]">DMA1_Channel7_IRQHandler</a>
 <LI><a href="#[be528c]">ADC1_2_IRQHandler</a>
 <LI><a href="#[be5250]">USB_HP_CAN_TX_IRQHandler</a>
 <LI><a href="#[be5214]">USB_LP_CAN_RX0_IRQHandler</a>
 <LI><a href="#[be51d8]">CAN_RX1_IRQHandler</a>
 <LI><a href="#[be519c]">CAN_SCE_IRQHandler</a>
 <LI><a href="#[be5160]">EXTI9_5_IRQHandler</a>
 <LI><a href="#[be5124]">TIM1_BRK_IRQHandler</a>
 <LI><a href="#[be50e8]">TIM1_UP_IRQHandler</a>
 <LI><a href="#[be50ac]">TIM1_TRG_COM_IRQHandler</a>
 <LI><a href="#[be5070]">TIM1_CC_IRQHandler</a>
 <LI><a href="#[be5034]">TIM2_IRQHandler</a>
 <LI><a href="#[be4ff8]">TIM3_IRQHandler</a>
 <LI><a href="#[be4fbc]">TIM4_IRQHandler</a>
 <LI><a href="#[be4f80]">I2C1_EV_IRQHandler</a>
 <LI><a href="#[be4f44]">I2C1_ER_IRQHandler</a>
 <LI><a href="#[be4f08]">I2C2_EV_IRQHandler</a>
 <LI><a href="#[be4ecc]">I2C2_ER_IRQHandler</a>
 <LI><a href="#[be4e90]">SPI1_IRQHandler</a>
 <LI><a href="#[be4e54]">SPI2_IRQHandler</a>
 <LI><a href="#[be4e18]">USART1_IRQHandler</a>
 <LI><a href="#[be4ddc]">USART2_IRQHandler</a>
 <LI><a href="#[be4da0]">USART3_IRQHandler</a>
 <LI><a href="#[be4d64]">EXTI15_10_IRQHandler</a>
 <LI><a href="#[be4d28]">RTCAlarm_IRQHandler</a>
 <LI><a href="#[be4cec]">USBWakeUp_IRQHandler</a>
 <LI><a href="#[be4cb0]">TIM8_BRK_IRQHandler</a>
 <LI><a href="#[be4c74]">TIM8_UP_IRQHandler</a>
 <LI><a href="#[be4c38]">TIM8_TRG_COM_IRQHandler</a>
 <LI><a href="#[be4bfc]">TIM8_CC_IRQHandler</a>
 <LI><a href="#[be4bc0]">ADC3_IRQHandler</a>
 <LI><a href="#[be4b84]">FSMC_IRQHandler</a>
 <LI><a href="#[be4b48]">SDIO_IRQHandler</a>
 <LI><a href="#[be4b0c]">TIM5_IRQHandler</a>
 <LI><a href="#[be4ad0]">SPI3_IRQHandler</a>
 <LI><a href="#[be4a94]">UART4_IRQHandler</a>
 <LI><a href="#[be4a58]">UART5_IRQHandler</a>
 <LI><a href="#[be4a1c]">TIM6_IRQHandler</a>
 <LI><a href="#[be49e0]">TIM7_IRQHandler</a>
 <LI><a href="#[be49a4]">DMA2_Channel1_IRQHandler</a>
 <LI><a href="#[be4968]">DMA2_Channel2_IRQHandler</a>
 <LI><a href="#[be492c]">DMA2_Channel3_IRQHandler</a>
 <LI><a href="#[be48f0]">DMA2_Channel4_5_IRQHandler</a>
 <LI><a href="#[c48460]">__main</a>
 <LI><a href="#[c41a34]">__I$use$semihosting</a>
</UL>
<P>
<H3>
Global Symbols
</H3>
<P><STRONG><a name="[c48460]"></a>__main</STRONG> (Thumb, 8 bytes, Stack size 0 bytes, __main.o(!!!main))
<BR><BR>[Calls]<UL><LI><a href="#[c46624]">&gt;&gt;</a>&nbsp;&nbsp;&nbsp;__rt_entry
<LI><a href="#[16fdadc]">&gt;&gt;</a>&nbsp;&nbsp;&nbsp;__scatterload
</UL>

<P><STRONG><a name="[16fdadc]"></a>__scatterload</STRONG> (Thumb, 0 bytes, Stack size unknown bytes, __scatter.o(!!!scatter))
<BR><BR>[Called By]<UL><LI><a href="#[c48460]">&gt;&gt;</a>&nbsp;&nbsp;&nbsp;__main
</UL>

<P><STRONG><a name="[16fdaa0]"></a>__scatterload_rt2</STRONG> (Thumb, 44 bytes, Stack size unknown bytes, __scatter.o(!!!scatter), UNUSED)
<BR><BR>[Calls]<UL><LI><a href="#[c46624]">&gt;&gt;</a>&nbsp;&nbsp;&nbsp;__rt_entry
</UL>

<P><STRONG><a name="[16fda64]"></a>__scatterload_rt2_thumb_only</STRONG> (Thumb, 0 bytes, Stack size unknown bytes, __scatter.o(!!!scatter), UNUSED)

<P><STRONG><a name="[16fda28]"></a>__scatterload_null</STRONG> (Thumb, 0 bytes, Stack size unknown bytes, __scatter.o(!!!scatter), UNUSED)

<P><STRONG><a name="[16fdc08]"></a>__decompress</STRONG> (Thumb, 90 bytes, Stack size unknown bytes, __dczerorl2.o(!!dczerorl2), UNUSED)

<P><STRONG><a name="[16fdbcc]"></a>__decompress1</STRONG> (Thumb, 0 bytes, Stack size unknown bytes, __dczerorl2.o(!!dczerorl2), UNUSED)

<P><STRONG><a name="[16fd884]"></a>__scatterload_zeroinit</STRONG> (Thumb, 28 bytes, Stack size unknown bytes, __scatter_zi.o(!!handler_zi), UNUSED)

<P><STRONG><a name="[c42754]"></a>__rt_lib_init</STRONG> (Thumb, 0 bytes, Stack size unknown bytes, libinit.o(.ARM.Collect$$libinit$$00000000))
<BR><BR>[Called By]<UL><LI><a href="#[c43d98]">&gt;&gt;</a>&nbsp;&nbsp;&nbsp;__rt_entry_li
</UL>

<P><STRONG><a name="[c4588c]"></a>__rt_lib_init_heap_1</STRONG> (Thumb, 0 bytes, Stack size unknown bytes, libinit2.o(.ARM.Collect$$libinit$$00000006))

<P><STRONG><a name="[c457d8]"></a>__rt_lib_init_rand_2</STRONG> (Thumb, 0 bytes, Stack size unknown bytes, libinit2.o(.ARM.Collect$$libinit$$00000009))
<BR><BR>[Stack]<UL><LI>Max Depth = 8 + Unknown Stack Size
<LI>Call Chain = __rt_lib_init_rand_2 &rArr; _rand_init &rArr; srand
</UL>
<BR>[Calls]<UL><LI><a href="#[c48730]">&gt;&gt;</a>&nbsp;&nbsp;&nbsp;_rand_init
</UL>

<P><STRONG><a name="[c45814]"></a>__rt_lib_init_user_alloc_1</STRONG> (Thumb, 0 bytes, Stack size unknown bytes, libinit2.o(.ARM.Collect$$libinit$$00000008))

<P><STRONG><a name="[c45058]"></a>__rt_lib_init_alloca_1</STRONG> (Thumb, 0 bytes, Stack size unknown bytes, libinit2.o(.ARM.Collect$$libinit$$0000002A))

<P><STRONG><a name="[c450d0]"></a>__rt_lib_init_argv_1</STRONG> (Thumb, 0 bytes, Stack size unknown bytes, libinit2.o(.ARM.Collect$$libinit$$00000028))

<P><STRONG><a name="[c45490]"></a>__rt_lib_init_atexit_1</STRONG> (Thumb, 0 bytes, Stack size unknown bytes, libinit2.o(.ARM.Collect$$libinit$$00000017))

<P><STRONG><a name="[c45328]"></a>__rt_lib_init_clock_1</STRONG> (Thumb, 0 bytes, Stack size unknown bytes, libinit2.o(.ARM.Collect$$libinit$$0000001D))

<P><STRONG><a name="[c44f68]"></a>__rt_lib_init_cpp_1</STRONG> (Thumb, 0 bytes, Stack size unknown bytes, libinit2.o(.ARM.Collect$$libinit$$0000002E))

<P><STRONG><a name="[c44fe0]"></a>__rt_lib_init_exceptions_1</STRONG> (Thumb, 0 bytes, Stack size unknown bytes, libinit2.o(.ARM.Collect$$libinit$$0000002C))

<P><STRONG><a name="[c453a0]"></a>__rt_lib_init_fp_trap_1</STRONG> (Thumb, 0 bytes, Stack size unknown bytes, libinit2.o(.ARM.Collect$$libinit$$0000001B))

<P><STRONG><a name="[c452b0]"></a>__rt_lib_init_getenv_1</STRONG> (Thumb, 0 bytes, Stack size unknown bytes, libinit2.o(.ARM.Collect$$libinit$$0000001F))

<P><STRONG><a name="[c456e8]"></a>__rt_lib_init_lc_collate_1</STRONG> (Thumb, 0 bytes, Stack size unknown bytes, libinit2.o(.ARM.Collect$$libinit$$0000000D))

<P><STRONG><a name="[c45670]"></a>__rt_lib_init_lc_ctype_1</STRONG> (Thumb, 0 bytes, Stack size unknown bytes, libinit2.o(.ARM.Collect$$libinit$$0000000F))

<P><STRONG><a name="[c455f8]"></a>__rt_lib_init_lc_monetary_1</STRONG> (Thumb, 0 bytes, Stack size unknown bytes, libinit2.o(.ARM.Collect$$libinit$$00000011))

<P><STRONG><a name="[c45580]"></a>__rt_lib_init_lc_numeric_1</STRONG> (Thumb, 0 bytes, Stack size unknown bytes, libinit2.o(.ARM.Collect$$libinit$$00000013))

<P><STRONG><a name="[c45508]"></a>__rt_lib_init_lc_time_1</STRONG> (Thumb, 0 bytes, Stack size unknown bytes, libinit2.o(.ARM.Collect$$libinit$$00000015))

<P><STRONG><a name="[c4579c]"></a>__rt_lib_init_rand_1</STRONG> (Thumb, 0 bytes, Stack size unknown bytes, libinit2.o(.ARM.Collect$$libinit$$0000000A))

<P><STRONG><a name="[c44f2c]"></a>__rt_lib_init_return</STRONG> (Thumb, 0 bytes, Stack size unknown bytes, libinit2.o(.ARM.Collect$$libinit$$0000002F))

<P><STRONG><a name="[c45418]"></a>__rt_lib_init_signal_1</STRONG> (Thumb, 0 bytes, Stack size unknown bytes, libinit2.o(.ARM.Collect$$libinit$$00000019))

<P><STRONG><a name="[c45238]"></a>__rt_lib_init_stdio_1</STRONG> (Thumb, 0 bytes, Stack size unknown bytes, libinit2.o(.ARM.Collect$$libinit$$00000021))

<P><STRONG><a name="[c40eb8]"></a>__rt_lib_shutdown</STRONG> (Thumb, 0 bytes, Stack size unknown bytes, libshutdown.o(.ARM.Collect$$libshutdown$$00000000))
<BR><BR>[Called By]<UL><LI><a href="#[c41818]">&gt;&gt;</a>&nbsp;&nbsp;&nbsp;__rt_exit_ls
</UL>

<P><STRONG><a name="[16fea54]"></a>__rt_lib_shutdown_fp_trap_1</STRONG> (Thumb, 0 bytes, Stack size unknown bytes, libshutdown2.o(.ARM.Collect$$libshutdown$$00000006))

<P><STRONG><a name="[16fe874]"></a>__rt_lib_shutdown_heap_1</STRONG> (Thumb, 0 bytes, Stack size unknown bytes, libshutdown2.o(.ARM.Collect$$libshutdown$$0000000E))

<P><STRONG><a name="[16fe838]"></a>__rt_lib_shutdown_return</STRONG> (Thumb, 0 bytes, Stack size unknown bytes, libshutdown2.o(.ARM.Collect$$libshutdown$$0000000F))

<P><STRONG><a name="[16fe9a0]"></a>__rt_lib_shutdown_signal_1</STRONG> (Thumb, 0 bytes, Stack size unknown bytes, libshutdown2.o(.ARM.Collect$$libshutdown$$00000009))

<P><STRONG><a name="[c400a8]"></a>__rt_lib_shutdown_stdio_1</STRONG> (Thumb, 0 bytes, Stack size unknown bytes, libshutdown2.o(.ARM.Collect$$libshutdown$$00000003))

<P><STRONG><a name="[16fe928]"></a>__rt_lib_shutdown_user_alloc_1</STRONG> (Thumb, 0 bytes, Stack size unknown bytes, libshutdown2.o(.ARM.Collect$$libshutdown$$0000000B))

<P><STRONG><a name="[c46624]"></a>__rt_entry</STRONG> (Thumb, 0 bytes, Stack size unknown bytes, rtentry.o(.ARM.Collect$$rtentry$$00000000))
<BR><BR>[Called By]<UL><LI><a href="#[c48460]">&gt;&gt;</a>&nbsp;&nbsp;&nbsp;__main
<LI><a href="#[16fdaa0]">&gt;&gt;</a>&nbsp;&nbsp;&nbsp;__scatterload_rt2
</UL>

<P><STRONG><a name="[c43e4c]"></a>__rt_entry_presh_1</STRONG> (Thumb, 0 bytes, Stack size unknown bytes, rtentry2.o(.ARM.Collect$$rtentry$$00000002))

<P><STRONG><a name="[c43ac8]"></a>__rt_entry_sh</STRONG> (Thumb, 0 bytes, Stack size unknown bytes, rtentry4.o(.ARM.Collect$$rtentry$$00000004))
<BR><BR>[Stack]<UL><LI>Max Depth = 8 + Unknown Stack Size
<LI>Call Chain = __rt_entry_sh &rArr; __user_setup_stackheap
</UL>
<BR>[Calls]<UL><LI><a href="#[c42fc4]">&gt;&gt;</a>&nbsp;&nbsp;&nbsp;__user_setup_stackheap
</UL>

<P><STRONG><a name="[c43d98]"></a>__rt_entry_li</STRONG> (Thumb, 0 bytes, Stack size unknown bytes, rtentry2.o(.ARM.Collect$$rtentry$$0000000A))
<BR><BR>[Calls]<UL><LI><a href="#[c42754]">&gt;&gt;</a>&nbsp;&nbsp;&nbsp;__rt_lib_init
</UL>

<P><STRONG><a name="[c43dd4]"></a>__rt_entry_postsh_1</STRONG> (Thumb, 0 bytes, Stack size unknown bytes, rtentry2.o(.ARM.Collect$$rtentry$$00000009))

<P><STRONG><a name="[c43ce4]"></a>__rt_entry_main</STRONG> (Thumb, 0 bytes, Stack size unknown bytes, rtentry2.o(.ARM.Collect$$rtentry$$0000000D))
<BR><BR>[Stack]<UL><LI>Max Depth = 232 + Unknown Stack Size
<LI>Call Chain = __rt_entry_main &rArr; main &rArr; touch_adjust &rArr; Touch_Key_Pro &rArr; Read_Ads7846 &rArr; read_once &rArr; SPI_Flash_ReadByte &rArr; SPI_Flash_SendByte
</UL>
<BR>[Calls]<UL><LI><a href="#[be654c]">&gt;&gt;</a>&nbsp;&nbsp;&nbsp;main
<LI><a href="#[c42e5c]">&gt;&gt;</a>&nbsp;&nbsp;&nbsp;exit
</UL>

<P><STRONG><a name="[c43d20]"></a>__rt_entry_postli_1</STRONG> (Thumb, 0 bytes, Stack size unknown bytes, rtentry2.o(.ARM.Collect$$rtentry$$0000000C))

<P><STRONG><a name="[c420c4]"></a>__rt_exit</STRONG> (Thumb, 0 bytes, Stack size unknown bytes, rtexit.o(.ARM.Collect$$rtexit$$00000000))
<BR><BR>[Called By]<UL><LI><a href="#[c42e5c]">&gt;&gt;</a>&nbsp;&nbsp;&nbsp;exit
</UL>

<P><STRONG><a name="[c41818]"></a>__rt_exit_ls</STRONG> (Thumb, 0 bytes, Stack size unknown bytes, rtexit2.o(.ARM.Collect$$rtexit$$00000003))
<BR><BR>[Calls]<UL><LI><a href="#[c40eb8]">&gt;&gt;</a>&nbsp;&nbsp;&nbsp;__rt_lib_shutdown
</UL>

<P><STRONG><a name="[c41854]"></a>__rt_exit_prels_1</STRONG> (Thumb, 0 bytes, Stack size unknown bytes, rtexit2.o(.ARM.Collect$$rtexit$$00000002))

<P><STRONG><a name="[c417dc]"></a>__rt_exit_exit</STRONG> (Thumb, 0 bytes, Stack size unknown bytes, rtexit2.o(.ARM.Collect$$rtexit$$00000004))
<BR><BR>[Calls]<UL><LI><a href="#[c412f0]">&gt;&gt;</a>&nbsp;&nbsp;&nbsp;_sys_exit
</UL>

<P><STRONG><a name="[be6678]"></a>NVIC_Configuration</STRONG> (Thumb, 178 bytes, Stack size 8 bytes, main.o(.text))
<BR><BR>[Stack]<UL><LI>Max Depth = 28<LI>Call Chain = NVIC_Configuration &rArr; NVIC_Init
</UL>
<BR>[Calls]<UL><LI><a href="#[be62f4]">&gt;&gt;</a>&nbsp;&nbsp;&nbsp;NVIC_PriorityGroupConfig
<LI><a href="#[be6330]">&gt;&gt;</a>&nbsp;&nbsp;&nbsp;NVIC_Init
<LI><a href="#[be63e4]">&gt;&gt;</a>&nbsp;&nbsp;&nbsp;GPIO_EXTILineConfig
<LI><a href="#[be6498]">&gt;&gt;</a>&nbsp;&nbsp;&nbsp;EXTI_Init
</UL>
<BR>[Called By]<UL><LI><a href="#[be654c]">&gt;&gt;</a>&nbsp;&nbsp;&nbsp;main
</UL>

<P><STRONG><a name="[be663c]"></a>FSMC_LCD_Init</STRONG> (Thumb, 92 bytes, Stack size 96 bytes, main.o(.text))
<BR><BR>[Stack]<UL><LI>Max Depth = 96<LI>Call Chain = FSMC_LCD_Init
</UL>
<BR>[Calls]<UL><LI><a href="#[be6420]">&gt;&gt;</a>&nbsp;&nbsp;&nbsp;FSMC_NORSRAMInit
<LI><a href="#[be645c]">&gt;&gt;</a>&nbsp;&nbsp;&nbsp;FSMC_NORSRAMCmd
</UL>
<BR>[Called By]<UL><LI><a href="#[be654c]">&gt;&gt;</a>&nbsp;&nbsp;&nbsp;main
</UL>

<P><STRONG><a name="[be6600]"></a>EXTI_Config</STRONG> (Thumb, 60 bytes, Stack size 16 bytes, main.o(.text))
<BR><BR>[Stack]<UL><LI>Max Depth = 28<LI>Call Chain = EXTI_Config &rArr; GPIO_EXTILineConfig
</UL>
<BR>[Calls]<UL><LI><a href="#[be63e4]">&gt;&gt;</a>&nbsp;&nbsp;&nbsp;GPIO_EXTILineConfig
<LI><a href="#[be6498]">&gt;&gt;</a>&nbsp;&nbsp;&nbsp;EXTI_Init
<LI><a href="#[be64d4]">&gt;&gt;</a>&nbsp;&nbsp;&nbsp;EXTI_ClearITPendingBit
</UL>
<BR>[Called By]<UL><LI><a href="#[be654c]">&gt;&gt;</a>&nbsp;&nbsp;&nbsp;main
</UL>

<P><STRONG><a name="[be65c4]"></a>GPIO_Config</STRONG> (Thumb, 92 bytes, Stack size 8 bytes, main.o(.text))
<BR><BR>[Stack]<UL><LI>Max Depth = 28<LI>Call Chain = GPIO_Config &rArr; GPIO_Init
</UL>
<BR>[Calls]<UL><LI><a href="#[be6240]">&gt;&gt;</a>&nbsp;&nbsp;&nbsp;RCC_APB2PeriphClockCmd
<LI><a href="#[be63a8]">&gt;&gt;</a>&nbsp;&nbsp;&nbsp;GPIO_Init
</UL>
<BR>[Called By]<UL><LI><a href="#[be654c]">&gt;&gt;</a>&nbsp;&nbsp;&nbsp;main
</UL>

<P><STRONG><a name="[be6588]"></a>SystemInit</STRONG> (Thumb, 68 bytes, Stack size 8 bytes, main.o(.text))
<BR><BR>[Stack]<UL><LI>Max Depth = 8<LI>Call Chain = SystemInit
</UL>
<BR>[Calls]<UL><LI><a href="#[be870c]">&gt;&gt;</a>&nbsp;&nbsp;&nbsp;SetSysClock
</UL>
<BR>[Called By]<UL><LI><a href="#[be654c]">&gt;&gt;</a>&nbsp;&nbsp;&nbsp;main
</UL>

<P><STRONG><a name="[be654c]"></a>main</STRONG> (Thumb, 74 bytes, Stack size 8 bytes, main.o(.text))
<BR><BR>[Stack]<UL><LI>Max Depth = 232<LI>Call Chain = main &rArr; touch_adjust &rArr; Touch_Key_Pro &rArr; Read_Ads7846 &rArr; read_once &rArr; SPI_Flash_ReadByte &rArr; SPI_Flash_SendByte
</UL>
<BR>[Calls]<UL><LI><a href="#[be5fe8]">&gt;&gt;</a>&nbsp;&nbsp;&nbsp;touch_adjust
<LI><a href="#[be6060]">&gt;&gt;</a>&nbsp;&nbsp;&nbsp;perform
<LI><a href="#[be609c]">&gt;&gt;</a>&nbsp;&nbsp;&nbsp;delay_init
<LI><a href="#[be6204]">&gt;&gt;</a>&nbsp;&nbsp;&nbsp;SPI_Flash_Init
<LI><a href="#[be6240]">&gt;&gt;</a>&nbsp;&nbsp;&nbsp;RCC_APB2PeriphClockCmd
<LI><a href="#[be62b8]">&gt;&gt;</a>&nbsp;&nbsp;&nbsp;RCC_AHBPeriphClockCmd
<LI><a href="#[be636c]">&gt;&gt;</a>&nbsp;&nbsp;&nbsp;LCD_Setup
<LI><a href="#[be6588]">&gt;&gt;</a>&nbsp;&nbsp;&nbsp;SystemInit
<LI><a href="#[be65c4]">&gt;&gt;</a>&nbsp;&nbsp;&nbsp;GPIO_Config
<LI><a href="#[be6600]">&gt;&gt;</a>&nbsp;&nbsp;&nbsp;EXTI_Config
<LI><a href="#[be663c]">&gt;&gt;</a>&nbsp;&nbsp;&nbsp;FSMC_LCD_Init
<LI><a href="#[be6678]">&gt;&gt;</a>&nbsp;&nbsp;&nbsp;NVIC_Configuration
<LI><a href="#[c4876c]">&gt;&gt;</a>&nbsp;&nbsp;&nbsp;srand
</UL>
<BR>[Called By]<UL><LI><a href="#[c43ce4]">&gt;&gt;</a>&nbsp;&nbsp;&nbsp;__rt_entry_main
</UL>

<P><STRONG><a name="[be6510]"></a>Timer_Config</STRONG> (Thumb, 74 bytes, Stack size 8 bytes, main.o(.text), UNUSED)
<BR><BR>[Calls]<UL><LI><a href="#[be60d8]">&gt;&gt;</a>&nbsp;&nbsp;&nbsp;TIM_TimeBaseInit
<LI><a href="#[be6114]">&gt;&gt;</a>&nbsp;&nbsp;&nbsp;TIM_ITConfig
<LI><a href="#[be6150]">&gt;&gt;</a>&nbsp;&nbsp;&nbsp;TIM_DeInit
<LI><a href="#[be618c]">&gt;&gt;</a>&nbsp;&nbsp;&nbsp;TIM_Cmd
<LI><a href="#[be61c8]">&gt;&gt;</a>&nbsp;&nbsp;&nbsp;TIM_ClearFlag
<LI><a href="#[be627c]">&gt;&gt;</a>&nbsp;&nbsp;&nbsp;RCC_APB1PeriphClockCmd
</UL>

<P><STRONG><a name="[be58e0]"></a>NMIException</STRONG> (Thumb, 2 bytes, Stack size 0 bytes, stm32f10x_it.o(.text))
<BR>[Address Reference Count : 1]<UL><LI> stm32f10x_vector.o(RESET)
</UL>
<P><STRONG><a name="[be58a4]"></a>HardFaultException</STRONG> (Thumb, 4 bytes, Stack size 0 bytes, stm32f10x_it.o(.text))
<BR>[Address Reference Count : 1]<UL><LI> stm32f10x_vector.o(RESET)
</UL>
<P><STRONG><a name="[be5868]"></a>MemManageException</STRONG> (Thumb, 4 bytes, Stack size 0 bytes, stm32f10x_it.o(.text))
<BR>[Address Reference Count : 1]<UL><LI> stm32f10x_vector.o(RESET)
</UL>
<P><STRONG><a name="[be582c]"></a>BusFaultException</STRONG> (Thumb, 4 bytes, Stack size 0 bytes, stm32f10x_it.o(.text))
<BR>[Address Reference Count : 1]<UL><LI> stm32f10x_vector.o(RESET)
</UL>
<P><STRONG><a name="[be57f0]"></a>UsageFaultException</STRONG> (Thumb, 4 bytes, Stack size 0 bytes, stm32f10x_it.o(.text))
<BR>[Address Reference Count : 1]<UL><LI> stm32f10x_vector.o(RESET)
</UL>
<P><STRONG><a name="[be57b4]"></a>DebugMonitor</STRONG> (Thumb, 2 bytes, Stack size 0 bytes, stm32f10x_it.o(.text))
<BR>[Address Reference Count : 1]<UL><LI> stm32f10x_vector.o(RESET)
</UL>
<P><STRONG><a name="[be5778]"></a>SVCHandler</STRONG> (Thumb, 2 bytes, Stack size 0 bytes, stm32f10x_it.o(.text))
<BR>[Address Reference Count : 1]<UL><LI> stm32f10x_vector.o(RESET)
</UL>
<P><STRONG><a name="[be573c]"></a>PendSVC</STRONG> (Thumb, 2 bytes, Stack size 0 bytes, stm32f10x_it.o(.text))
<BR>[Address Reference Count : 1]<UL><LI> stm32f10x_vector.o(RESET)
</UL>
<P><STRONG><a name="[be5700]"></a>SysTickHandler</STRONG> (Thumb, 2 bytes, Stack size 0 bytes, stm32f10x_it.o(.text))
<BR>[Address Reference Count : 1]<UL><LI> stm32f10x_vector.o(RESET)
</UL>
<P><STRONG><a name="[be56c4]"></a>WWDG_IRQHandler</STRONG> (Thumb, 2 bytes, Stack size 0 bytes, stm32f10x_it.o(.text))
<BR>[Address Reference Count : 1]<UL><LI> stm32f10x_vector.o(RESET)
</UL>
<P><STRONG><a name="[be5688]"></a>PVD_IRQHandler</STRONG> (Thumb, 2 bytes, Stack size 0 bytes, stm32f10x_it.o(.text))
<BR>[Address Reference Count : 1]<UL><LI> stm32f10x_vector.o(RESET)
</UL>
<P><STRONG><a name="[be564c]"></a>TAMPER_IRQHandler</STRONG> (Thumb, 2 bytes, Stack size 0 bytes, stm32f10x_it.o(.text))
<BR>[Address Reference Count : 1]<UL><LI> stm32f10x_vector.o(RESET)
</UL>
<P><STRONG><a name="[be5610]"></a>RTC_IRQHandler</STRONG> (Thumb, 2 bytes, Stack size 0 bytes, stm32f10x_it.o(.text))
<BR>[Address Reference Count : 1]<UL><LI> stm32f10x_vector.o(RESET)
</UL>
<P><STRONG><a name="[be55d4]"></a>FLASH_IRQHandler</STRONG> (Thumb, 2 bytes, Stack size 0 bytes, stm32f10x_it.o(.text))
<BR>[Address Reference Count : 1]<UL><LI> stm32f10x_vector.o(RESET)
</UL>
<P><STRONG><a name="[be5598]"></a>RCC_IRQHandler</STRONG> (Thumb, 2 bytes, Stack size 0 bytes, stm32f10x_it.o(.text))
<BR>[Address Reference Count : 1]<UL><LI> stm32f10x_vector.o(RESET)
</UL>
<P><STRONG><a name="[be555c]"></a>EXTI0_IRQHandler</STRONG> (Thumb, 2 bytes, Stack size 0 bytes, stm32f10x_it.o(.text))
<BR>[Address Reference Count : 1]<UL><LI> stm32f10x_vector.o(RESET)
</UL>
<P><STRONG><a name="[be5520]"></a>EXTI1_IRQHandler</STRONG> (Thumb, 2 bytes, Stack size 0 bytes, stm32f10x_it.o(.text))
<BR>[Address Reference Count : 1]<UL><LI> stm32f10x_vector.o(RESET)
</UL>
<P><STRONG><a name="[be54e4]"></a>EXTI2_IRQHandler</STRONG> (Thumb, 56 bytes, Stack size 8 bytes, stm32f10x_it.o(.text))
<BR><BR>[Stack]<UL><LI>Max Depth = 28<LI>Call Chain = EXTI2_IRQHandler &rArr; RandPicture &rArr; rand
</UL>
<BR>[Calls]<UL><LI><a href="#[be47c4]">&gt;&gt;</a>&nbsp;&nbsp;&nbsp;RandPicture
<LI><a href="#[be4878]">&gt;&gt;</a>&nbsp;&nbsp;&nbsp;EXTI_GetITStatus
<LI><a href="#[be48b4]">&gt;&gt;</a>&nbsp;&nbsp;&nbsp;Delay
<LI><a href="#[be64d4]">&gt;&gt;</a>&nbsp;&nbsp;&nbsp;EXTI_ClearITPendingBit
</UL>
<BR>[Address Reference Count : 1]<UL><LI> stm32f10x_vector.o(RESET)
</UL>
<P><STRONG><a name="[be54a8]"></a>EXTI3_IRQHandler</STRONG> (Thumb, 156 bytes, Stack size 8 bytes, stm32f10x_it.o(.text))
<BR><BR>[Stack]<UL><LI>Max Depth = 16<LI>Call Chain = EXTI3_IRQHandler &rArr; TIM_ITConfig
</UL>
<BR>[Calls]<UL><LI><a href="#[be4878]">&gt;&gt;</a>&nbsp;&nbsp;&nbsp;EXTI_GetITStatus
<LI><a href="#[be48b4]">&gt;&gt;</a>&nbsp;&nbsp;&nbsp;Delay
<LI><a href="#[be60d8]">&gt;&gt;</a>&nbsp;&nbsp;&nbsp;TIM_TimeBaseInit
<LI><a href="#[be6114]">&gt;&gt;</a>&nbsp;&nbsp;&nbsp;TIM_ITConfig
<LI><a href="#[be6150]">&gt;&gt;</a>&nbsp;&nbsp;&nbsp;TIM_DeInit
<LI><a href="#[be618c]">&gt;&gt;</a>&nbsp;&nbsp;&nbsp;TIM_Cmd
<LI><a href="#[be61c8]">&gt;&gt;</a>&nbsp;&nbsp;&nbsp;TIM_ClearFlag
<LI><a href="#[be627c]">&gt;&gt;</a>&nbsp;&nbsp;&nbsp;RCC_APB1PeriphClockCmd
<LI><a href="#[be64d4]">&gt;&gt;</a>&nbsp;&nbsp;&nbsp;EXTI_ClearITPendingBit
</UL>
<BR>[Address Reference Count : 1]<UL><LI> stm32f10x_vector.o(RESET)
</UL>
<P><STRONG><a name="[be546c]"></a>EXTI4_IRQHandler</STRONG> (Thumb, 2 bytes, Stack size 0 bytes, stm32f10x_it.o(.text))
<BR>[Address Reference Count : 1]<UL><LI> stm32f10x_vector.o(RESET)
</UL>
<P><STRONG><a name="[be5430]"></a>DMA1_Channel1_IRQHandler</STRONG> (Thumb, 2 bytes, Stack size 0 bytes, stm32f10x_it.o(.text))
<BR>[Address Reference Count : 1]<UL><LI> stm32f10x_vector.o(RESET)
</UL>
<P><STRONG><a name="[be53f4]"></a>DMA1_Channel2_IRQHandler</STRONG> (Thumb, 2 bytes, Stack size 0 bytes, stm32f10x_it.o(.text))
<BR>[Address Reference Count : 1]<UL><LI> stm32f10x_vector.o(RESET)
</UL>
<P><STRONG><a name="[be53b8]"></a>DMA1_Channel3_IRQHandler</STRONG> (Thumb, 2 bytes, Stack size 0 bytes, stm32f10x_it.o(.text))
<BR>[Address Reference Count : 1]<UL><LI> stm32f10x_vector.o(RESET)
</UL>
<P><STRONG><a name="[be537c]"></a>DMA1_Channel4_IRQHandler</STRONG> (Thumb, 2 bytes, Stack size 0 bytes, stm32f10x_it.o(.text))
<BR>[Address Reference Count : 1]<UL><LI> stm32f10x_vector.o(RESET)
</UL>
<P><STRONG><a name="[be5340]"></a>DMA1_Channel5_IRQHandler</STRONG> (Thumb, 2 bytes, Stack size 0 bytes, stm32f10x_it.o(.text))
<BR>[Address Reference Count : 1]<UL><LI> stm32f10x_vector.o(RESET)
</UL>
<P><STRONG><a name="[be5304]"></a>DMA1_Channel6_IRQHandler</STRONG> (Thumb, 2 bytes, Stack size 0 bytes, stm32f10x_it.o(.text))
<BR>[Address Reference Count : 1]<UL><LI> stm32f10x_vector.o(RESET)
</UL>
<P><STRONG><a name="[be52c8]"></a>DMA1_Channel7_IRQHandler</STRONG> (Thumb, 2 bytes, Stack size 0 bytes, stm32f10x_it.o(.text))
<BR>[Address Reference Count : 1]<UL><LI> stm32f10x_vector.o(RESET)
</UL>
<P><STRONG><a name="[be528c]"></a>ADC1_2_IRQHandler</STRONG> (Thumb, 2 bytes, Stack size 0 bytes, stm32f10x_it.o(.text))
<BR>[Address Reference Count : 1]<UL><LI> stm32f10x_vector.o(RESET)
</UL>
<P><STRONG><a name="[be5250]"></a>USB_HP_CAN_TX_IRQHandler</STRONG> (Thumb, 2 bytes, Stack size 0 bytes, stm32f10x_it.o(.text))
<BR>[Address Reference Count : 1]<UL><LI> stm32f10x_vector.o(RESET)
</UL>
<P><STRONG><a name="[be5214]"></a>USB_LP_CAN_RX0_IRQHandler</STRONG> (Thumb, 2 bytes, Stack size 0 bytes, stm32f10x_it.o(.text))
<BR>[Address Reference Count : 1]<UL><LI> stm32f10x_vector.o(RESET)
</UL>
<P><STRONG><a name="[be51d8]"></a>CAN_RX1_IRQHandler</STRONG> (Thumb, 2 bytes, Stack size 0 bytes, stm32f10x_it.o(.text))
<BR>[Address Reference Count : 1]<UL><LI> stm32f10x_vector.o(RESET)
</UL>
<P><STRONG><a name="[be519c]"></a>CAN_SCE_IRQHandler</STRONG> (Thumb, 2 bytes, Stack size 0 bytes, stm32f10x_it.o(.text))
<BR>[Address Reference Count : 1]<UL><LI> stm32f10x_vector.o(RESET)
</UL>
<P><STRONG><a name="[be5160]"></a>EXTI9_5_IRQHandler</STRONG> (Thumb, 42 bytes, Stack size 8 bytes, stm32f10x_it.o(.text))
<BR><BR>[Stack]<UL><LI>Max Depth = 8<LI>Call Chain = EXTI9_5_IRQHandler
</UL>
<BR>[Calls]<UL><LI><a href="#[be483c]">&gt;&gt;</a>&nbsp;&nbsp;&nbsp;GPIO_ResetBits
<LI><a href="#[be4878]">&gt;&gt;</a>&nbsp;&nbsp;&nbsp;EXTI_GetITStatus
<LI><a href="#[be64d4]">&gt;&gt;</a>&nbsp;&nbsp;&nbsp;EXTI_ClearITPendingBit
</UL>
<BR>[Address Reference Count : 1]<UL><LI> stm32f10x_vector.o(RESET)
</UL>
<P><STRONG><a name="[be5124]"></a>TIM1_BRK_IRQHandler</STRONG> (Thumb, 2 bytes, Stack size 0 bytes, stm32f10x_it.o(.text))
<BR>[Address Reference Count : 1]<UL><LI> stm32f10x_vector.o(RESET)
</UL>
<P><STRONG><a name="[be50e8]"></a>TIM1_UP_IRQHandler</STRONG> (Thumb, 2 bytes, Stack size 0 bytes, stm32f10x_it.o(.text))
<BR>[Address Reference Count : 1]<UL><LI> stm32f10x_vector.o(RESET)
</UL>
<P><STRONG><a name="[be50ac]"></a>TIM1_TRG_COM_IRQHandler</STRONG> (Thumb, 2 bytes, Stack size 0 bytes, stm32f10x_it.o(.text))
<BR>[Address Reference Count : 1]<UL><LI> stm32f10x_vector.o(RESET)
</UL>
<P><STRONG><a name="[be5070]"></a>TIM1_CC_IRQHandler</STRONG> (Thumb, 2 bytes, Stack size 0 bytes, stm32f10x_it.o(.text))
<BR>[Address Reference Count : 1]<UL><LI> stm32f10x_vector.o(RESET)
</UL>
<P><STRONG><a name="[be5034]"></a>TIM2_IRQHandler</STRONG> (Thumb, 32 bytes, Stack size 8 bytes, stm32f10x_it.o(.text))
<BR><BR>[Stack]<UL><LI>Max Depth = 28<LI>Call Chain = TIM2_IRQHandler &rArr; RandPicture &rArr; rand
</UL>
<BR>[Calls]<UL><LI><a href="#[be474c]">&gt;&gt;</a>&nbsp;&nbsp;&nbsp;TIM_GetITStatus
<LI><a href="#[be4788]">&gt;&gt;</a>&nbsp;&nbsp;&nbsp;TIM_ClearITPendingBit
<LI><a href="#[be47c4]">&gt;&gt;</a>&nbsp;&nbsp;&nbsp;RandPicture
</UL>
<BR>[Address Reference Count : 1]<UL><LI> stm32f10x_vector.o(RESET)
</UL>
<P><STRONG><a name="[be4ff8]"></a>TIM3_IRQHandler</STRONG> (Thumb, 2 bytes, Stack size 0 bytes, stm32f10x_it.o(.text))
<BR>[Address Reference Count : 1]<UL><LI> stm32f10x_vector.o(RESET)
</UL>
<P><STRONG><a name="[be4fbc]"></a>TIM4_IRQHandler</STRONG> (Thumb, 2 bytes, Stack size 0 bytes, stm32f10x_it.o(.text))
<BR>[Address Reference Count : 1]<UL><LI> stm32f10x_vector.o(RESET)
</UL>
<P><STRONG><a name="[be4f80]"></a>I2C1_EV_IRQHandler</STRONG> (Thumb, 2 bytes, Stack size 0 bytes, stm32f10x_it.o(.text))
<BR>[Address Reference Count : 1]<UL><LI> stm32f10x_vector.o(RESET)
</UL>
<P><STRONG><a name="[be4f44]"></a>I2C1_ER_IRQHandler</STRONG> (Thumb, 2 bytes, Stack size 0 bytes, stm32f10x_it.o(.text))
<BR>[Address Reference Count : 1]<UL><LI> stm32f10x_vector.o(RESET)
</UL>
<P><STRONG><a name="[be4f08]"></a>I2C2_EV_IRQHandler</STRONG> (Thumb, 2 bytes, Stack size 0 bytes, stm32f10x_it.o(.text))
<BR>[Address Reference Count : 1]<UL><LI> stm32f10x_vector.o(RESET)
</UL>
<P><STRONG><a name="[be4ecc]"></a>I2C2_ER_IRQHandler</STRONG> (Thumb, 2 bytes, Stack size 0 bytes, stm32f10x_it.o(.text))
<BR>[Address Reference Count : 1]<UL><LI> stm32f10x_vector.o(RESET)
</UL>
<P><STRONG><a name="[be4e90]"></a>SPI1_IRQHandler</STRONG> (Thumb, 2 bytes, Stack size 0 bytes, stm32f10x_it.o(.text))
<BR>[Address Reference Count : 1]<UL><LI> stm32f10x_vector.o(RESET)
</UL>
<P><STRONG><a name="[be4e54]"></a>SPI2_IRQHandler</STRONG> (Thumb, 2 bytes, Stack size 0 bytes, stm32f10x_it.o(.text))
<BR>[Address Reference Count : 1]<UL><LI> stm32f10x_vector.o(RESET)
</UL>
<P><STRONG><a name="[be4e18]"></a>USART1_IRQHandler</STRONG> (Thumb, 2 bytes, Stack size 0 bytes, stm32f10x_it.o(.text))
<BR>[Address Reference Count : 1]<UL><LI> stm32f10x_vector.o(RESET)
</UL>
<P><STRONG><a name="[be4ddc]"></a>USART2_IRQHandler</STRONG> (Thumb, 2 bytes, Stack size 0 bytes, stm32f10x_it.o(.text))
<BR>[Address Reference Count : 1]<UL><LI> stm32f10x_vector.o(RESET)
</UL>
<P><STRONG><a name="[be4da0]"></a>USART3_IRQHandler</STRONG> (Thumb, 2 bytes, Stack size 0 bytes, stm32f10x_it.o(.text))
<BR>[Address Reference Count : 1]<UL><LI> stm32f10x_vector.o(RESET)
</UL>
<P><STRONG><a name="[be4d64]"></a>EXTI15_10_IRQHandler</STRONG> (Thumb, 2 bytes, Stack size 0 bytes, stm32f10x_it.o(.text))
<BR>[Address Reference Count : 1]<UL><LI> stm32f10x_vector.o(RESET)
</UL>
<P><STRONG><a name="[be4d28]"></a>RTCAlarm_IRQHandler</STRONG> (Thumb, 2 bytes, Stack size 0 bytes, stm32f10x_it.o(.text))
<BR>[Address Reference Count : 1]<UL><LI> stm32f10x_vector.o(RESET)
</UL>
<P><STRONG><a name="[be4cec]"></a>USBWakeUp_IRQHandler</STRONG> (Thumb, 2 bytes, Stack size 0 bytes, stm32f10x_it.o(.text))
<BR>[Address Reference Count : 1]<UL><LI> stm32f10x_vector.o(RESET)
</UL>
<P><STRONG><a name="[be4cb0]"></a>TIM8_BRK_IRQHandler</STRONG> (Thumb, 2 bytes, Stack size 0 bytes, stm32f10x_it.o(.text))
<BR>[Address Reference Count : 1]<UL><LI> stm32f10x_vector.o(RESET)
</UL>
<P><STRONG><a name="[be4c74]"></a>TIM8_UP_IRQHandler</STRONG> (Thumb, 2 bytes, Stack size 0 bytes, stm32f10x_it.o(.text))
<BR>[Address Reference Count : 1]<UL><LI> stm32f10x_vector.o(RESET)
</UL>
<P><STRONG><a name="[be4c38]"></a>TIM8_TRG_COM_IRQHandler</STRONG> (Thumb, 2 bytes, Stack size 0 bytes, stm32f10x_it.o(.text))
<BR>[Address Reference Count : 1]<UL><LI> stm32f10x_vector.o(RESET)
</UL>
<P><STRONG><a name="[be4bfc]"></a>TIM8_CC_IRQHandler</STRONG> (Thumb, 2 bytes, Stack size 0 bytes, stm32f10x_it.o(.text))
<BR>[Address Reference Count : 1]<UL><LI> stm32f10x_vector.o(RESET)
</UL>
<P><STRONG><a name="[be4bc0]"></a>ADC3_IRQHandler</STRONG> (Thumb, 2 bytes, Stack size 0 bytes, stm32f10x_it.o(.text))
<BR>[Address Reference Count : 1]<UL><LI> stm32f10x_vector.o(RESET)
</UL>
<P><STRONG><a name="[be4b84]"></a>FSMC_IRQHandler</STRONG> (Thumb, 2 bytes, Stack size 0 bytes, stm32f10x_it.o(.text))
<BR>[Address Reference Count : 1]<UL><LI> stm32f10x_vector.o(RESET)
</UL>
<P><STRONG><a name="[be4b48]"></a>SDIO_IRQHandler</STRONG> (Thumb, 2 bytes, Stack size 0 bytes, stm32f10x_it.o(.text))
<BR>[Address Reference Count : 1]<UL><LI> stm32f10x_vector.o(RESET)
</UL>
<P><STRONG><a name="[be4b0c]"></a>TIM5_IRQHandler</STRONG> (Thumb, 2 bytes, Stack size 0 bytes, stm32f10x_it.o(.text))
<BR>[Address Reference Count : 1]<UL><LI> stm32f10x_vector.o(RESET)
</UL>
<P><STRONG><a name="[be4ad0]"></a>SPI3_IRQHandler</STRONG> (Thumb, 2 bytes, Stack size 0 bytes, stm32f10x_it.o(.text))
<BR>[Address Reference Count : 1]<UL><LI> stm32f10x_vector.o(RESET)
</UL>
<P><STRONG><a name="[be4a94]"></a>UART4_IRQHandler</STRONG> (Thumb, 2 bytes, Stack size 0 bytes, stm32f10x_it.o(.text))
<BR>[Address Reference Count : 1]<UL><LI> stm32f10x_vector.o(RESET)
</UL>
<P><STRONG><a name="[be4a58]"></a>UART5_IRQHandler</STRONG> (Thumb, 2 bytes, Stack size 0 bytes, stm32f10x_it.o(.text))
<BR>[Address Reference Count : 1]<UL><LI> stm32f10x_vector.o(RESET)
</UL>
<P><STRONG><a name="[be4a1c]"></a>TIM6_IRQHandler</STRONG> (Thumb, 2 bytes, Stack size 0 bytes, stm32f10x_it.o(.text))
<BR>[Address Reference Count : 1]<UL><LI> stm32f10x_vector.o(RESET)
</UL>
<P><STRONG><a name="[be49e0]"></a>TIM7_IRQHandler</STRONG> (Thumb, 2 bytes, Stack size 0 bytes, stm32f10x_it.o(.text))
<BR>[Address Reference Count : 1]<UL><LI> stm32f10x_vector.o(RESET)
</UL>
<P><STRONG><a name="[be49a4]"></a>DMA2_Channel1_IRQHandler</STRONG> (Thumb, 2 bytes, Stack size 0 bytes, stm32f10x_it.o(.text))
<BR>[Address Reference Count : 1]<UL><LI> stm32f10x_vector.o(RESET)
</UL>
<P><STRONG><a name="[be4968]"></a>DMA2_Channel2_IRQHandler</STRONG> (Thumb, 2 bytes, Stack size 0 bytes, stm32f10x_it.o(.text))
<BR>[Address Reference Count : 1]<UL><LI> stm32f10x_vector.o(RESET)
</UL>
<P><STRONG><a name="[be492c]"></a>DMA2_Channel3_IRQHandler</STRONG> (Thumb, 2 bytes, Stack size 0 bytes, stm32f10x_it.o(.text))
<BR>[Address Reference Count : 1]<UL><LI> stm32f10x_vector.o(RESET)
</UL>
<P><STRONG><a name="[be48f0]"></a>DMA2_Channel4_5_IRQHandler</STRONG> (Thumb, 2 bytes, Stack size 0 bytes, stm32f10x_it.o(.text))
<BR>[Address Reference Count : 1]<UL><LI> stm32f10x_vector.o(RESET)
</UL>
<P><STRONG><a name="[be3edc]"></a>LCD_WriteRAM</STRONG> (Thumb, 6 bytes, Stack size 0 bytes, lcd.o(.text))
<BR><BR>[Called By]<UL><LI><a href="#[be000c]">&gt;&gt;</a>&nbsp;&nbsp;&nbsp;Show_home_picture
<LI><a href="#[be0a5c]">&gt;&gt;</a>&nbsp;&nbsp;&nbsp;WindowBlinds
<LI><a href="#[be1524]">&gt;&gt;</a>&nbsp;&nbsp;&nbsp;DisplayDownUp
<LI><a href="#[be186c]">&gt;&gt;</a>&nbsp;&nbsp;&nbsp;ShowSpecialEffect
<LI><a href="#[be357c]">&gt;&gt;</a>&nbsp;&nbsp;&nbsp;ShowPicture1
<LI><a href="#[be35b8]">&gt;&gt;</a>&nbsp;&nbsp;&nbsp;ShowPicture
<LI><a href="#[be39f0]">&gt;&gt;</a>&nbsp;&nbsp;&nbsp;LCD_DrawMonoPict
<LI><a href="#[be3a68]">&gt;&gt;</a>&nbsp;&nbsp;&nbsp;LCD_DrawRectFill
<LI><a href="#[be3ae0]">&gt;&gt;</a>&nbsp;&nbsp;&nbsp;LCD_DrawLine
<LI><a href="#[be3b1c]">&gt;&gt;</a>&nbsp;&nbsp;&nbsp;LCD_WriteRAMWord
<LI><a href="#[be3c0c]">&gt;&gt;</a>&nbsp;&nbsp;&nbsp;LCD_Clear
<LI><a href="#[be3cfc]">&gt;&gt;</a>&nbsp;&nbsp;&nbsp;LCD_DrawChar
</UL>

<P><STRONG><a name="[be3ea0]"></a>LCD_WriteIndex</STRONG> (Thumb, 8 bytes, Stack size 0 bytes, lcd.o(.text))
<BR><BR>[Called By]<UL><LI><a href="#[be3e28]">&gt;&gt;</a>&nbsp;&nbsp;&nbsp;LCD_WriteRAM_Prepare
</UL>

<P><STRONG><a name="[be3e64]"></a>LCD_WriteReg</STRONG> (Thumb, 12 bytes, Stack size 0 bytes, lcd.o(.text))
<BR><BR>[Called By]<UL><LI><a href="#[be3900]">&gt;&gt;</a>&nbsp;&nbsp;&nbsp;address_set
<LI><a href="#[be3b94]">&gt;&gt;</a>&nbsp;&nbsp;&nbsp;LCD_SetDisplayWindow
<LI><a href="#[be3d38]">&gt;&gt;</a>&nbsp;&nbsp;&nbsp;LCD_SetCursor
<LI><a href="#[be636c]">&gt;&gt;</a>&nbsp;&nbsp;&nbsp;LCD_Setup
</UL>

<P><STRONG><a name="[be3e28]"></a>LCD_WriteRAM_Prepare</STRONG> (Thumb, 10 bytes, Stack size 4 bytes, lcd.o(.text))
<BR><BR>[Stack]<UL><LI>Max Depth = 4<LI>Call Chain = LCD_WriteRAM_Prepare
</UL>
<BR>[Calls]<UL><LI><a href="#[be3ea0]">&gt;&gt;</a>&nbsp;&nbsp;&nbsp;LCD_WriteIndex
</UL>
<BR>[Called By]<UL><LI><a href="#[be3900]">&gt;&gt;</a>&nbsp;&nbsp;&nbsp;address_set
<LI><a href="#[be39f0]">&gt;&gt;</a>&nbsp;&nbsp;&nbsp;LCD_DrawMonoPict
<LI><a href="#[be3a68]">&gt;&gt;</a>&nbsp;&nbsp;&nbsp;LCD_DrawRectFill
<LI><a href="#[be3ae0]">&gt;&gt;</a>&nbsp;&nbsp;&nbsp;LCD_DrawLine
<LI><a href="#[be3b1c]">&gt;&gt;</a>&nbsp;&nbsp;&nbsp;LCD_WriteRAMWord
<LI><a href="#[be3c0c]">&gt;&gt;</a>&nbsp;&nbsp;&nbsp;LCD_Clear
<LI><a href="#[be3cfc]">&gt;&gt;</a>&nbsp;&nbsp;&nbsp;LCD_DrawChar
</UL>

<P><STRONG><a name="[be3dec]"></a>LCD_CtrlLinesConfig</STRONG> (Thumb, 212 bytes, Stack size 8 bytes, lcd.o(.text))
<BR><BR>[Stack]<UL><LI>Max Depth = 28<LI>Call Chain = LCD_CtrlLinesConfig &rArr; GPIO_Init
</UL>
<BR>[Calls]<UL><LI><a href="#[be3630]">&gt;&gt;</a>&nbsp;&nbsp;&nbsp;GPIO_SetBits
<LI><a href="#[be6240]">&gt;&gt;</a>&nbsp;&nbsp;&nbsp;RCC_APB2PeriphClockCmd
<LI><a href="#[be63a8]">&gt;&gt;</a>&nbsp;&nbsp;&nbsp;GPIO_Init
</UL>
<BR>[Called By]<UL><LI><a href="#[be636c]">&gt;&gt;</a>&nbsp;&nbsp;&nbsp;LCD_Setup
</UL>

<P><STRONG><a name="[be636c]"></a>LCD_Setup</STRONG> (Thumb, 546 bytes, Stack size 8 bytes, lcd.o(.text))
<BR><BR>[Stack]<UL><LI>Max Depth = 36<LI>Call Chain = LCD_Setup &rArr; LCD_CtrlLinesConfig &rArr; GPIO_Init
</UL>
<BR>[Calls]<UL><LI><a href="#[be3630]">&gt;&gt;</a>&nbsp;&nbsp;&nbsp;GPIO_SetBits
<LI><a href="#[be3dec]">&gt;&gt;</a>&nbsp;&nbsp;&nbsp;LCD_CtrlLinesConfig
<LI><a href="#[be3e64]">&gt;&gt;</a>&nbsp;&nbsp;&nbsp;LCD_WriteReg
<LI><a href="#[be42d8]">&gt;&gt;</a>&nbsp;&nbsp;&nbsp;Delay
<LI><a href="#[be483c]">&gt;&gt;</a>&nbsp;&nbsp;&nbsp;GPIO_ResetBits
</UL>
<BR>[Called By]<UL><LI><a href="#[be654c]">&gt;&gt;</a>&nbsp;&nbsp;&nbsp;main
</UL>

<P><STRONG><a name="[be3db0]"></a>LCD_SetTextColor</STRONG> (Thumb, 6 bytes, Stack size 0 bytes, lcd.o(.text), UNUSED)

<P><STRONG><a name="[be3d74]"></a>LCD_SetBackColor</STRONG> (Thumb, 8 bytes, Stack size 0 bytes, lcd.o(.text), UNUSED)

<P><STRONG><a name="[be3d38]"></a>LCD_SetCursor</STRONG> (Thumb, 24 bytes, Stack size 12 bytes, lcd.o(.text))
<BR><BR>[Stack]<UL><LI>Max Depth = 12<LI>Call Chain = LCD_SetCursor
</UL>
<BR>[Calls]<UL><LI><a href="#[be3e64]">&gt;&gt;</a>&nbsp;&nbsp;&nbsp;LCD_WriteReg
</UL>
<BR>[Called By]<UL><LI><a href="#[be3a2c]">&gt;&gt;</a>&nbsp;&nbsp;&nbsp;LCD_DrawCircle
<LI><a href="#[be3ae0]">&gt;&gt;</a>&nbsp;&nbsp;&nbsp;LCD_DrawLine
<LI><a href="#[be3b94]">&gt;&gt;</a>&nbsp;&nbsp;&nbsp;LCD_SetDisplayWindow
<LI><a href="#[be3bd0]">&gt;&gt;</a>&nbsp;&nbsp;&nbsp;LCD_DisplayString
<LI><a href="#[be3c0c]">&gt;&gt;</a>&nbsp;&nbsp;&nbsp;LCD_Clear
<LI><a href="#[be3cfc]">&gt;&gt;</a>&nbsp;&nbsp;&nbsp;LCD_DrawChar
</UL>

<P><STRONG><a name="[be3cfc]"></a>LCD_DrawChar</STRONG> (Thumb, 120 bytes, Stack size 28 bytes, lcd.o(.text))
<BR><BR>[Stack]<UL><LI>Max Depth = 40<LI>Call Chain = LCD_DrawChar &rArr; LCD_SetCursor
</UL>
<BR>[Calls]<UL><LI><a href="#[be3d38]">&gt;&gt;</a>&nbsp;&nbsp;&nbsp;LCD_SetCursor
<LI><a href="#[be3e28]">&gt;&gt;</a>&nbsp;&nbsp;&nbsp;LCD_WriteRAM_Prepare
<LI><a href="#[be3edc]">&gt;&gt;</a>&nbsp;&nbsp;&nbsp;LCD_WriteRAM
</UL>
<BR>[Called By]<UL><LI><a href="#[be3cc0]">&gt;&gt;</a>&nbsp;&nbsp;&nbsp;LCD_DisplayChar
</UL>

<P><STRONG><a name="[be3cc0]"></a>LCD_DisplayChar</STRONG> (Thumb, 70 bytes, Stack size 16 bytes, lcd.o(.text))
<BR><BR>[Stack]<UL><LI>Max Depth = 56<LI>Call Chain = LCD_DisplayChar &rArr; LCD_DrawChar &rArr; LCD_SetCursor
</UL>
<BR>[Calls]<UL><LI><a href="#[be3cfc]">&gt;&gt;</a>&nbsp;&nbsp;&nbsp;LCD_DrawChar
</UL>
<BR>[Called By]<UL><LI><a href="#[be3bd0]">&gt;&gt;</a>&nbsp;&nbsp;&nbsp;LCD_DisplayString
<LI><a href="#[be3c84]">&gt;&gt;</a>&nbsp;&nbsp;&nbsp;LCD_DisplayStringLine
</UL>

<P><STRONG><a name="[be3c84]"></a>LCD_DisplayStringLine</STRONG> (Thumb, 58 bytes, Stack size 20 bytes, lcd.o(.text))
<BR><BR>[Stack]<UL><LI>Max Depth = 76<LI>Call Chain = LCD_DisplayStringLine &rArr; LCD_DisplayChar &rArr; LCD_DrawChar &rArr; LCD_SetCursor
</UL>
<BR>[Calls]<UL><LI><a href="#[be3cc0]">&gt;&gt;</a>&nbsp;&nbsp;&nbsp;LCD_DisplayChar
</UL>
<BR>[Called By]<UL><LI><a href="#[be3bd0]">&gt;&gt;</a>&nbsp;&nbsp;&nbsp;LCD_DisplayString
<LI><a href="#[be3c48]">&gt;&gt;</a>&nbsp;&nbsp;&nbsp;LCD_ClearLine
<LI><a href="#[be5fe8]">&gt;&gt;</a>&nbsp;&nbsp;&nbsp;touch_adjust
</UL>

<P><STRONG><a name="[be3c48]"></a>LCD_ClearLine</STRONG> (Thumb, 14 bytes, Stack size 8 bytes, lcd.o(.text), UNUSED)
<BR><BR>[Calls]<UL><LI><a href="#[be3c84]">&gt;&gt;</a>&nbsp;&nbsp;&nbsp;LCD_DisplayStringLine
</UL>
<BR>[Called By]<UL><LI><a href="#[be3bd0]">&gt;&gt;</a>&nbsp;&nbsp;&nbsp;LCD_DisplayString
</UL>

<P><STRONG><a name="[be3c0c]"></a>LCD_Clear</STRONG> (Thumb, 46 bytes, Stack size 12 bytes, lcd.o(.text))
<BR><BR>[Stack]<UL><LI>Max Depth = 24<LI>Call Chain = LCD_Clear &rArr; LCD_SetCursor
</UL>
<BR>[Calls]<UL><LI><a href="#[be3d38]">&gt;&gt;</a>&nbsp;&nbsp;&nbsp;LCD_SetCursor
<LI><a href="#[be3e28]">&gt;&gt;</a>&nbsp;&nbsp;&nbsp;LCD_WriteRAM_Prepare
<LI><a href="#[be3edc]">&gt;&gt;</a>&nbsp;&nbsp;&nbsp;LCD_WriteRAM
</UL>
<BR>[Called By]<UL><LI><a href="#[be0a5c]">&gt;&gt;</a>&nbsp;&nbsp;&nbsp;WindowBlinds
<LI><a href="#[be186c]">&gt;&gt;</a>&nbsp;&nbsp;&nbsp;ShowSpecialEffect
<LI><a href="#[be366c]">&gt;&gt;</a>&nbsp;&nbsp;&nbsp;test
<LI><a href="#[be5fe8]">&gt;&gt;</a>&nbsp;&nbsp;&nbsp;touch_adjust
</UL>

<P><STRONG><a name="[be3bd0]"></a>LCD_DisplayString</STRONG> (Thumb, 188 bytes, Stack size 40 bytes, lcd.o(.text), UNUSED)
<BR><BR>[Calls]<UL><LI><a href="#[be3c48]">&gt;&gt;</a>&nbsp;&nbsp;&nbsp;LCD_ClearLine
<LI><a href="#[be3c84]">&gt;&gt;</a>&nbsp;&nbsp;&nbsp;LCD_DisplayStringLine
<LI><a href="#[be3cc0]">&gt;&gt;</a>&nbsp;&nbsp;&nbsp;LCD_DisplayChar
<LI><a href="#[be3d38]">&gt;&gt;</a>&nbsp;&nbsp;&nbsp;LCD_SetCursor
<LI><a href="#[be429c]">&gt;&gt;</a>&nbsp;&nbsp;&nbsp;StrLength
</UL>

<P><STRONG><a name="[be3b94]"></a>LCD_SetDisplayWindow</STRONG> (Thumb, 56 bytes, Stack size 20 bytes, lcd.o(.text), UNUSED)
<BR><BR>[Calls]<UL><LI><a href="#[be3d38]">&gt;&gt;</a>&nbsp;&nbsp;&nbsp;LCD_SetCursor
<LI><a href="#[be3e64]">&gt;&gt;</a>&nbsp;&nbsp;&nbsp;LCD_WriteReg
</UL>
<BR>[Called By]<UL><LI><a href="#[be3a68]">&gt;&gt;</a>&nbsp;&nbsp;&nbsp;LCD_DrawRectFill
<LI><a href="#[be3b58]">&gt;&gt;</a>&nbsp;&nbsp;&nbsp;LCD_WindowModeDisable
</UL>

<P><STRONG><a name="[be3b58]"></a>LCD_WindowModeDisable</STRONG> (Thumb, 18 bytes, Stack size 4 bytes, lcd.o(.text), UNUSED)
<BR><BR>[Calls]<UL><LI><a href="#[be3b94]">&gt;&gt;</a>&nbsp;&nbsp;&nbsp;LCD_SetDisplayWindow
</UL>
<BR>[Called By]<UL><LI><a href="#[be3a68]">&gt;&gt;</a>&nbsp;&nbsp;&nbsp;LCD_DrawRectFill
</UL>

<P><STRONG><a name="[be3b1c]"></a>LCD_WriteRAMWord</STRONG> (Thumb, 22 bytes, Stack size 4 bytes, lcd.o(.text), UNUSED)
<BR><BR>[Calls]<UL><LI><a href="#[be3e28]">&gt;&gt;</a>&nbsp;&nbsp;&nbsp;LCD_WriteRAM_Prepare
<LI><a href="#[be3edc]">&gt;&gt;</a>&nbsp;&nbsp;&nbsp;LCD_WriteRAM
</UL>
<BR>[Called By]<UL><LI><a href="#[be3a2c]">&gt;&gt;</a>&nbsp;&nbsp;&nbsp;LCD_DrawCircle
<LI><a href="#[be3ae0]">&gt;&gt;</a>&nbsp;&nbsp;&nbsp;LCD_DrawLine
</UL>

<P><STRONG><a name="[be3ae0]"></a>LCD_DrawLine</STRONG> (Thumb, 92 bytes, Stack size 24 bytes, lcd.o(.text), UNUSED)
<BR><BR>[Calls]<UL><LI><a href="#[be3b1c]">&gt;&gt;</a>&nbsp;&nbsp;&nbsp;LCD_WriteRAMWord
<LI><a href="#[be3d38]">&gt;&gt;</a>&nbsp;&nbsp;&nbsp;LCD_SetCursor
<LI><a href="#[be3e28]">&gt;&gt;</a>&nbsp;&nbsp;&nbsp;LCD_WriteRAM_Prepare
<LI><a href="#[be3edc]">&gt;&gt;</a>&nbsp;&nbsp;&nbsp;LCD_WriteRAM
</UL>
<BR>[Called By]<UL><LI><a href="#[be3aa4]">&gt;&gt;</a>&nbsp;&nbsp;&nbsp;LCD_DrawRect
</UL>

<P><STRONG><a name="[be3aa4]"></a>LCD_DrawRect</STRONG> (Thumb, 66 bytes, Stack size 20 bytes, lcd.o(.text), UNUSED)
<BR><BR>[Calls]<UL><LI><a href="#[be3ae0]">&gt;&gt;</a>&nbsp;&nbsp;&nbsp;LCD_DrawLine
</UL>

<P><STRONG><a name="[be3a68]"></a>LCD_DrawRectFill</STRONG> (Thumb, 82 bytes, Stack size 28 bytes, lcd.o(.text), UNUSED)
<BR><BR>[Calls]<UL><LI><a href="#[be3b58]">&gt;&gt;</a>&nbsp;&nbsp;&nbsp;LCD_WindowModeDisable
<LI><a href="#[be3b94]">&gt;&gt;</a>&nbsp;&nbsp;&nbsp;LCD_SetDisplayWindow
<LI><a href="#[be3e28]">&gt;&gt;</a>&nbsp;&nbsp;&nbsp;LCD_WriteRAM_Prepare
<LI><a href="#[be3edc]">&gt;&gt;</a>&nbsp;&nbsp;&nbsp;LCD_WriteRAM
</UL>

<P><STRONG><a name="[be3a2c]"></a>LCD_DrawCircle</STRONG> (Thumb, 258 bytes, Stack size 28 bytes, lcd.o(.text), UNUSED)
<BR><BR>[Calls]<UL><LI><a href="#[be3b1c]">&gt;&gt;</a>&nbsp;&nbsp;&nbsp;LCD_WriteRAMWord
<LI><a href="#[be3d38]">&gt;&gt;</a>&nbsp;&nbsp;&nbsp;LCD_SetCursor
</UL>

<P><STRONG><a name="[be39f0]"></a>LCD_DrawMonoPict</STRONG> (Thumb, 72 bytes, Stack size 12 bytes, lcd.o(.text), UNUSED)
<BR><BR>[Calls]<UL><LI><a href="#[be3e28]">&gt;&gt;</a>&nbsp;&nbsp;&nbsp;LCD_WriteRAM_Prepare
<LI><a href="#[be3edc]">&gt;&gt;</a>&nbsp;&nbsp;&nbsp;LCD_WriteRAM
</UL>

<P><STRONG><a name="[be39b4]"></a>LCD_PowerOn</STRONG> (Thumb, 2 bytes, Stack size 0 bytes, lcd.o(.text), UNUSED)

<P><STRONG><a name="[be3978]"></a>LCD_DisplayOn</STRONG> (Thumb, 2 bytes, Stack size 0 bytes, lcd.o(.text), UNUSED)

<P><STRONG><a name="[be393c]"></a>LCD_DisplayOff</STRONG> (Thumb, 2 bytes, Stack size 0 bytes, lcd.o(.text), UNUSED)

<P><STRONG><a name="[be3900]"></a>address_set</STRONG> (Thumb, 64 bytes, Stack size 20 bytes, lcd.o(.text))
<BR><BR>[Stack]<UL><LI>Max Depth = 24<LI>Call Chain = address_set &rArr; LCD_WriteRAM_Prepare
</UL>
<BR>[Calls]<UL><LI><a href="#[be3e28]">&gt;&gt;</a>&nbsp;&nbsp;&nbsp;LCD_WriteRAM_Prepare
<LI><a href="#[be3e64]">&gt;&gt;</a>&nbsp;&nbsp;&nbsp;LCD_WriteReg
</UL>
<BR>[Called By]<UL><LI><a href="#[be000c]">&gt;&gt;</a>&nbsp;&nbsp;&nbsp;Show_home_picture
<LI><a href="#[be0a5c]">&gt;&gt;</a>&nbsp;&nbsp;&nbsp;WindowBlinds
<LI><a href="#[be1524]">&gt;&gt;</a>&nbsp;&nbsp;&nbsp;DisplayDownUp
<LI><a href="#[be186c]">&gt;&gt;</a>&nbsp;&nbsp;&nbsp;ShowSpecialEffect
<LI><a href="#[be357c]">&gt;&gt;</a>&nbsp;&nbsp;&nbsp;ShowPicture1
<LI><a href="#[be35b8]">&gt;&gt;</a>&nbsp;&nbsp;&nbsp;ShowPicture
</UL>

<P><STRONG><a name="[be38c4]"></a>abs</STRONG> (Thumb, 70 bytes, Stack size 0 bytes, lcd.o(.text), UNUSED)

<P><STRONG><a name="[be3888]"></a>LCD_WR_Data</STRONG> (Thumb, 6 bytes, Stack size 0 bytes, lcd.o(.text))
<BR><BR>[Called By]<UL><LI><a href="#[be36a8]">&gt;&gt;</a>&nbsp;&nbsp;&nbsp;TFT_CLEAR
<LI><a href="#[be3798]">&gt;&gt;</a>&nbsp;&nbsp;&nbsp;TFT_DrawPoint
</UL>

<P><STRONG><a name="[be384c]"></a>LCD_WR_CMD</STRONG> (Thumb, 12 bytes, Stack size 0 bytes, lcd.o(.text))
<BR><BR>[Called By]<UL><LI><a href="#[be36a8]">&gt;&gt;</a>&nbsp;&nbsp;&nbsp;TFT_CLEAR
<LI><a href="#[be3798]">&gt;&gt;</a>&nbsp;&nbsp;&nbsp;TFT_DrawPoint
</UL>

<P><STRONG><a name="[be3810]"></a>LCD_WR_Data_8</STRONG> (Thumb, 6 bytes, Stack size 0 bytes, lcd.o(.text), UNUSED)

<P><STRONG><a name="[be37d4]"></a>LCD_WR_REG</STRONG> (Thumb, 8 bytes, Stack size 0 bytes, lcd.o(.text))
<BR><BR>[Called By]<UL><LI><a href="#[be36a8]">&gt;&gt;</a>&nbsp;&nbsp;&nbsp;TFT_CLEAR
<LI><a href="#[be3798]">&gt;&gt;</a>&nbsp;&nbsp;&nbsp;TFT_DrawPoint
</UL>

<P><STRONG><a name="[be3798]"></a>TFT_DrawPoint</STRONG> (Thumb, 48 bytes, Stack size 16 bytes, lcd.o(.text))
<BR><BR>[Stack]<UL><LI>Max Depth = 16<LI>Call Chain = TFT_DrawPoint
</UL>
<BR>[Calls]<UL><LI><a href="#[be37d4]">&gt;&gt;</a>&nbsp;&nbsp;&nbsp;LCD_WR_REG
<LI><a href="#[be384c]">&gt;&gt;</a>&nbsp;&nbsp;&nbsp;LCD_WR_CMD
<LI><a href="#[be3888]">&gt;&gt;</a>&nbsp;&nbsp;&nbsp;LCD_WR_Data
</UL>
<BR>[Called By]<UL><LI><a href="#[be36e4]">&gt;&gt;</a>&nbsp;&nbsp;&nbsp;drow_touch_point
<LI><a href="#[be3720]">&gt;&gt;</a>&nbsp;&nbsp;&nbsp;draw_circle
<LI><a href="#[be375c]">&gt;&gt;</a>&nbsp;&nbsp;&nbsp;TFT_DrawLine
</UL>

<P><STRONG><a name="[be375c]"></a>TFT_DrawLine</STRONG> (Thumb, 182 bytes, Stack size 32 bytes, lcd.o(.text))
<BR><BR>[Stack]<UL><LI>Max Depth = 48<LI>Call Chain = TFT_DrawLine &rArr; TFT_DrawPoint
</UL>
<BR>[Calls]<UL><LI><a href="#[be3798]">&gt;&gt;</a>&nbsp;&nbsp;&nbsp;TFT_DrawPoint
</UL>
<BR>[Called By]<UL><LI><a href="#[be36e4]">&gt;&gt;</a>&nbsp;&nbsp;&nbsp;drow_touch_point
</UL>

<P><STRONG><a name="[be3720]"></a>draw_circle</STRONG> (Thumb, 200 bytes, Stack size 28 bytes, lcd.o(.text))
<BR><BR>[Stack]<UL><LI>Max Depth = 44<LI>Call Chain = draw_circle &rArr; TFT_DrawPoint
</UL>
<BR>[Calls]<UL><LI><a href="#[be3798]">&gt;&gt;</a>&nbsp;&nbsp;&nbsp;TFT_DrawPoint
</UL>
<BR>[Called By]<UL><LI><a href="#[be36e4]">&gt;&gt;</a>&nbsp;&nbsp;&nbsp;drow_touch_point
</UL>

<P><STRONG><a name="[be36e4]"></a>drow_touch_point</STRONG> (Thumb, 98 bytes, Stack size 12 bytes, lcd.o(.text))
<BR><BR>[Stack]<UL><LI>Max Depth = 60<LI>Call Chain = drow_touch_point &rArr; TFT_DrawLine &rArr; TFT_DrawPoint
</UL>
<BR>[Calls]<UL><LI><a href="#[be3720]">&gt;&gt;</a>&nbsp;&nbsp;&nbsp;draw_circle
<LI><a href="#[be375c]">&gt;&gt;</a>&nbsp;&nbsp;&nbsp;TFT_DrawLine
<LI><a href="#[be3798]">&gt;&gt;</a>&nbsp;&nbsp;&nbsp;TFT_DrawPoint
</UL>
<BR>[Called By]<UL><LI><a href="#[be5fe8]">&gt;&gt;</a>&nbsp;&nbsp;&nbsp;touch_adjust
</UL>

<P><STRONG><a name="[be36a8]"></a>TFT_CLEAR</STRONG> (Thumb, 90 bytes, Stack size 12 bytes, lcd.o(.text), UNUSED)
<BR><BR>[Calls]<UL><LI><a href="#[be37d4]">&gt;&gt;</a>&nbsp;&nbsp;&nbsp;LCD_WR_REG
<LI><a href="#[be384c]">&gt;&gt;</a>&nbsp;&nbsp;&nbsp;LCD_WR_CMD
<LI><a href="#[be3888]">&gt;&gt;</a>&nbsp;&nbsp;&nbsp;LCD_WR_Data
</UL>

<P><STRONG><a name="[be366c]"></a>test</STRONG> (Thumb, 22 bytes, Stack size 8 bytes, lcd.o(.text), UNUSED)
<BR><BR>[Calls]<UL><LI><a href="#[be357c]">&gt;&gt;</a>&nbsp;&nbsp;&nbsp;ShowPicture1
<LI><a href="#[be35b8]">&gt;&gt;</a>&nbsp;&nbsp;&nbsp;ShowPicture
<LI><a href="#[be3c0c]">&gt;&gt;</a>&nbsp;&nbsp;&nbsp;LCD_Clear
</UL>

<P><STRONG><a name="[be6204]"></a>SPI_Flash_Init</STRONG> (Thumb, 156 bytes, Stack size 32 bytes, spi_flash.o(.text))
<BR><BR>[Stack]<UL><LI>Max Depth = 52<LI>Call Chain = SPI_Flash_Init &rArr; GPIO_Init
</UL>
<BR>[Calls]<UL><LI><a href="#[be2ba4]">&gt;&gt;</a>&nbsp;&nbsp;&nbsp;SPI_Init
<LI><a href="#[be2c94]">&gt;&gt;</a>&nbsp;&nbsp;&nbsp;SPI_Cmd
<LI><a href="#[be3630]">&gt;&gt;</a>&nbsp;&nbsp;&nbsp;GPIO_SetBits
<LI><a href="#[be6240]">&gt;&gt;</a>&nbsp;&nbsp;&nbsp;RCC_APB2PeriphClockCmd
<LI><a href="#[be63a8]">&gt;&gt;</a>&nbsp;&nbsp;&nbsp;GPIO_Init
</UL>
<BR>[Called By]<UL><LI><a href="#[be654c]">&gt;&gt;</a>&nbsp;&nbsp;&nbsp;main
</UL>

<P><STRONG><a name="[be2d0c]"></a>SPI_Flash_SendByte</STRONG> (Thumb, 48 bytes, Stack size 8 bytes, spi_flash.o(.text))
<BR><BR>[Stack]<UL><LI>Max Depth = 8<LI>Call Chain = SPI_Flash_SendByte
</UL>
<BR>[Calls]<UL><LI><a href="#[be2be0]">&gt;&gt;</a>&nbsp;&nbsp;&nbsp;SPI_I2S_SendData
<LI><a href="#[be2c1c]">&gt;&gt;</a>&nbsp;&nbsp;&nbsp;SPI_I2S_ReceiveData
<LI><a href="#[be2c58]">&gt;&gt;</a>&nbsp;&nbsp;&nbsp;SPI_I2S_GetFlagStatus
</UL>
<BR>[Called By]<UL><LI><a href="#[be2118]">&gt;&gt;</a>&nbsp;&nbsp;&nbsp;read_once
<LI><a href="#[be2cd0]">&gt;&gt;</a>&nbsp;&nbsp;&nbsp;SPI_Flash_ReadByte
</UL>

<P><STRONG><a name="[be2cd0]"></a>SPI_Flash_ReadByte</STRONG> (Thumb, 12 bytes, Stack size 8 bytes, spi_flash.o(.text))
<BR><BR>[Stack]<UL><LI>Max Depth = 16<LI>Call Chain = SPI_Flash_ReadByte &rArr; SPI_Flash_SendByte
</UL>
<BR>[Calls]<UL><LI><a href="#[be2d0c]">&gt;&gt;</a>&nbsp;&nbsp;&nbsp;SPI_Flash_SendByte
</UL>
<BR>[Called By]<UL><LI><a href="#[be2118]">&gt;&gt;</a>&nbsp;&nbsp;&nbsp;read_once
</UL>

<P><STRONG><a name="[be2208]"></a>start_spi</STRONG> (Thumb, 16 bytes, Stack size 0 bytes, touch.o(.text))
<BR><BR>[Called By]<UL><LI><a href="#[be2118]">&gt;&gt;</a>&nbsp;&nbsp;&nbsp;read_once
</UL>

<P><STRONG><a name="[be21cc]"></a>WriteByteADS</STRONG> (Thumb, 96 bytes, Stack size 0 bytes, touch.o(.text), UNUSED)

<P><STRONG><a name="[be2190]"></a>ReadWordADS</STRONG> (Thumb, 64 bytes, Stack size 0 bytes, touch.o(.text), UNUSED)

<P><STRONG><a name="[be2154]"></a>delay_us</STRONG> (Thumb, 52 bytes, Stack size 0 bytes, touch.o(.text))
<BR><BR>[Called By]<UL><LI><a href="#[bdff1c]">&gt;&gt;</a>&nbsp;&nbsp;&nbsp;touch
<LI><a href="#[be2118]">&gt;&gt;</a>&nbsp;&nbsp;&nbsp;read_once
</UL>

<P><STRONG><a name="[be2118]"></a>read_once</STRONG> (Thumb, 144 bytes, Stack size 16 bytes, touch.o(.text))
<BR><BR>[Stack]<UL><LI>Max Depth = 32<LI>Call Chain = read_once &rArr; SPI_Flash_ReadByte &rArr; SPI_Flash_SendByte
</UL>
<BR>[Calls]<UL><LI><a href="#[be2154]">&gt;&gt;</a>&nbsp;&nbsp;&nbsp;delay_us
<LI><a href="#[be2208]">&gt;&gt;</a>&nbsp;&nbsp;&nbsp;start_spi
<LI><a href="#[be2cd0]">&gt;&gt;</a>&nbsp;&nbsp;&nbsp;SPI_Flash_ReadByte
<LI><a href="#[be2d0c]">&gt;&gt;</a>&nbsp;&nbsp;&nbsp;SPI_Flash_SendByte
</UL>
<BR>[Called By]<UL><LI><a href="#[be20dc]">&gt;&gt;</a>&nbsp;&nbsp;&nbsp;Read_Ads7846
</UL>

<P><STRONG><a name="[be20dc]"></a>Read_Ads7846</STRONG> (Thumb, 262 bytes, Stack size 64 bytes, touch.o(.text))
<BR><BR>[Stack]<UL><LI>Max Depth = 96<LI>Call Chain = Read_Ads7846 &rArr; read_once &rArr; SPI_Flash_ReadByte &rArr; SPI_Flash_SendByte
</UL>
<BR>[Calls]<UL><LI><a href="#[be1fb0]">&gt;&gt;</a>&nbsp;&nbsp;&nbsp;GPIO_ReadInputDataBit
<LI><a href="#[be2118]">&gt;&gt;</a>&nbsp;&nbsp;&nbsp;read_once
</UL>
<BR>[Called By]<UL><LI><a href="#[bdff1c]">&gt;&gt;</a>&nbsp;&nbsp;&nbsp;touch
<LI><a href="#[be2064]">&gt;&gt;</a>&nbsp;&nbsp;&nbsp;Touch_Key_Pro
</UL>

<P><STRONG><a name="[be609c]"></a>delay_init</STRONG> (Thumb, 46 bytes, Stack size 0 bytes, touch.o(.text))
<BR><BR>[Called By]<UL><LI><a href="#[be654c]">&gt;&gt;</a>&nbsp;&nbsp;&nbsp;main
</UL>

<P><STRONG><a name="[be20a0]"></a>delay_ms</STRONG> (Thumb, 54 bytes, Stack size 0 bytes, touch.o(.text))
<BR><BR>[Called By]<UL><LI><a href="#[bdff1c]">&gt;&gt;</a>&nbsp;&nbsp;&nbsp;touch
<LI><a href="#[be2064]">&gt;&gt;</a>&nbsp;&nbsp;&nbsp;Touch_Key_Pro
</UL>

<P><STRONG><a name="[be2064]"></a>Touch_Key_Pro</STRONG> (Thumb, 870 bytes, Stack size 56 bytes, touch.o(.text))
<BR><BR>[Stack]<UL><LI>Max Depth = 152<LI>Call Chain = Touch_Key_Pro &rArr; Read_Ads7846 &rArr; read_once &rArr; SPI_Flash_ReadByte &rArr; SPI_Flash_SendByte
</UL>
<BR>[Calls]<UL><LI><a href="#[be1fb0]">&gt;&gt;</a>&nbsp;&nbsp;&nbsp;GPIO_ReadInputDataBit
<LI><a href="#[be20a0]">&gt;&gt;</a>&nbsp;&nbsp;&nbsp;delay_ms
<LI><a href="#[be20dc]">&gt;&gt;</a>&nbsp;&nbsp;&nbsp;Read_Ads7846
<LI><a href="#[c4696c]">&gt;&gt;</a>&nbsp;&nbsp;&nbsp;__aeabi_fmul
<LI><a href="#[c46a98]">&gt;&gt;</a>&nbsp;&nbsp;&nbsp;__aeabi_ui2f
<LI><a href="#[c46b4c]">&gt;&gt;</a>&nbsp;&nbsp;&nbsp;__aeabi_i2f
<LI><a href="#[c46da4]">&gt;&gt;</a>&nbsp;&nbsp;&nbsp;__aeabi_f2uiz
<LI><a href="#[c471dc]">&gt;&gt;</a>&nbsp;&nbsp;&nbsp;__aeabi_cfcmpeq
<LI><a href="#[c477b8]">&gt;&gt;</a>&nbsp;&nbsp;&nbsp;__aeabi_fadd
</UL>
<BR>[Called By]<UL><LI><a href="#[be1fec]">&gt;&gt;</a>&nbsp;&nbsp;&nbsp;Touch_To_Num
<LI><a href="#[be5fe8]">&gt;&gt;</a>&nbsp;&nbsp;&nbsp;touch_adjust
</UL>

<P><STRONG><a name="[be2028]"></a>Is_In_Area</STRONG> (Thumb, 44 bytes, Stack size 8 bytes, touch.o(.text), UNUSED)
<BR><BR>[Called By]<UL><LI><a href="#[be1fec]">&gt;&gt;</a>&nbsp;&nbsp;&nbsp;Touch_To_Num
</UL>

<P><STRONG><a name="[be1fec]"></a>Touch_To_Num</STRONG> (Thumb, 1122 bytes, Stack size 24 bytes, touch.o(.text), UNUSED)
<BR><BR>[Calls]<UL><LI><a href="#[be2028]">&gt;&gt;</a>&nbsp;&nbsp;&nbsp;Is_In_Area
<LI><a href="#[be2064]">&gt;&gt;</a>&nbsp;&nbsp;&nbsp;Touch_Key_Pro
</UL>

<P><STRONG><a name="[be5fe8]"></a>touch_adjust</STRONG> (Thumb, 1136 bytes, Stack size 72 bytes, touch.o(.text))
<BR><BR>[Stack]<UL><LI>Max Depth = 224<LI>Call Chain = touch_adjust &rArr; Touch_Key_Pro &rArr; Read_Ads7846 &rArr; read_once &rArr; SPI_Flash_ReadByte &rArr; SPI_Flash_SendByte
</UL>
<BR>[Calls]<UL><LI><a href="#[be2064]">&gt;&gt;</a>&nbsp;&nbsp;&nbsp;Touch_Key_Pro
<LI><a href="#[be36e4]">&gt;&gt;</a>&nbsp;&nbsp;&nbsp;drow_touch_point
<LI><a href="#[be3c0c]">&gt;&gt;</a>&nbsp;&nbsp;&nbsp;LCD_Clear
<LI><a href="#[be3c84]">&gt;&gt;</a>&nbsp;&nbsp;&nbsp;LCD_DisplayStringLine
<LI><a href="#[c46750]">&gt;&gt;</a>&nbsp;&nbsp;&nbsp;sqrt
<LI><a href="#[c4696c]">&gt;&gt;</a>&nbsp;&nbsp;&nbsp;__aeabi_fmul
<LI><a href="#[c46a98]">&gt;&gt;</a>&nbsp;&nbsp;&nbsp;__aeabi_ui2f
<LI><a href="#[c46b4c]">&gt;&gt;</a>&nbsp;&nbsp;&nbsp;__aeabi_i2f
<LI><a href="#[c46ffc]">&gt;&gt;</a>&nbsp;&nbsp;&nbsp;__aeabi_f2iz
<LI><a href="#[c473bc]">&gt;&gt;</a>&nbsp;&nbsp;&nbsp;__aeabi_fdiv
<LI><a href="#[c47704]">&gt;&gt;</a>&nbsp;&nbsp;&nbsp;__aeabi_frsub
<LI><a href="#[c47b00]">&gt;&gt;</a>&nbsp;&nbsp;&nbsp;__aeabi_f2d
<LI><a href="#[c47c2c]">&gt;&gt;</a>&nbsp;&nbsp;&nbsp;__aeabi_cdrcmple
<LI><a href="#[c47d94]">&gt;&gt;</a>&nbsp;&nbsp;&nbsp;__aeabi_cdcmple
<LI><a href="#[c47ec0]">&gt;&gt;</a>&nbsp;&nbsp;&nbsp;__aeabi_ui2d
<LI><a href="#[c48280]">&gt;&gt;</a>&nbsp;&nbsp;&nbsp;__aeabi_d2uiz
</UL>
<BR>[Called By]<UL><LI><a href="#[be654c]">&gt;&gt;</a>&nbsp;&nbsp;&nbsp;main
</UL>

<P><STRONG><a name="[be186c]"></a>ShowSpecialEffect</STRONG> (Thumb, 216 bytes, Stack size 40 bytes, baiming.o(.text))
<BR><BR>[Stack]<UL><LI>Max Depth = 64<LI>Call Chain = ShowSpecialEffect &rArr; address_set &rArr; LCD_WriteRAM_Prepare
</UL>
<BR>[Calls]<UL><LI><a href="#[be3900]">&gt;&gt;</a>&nbsp;&nbsp;&nbsp;address_set
<LI><a href="#[be3c0c]">&gt;&gt;</a>&nbsp;&nbsp;&nbsp;LCD_Clear
<LI><a href="#[be3edc]">&gt;&gt;</a>&nbsp;&nbsp;&nbsp;LCD_WriteRAM
<LI><a href="#[be48b4]">&gt;&gt;</a>&nbsp;&nbsp;&nbsp;Delay
</UL>
<BR>[Called By]<UL><LI><a href="#[be6060]">&gt;&gt;</a>&nbsp;&nbsp;&nbsp;perform
</UL>

<P><STRONG><a name="[be1524]"></a>DisplayDownUp</STRONG> (Thumb, 82 bytes, Stack size 16 bytes, guowengang.o(.text))
<BR><BR>[Stack]<UL><LI>Max Depth = 40<LI>Call Chain = DisplayDownUp &rArr; address_set &rArr; LCD_WriteRAM_Prepare
</UL>
<BR>[Calls]<UL><LI><a href="#[be3900]">&gt;&gt;</a>&nbsp;&nbsp;&nbsp;address_set
<LI><a href="#[be3edc]">&gt;&gt;</a>&nbsp;&nbsp;&nbsp;LCD_WriteRAM
</UL>
<BR>[Called By]<UL><LI><a href="#[be6060]">&gt;&gt;</a>&nbsp;&nbsp;&nbsp;perform
</UL>

<P><STRONG><a name="[be0a98]"></a>LED_Light</STRONG> (Thumb, 250 bytes, Stack size 8 bytes, liuzhenwei.o(.text))
<BR><BR>[Stack]<UL><LI>Max Depth = 8<LI>Call Chain = LED_Light
</UL>
<BR>[Calls]<UL><LI><a href="#[be3630]">&gt;&gt;</a>&nbsp;&nbsp;&nbsp;GPIO_SetBits
<LI><a href="#[be483c]">&gt;&gt;</a>&nbsp;&nbsp;&nbsp;GPIO_ResetBits
</UL>
<BR>[Called By]<UL><LI><a href="#[be6060]">&gt;&gt;</a>&nbsp;&nbsp;&nbsp;perform
</UL>

<P><STRONG><a name="[be0a5c]"></a>WindowBlinds</STRONG> (Thumb, 146 bytes, Stack size 24 bytes, liuzhenwei.o(.text))
<BR><BR>[Stack]<UL><LI>Max Depth = 48<LI>Call Chain = WindowBlinds &rArr; address_set &rArr; LCD_WriteRAM_Prepare
</UL>
<BR>[Calls]<UL><LI><a href="#[be3900]">&gt;&gt;</a>&nbsp;&nbsp;&nbsp;address_set
<LI><a href="#[be3c0c]">&gt;&gt;</a>&nbsp;&nbsp;&nbsp;LCD_Clear
<LI><a href="#[be3edc]">&gt;&gt;</a>&nbsp;&nbsp;&nbsp;LCD_WriteRAM
<LI><a href="#[be48b4]">&gt;&gt;</a>&nbsp;&nbsp;&nbsp;Delay
</UL>
<BR>[Called By]<UL><LI><a href="#[be6060]">&gt;&gt;</a>&nbsp;&nbsp;&nbsp;perform
</UL>

<P><STRONG><a name="[be000c]"></a>Show_home_picture</STRONG> (Thumb, 54 bytes, Stack size 16 bytes, zhouhaijun.o(.text))
<BR><BR>[Stack]<UL><LI>Max Depth = 40<LI>Call Chain = Show_home_picture &rArr; address_set &rArr; LCD_WriteRAM_Prepare
</UL>
<BR>[Calls]<UL><LI><a href="#[be3900]">&gt;&gt;</a>&nbsp;&nbsp;&nbsp;address_set
<LI><a href="#[be3edc]">&gt;&gt;</a>&nbsp;&nbsp;&nbsp;LCD_WriteRAM
</UL>
<BR>[Called By]<UL><LI><a href="#[be6060]">&gt;&gt;</a>&nbsp;&nbsp;&nbsp;perform
</UL>

<P><STRONG><a name="[be35b8]"></a>ShowPicture</STRONG> (Thumb, 54 bytes, Stack size 16 bytes, zhouhaijun.o(.text))
<BR><BR>[Stack]<UL><LI>Max Depth = 40<LI>Call Chain = ShowPicture &rArr; address_set &rArr; LCD_WriteRAM_Prepare
</UL>
<BR>[Calls]<UL><LI><a href="#[be3900]">&gt;&gt;</a>&nbsp;&nbsp;&nbsp;address_set
<LI><a href="#[be3edc]">&gt;&gt;</a>&nbsp;&nbsp;&nbsp;LCD_WriteRAM
</UL>
<BR>[Called By]<UL><LI><a href="#[be366c]">&gt;&gt;</a>&nbsp;&nbsp;&nbsp;test
<LI><a href="#[be6060]">&gt;&gt;</a>&nbsp;&nbsp;&nbsp;perform
</UL>

<P><STRONG><a name="[be357c]"></a>ShowPicture1</STRONG> (Thumb, 54 bytes, Stack size 16 bytes, zhouhaijun.o(.text))
<BR><BR>[Stack]<UL><LI>Max Depth = 40<LI>Call Chain = ShowPicture1 &rArr; address_set &rArr; LCD_WriteRAM_Prepare
</UL>
<BR>[Calls]<UL><LI><a href="#[be3900]">&gt;&gt;</a>&nbsp;&nbsp;&nbsp;address_set
<LI><a href="#[be3edc]">&gt;&gt;</a>&nbsp;&nbsp;&nbsp;LCD_WriteRAM
</UL>
<BR>[Called By]<UL><LI><a href="#[be366c]">&gt;&gt;</a>&nbsp;&nbsp;&nbsp;test
<LI><a href="#[be6060]">&gt;&gt;</a>&nbsp;&nbsp;&nbsp;perform
</UL>

<P><STRONG><a name="[bdffd0]"></a>USART_PrintWelcomeMeun</STRONG> (Thumb, 422 bytes, Stack size 8 bytes, zhouhaijun.o(.text))
<BR><BR>[Stack]<UL><LI>Max Depth = 8<LI>Call Chain = USART_PrintWelcomeMeun
</UL>
<BR>[Calls]<UL><LI><a href="#[bdfdb4]">&gt;&gt;</a>&nbsp;&nbsp;&nbsp;USART_SendData
<LI><a href="#[bdfea4]">&gt;&gt;</a>&nbsp;&nbsp;&nbsp;USART_GetFlagStatus
</UL>
<BR>[Called By]<UL><LI><a href="#[be6060]">&gt;&gt;</a>&nbsp;&nbsp;&nbsp;perform
</UL>

<P><STRONG><a name="[bdff94]"></a>USART1_Config</STRONG> (Thumb, 74 bytes, Stack size 24 bytes, zhouhaijun.o(.text))
<BR><BR>[Stack]<UL><LI>Max Depth = 92<LI>Call Chain = USART1_Config &rArr; USART_Init &rArr; RCC_GetClocksFreq
</UL>
<BR>[Calls]<UL><LI><a href="#[bdfe2c]">&gt;&gt;</a>&nbsp;&nbsp;&nbsp;USART_Init
<LI><a href="#[bdfe68]">&gt;&gt;</a>&nbsp;&nbsp;&nbsp;USART_ITConfig
<LI><a href="#[bdfee0]">&gt;&gt;</a>&nbsp;&nbsp;&nbsp;USART_Cmd
</UL>
<BR>[Called By]<UL><LI><a href="#[be6060]">&gt;&gt;</a>&nbsp;&nbsp;&nbsp;perform
</UL>

<P><STRONG><a name="[bdff58]"></a>GPIO_Configuration</STRONG> (Thumb, 58 bytes, Stack size 8 bytes, zhouhaijun.o(.text))
<BR><BR>[Stack]<UL><LI>Max Depth = 28<LI>Call Chain = GPIO_Configuration &rArr; GPIO_Init
</UL>
<BR>[Calls]<UL><LI><a href="#[be6240]">&gt;&gt;</a>&nbsp;&nbsp;&nbsp;RCC_APB2PeriphClockCmd
<LI><a href="#[be63a8]">&gt;&gt;</a>&nbsp;&nbsp;&nbsp;GPIO_Init
</UL>
<BR>[Called By]<UL><LI><a href="#[be6060]">&gt;&gt;</a>&nbsp;&nbsp;&nbsp;perform
</UL>

<P><STRONG><a name="[be48b4]"></a>Delay</STRONG> (Thumb, 10 bytes, Stack size 0 bytes, zhouhaijun.o(.text))
<BR><BR>[Called By]<UL><LI><a href="#[be0a5c]">&gt;&gt;</a>&nbsp;&nbsp;&nbsp;WindowBlinds
<LI><a href="#[be186c]">&gt;&gt;</a>&nbsp;&nbsp;&nbsp;ShowSpecialEffect
<LI><a href="#[be54a8]">&gt;&gt;</a>&nbsp;&nbsp;&nbsp;EXTI3_IRQHandler
<LI><a href="#[be54e4]">&gt;&gt;</a>&nbsp;&nbsp;&nbsp;EXTI2_IRQHandler
</UL>

<P><STRONG><a name="[be47c4]"></a>RandPicture</STRONG> (Thumb, 24 bytes, Stack size 8 bytes, zhouhaijun.o(.text))
<BR><BR>[Stack]<UL><LI>Max Depth = 20<LI>Call Chain = RandPicture &rArr; rand
</UL>
<BR>[Calls]<UL><LI><a href="#[c486f4]">&gt;&gt;</a>&nbsp;&nbsp;&nbsp;rand
</UL>
<BR>[Called By]<UL><LI><a href="#[bdff1c]">&gt;&gt;</a>&nbsp;&nbsp;&nbsp;touch
<LI><a href="#[be5034]">&gt;&gt;</a>&nbsp;&nbsp;&nbsp;TIM2_IRQHandler
<LI><a href="#[be54e4]">&gt;&gt;</a>&nbsp;&nbsp;&nbsp;EXTI2_IRQHandler
</UL>

<P><STRONG><a name="[bdff1c]"></a>touch</STRONG> (Thumb, 100 bytes, Stack size 8 bytes, zhouhaijun.o(.text))
<BR><BR>[Stack]<UL><LI>Max Depth = 104<LI>Call Chain = touch &rArr; Read_Ads7846 &rArr; read_once &rArr; SPI_Flash_ReadByte &rArr; SPI_Flash_SendByte
</UL>
<BR>[Calls]<UL><LI><a href="#[be1fb0]">&gt;&gt;</a>&nbsp;&nbsp;&nbsp;GPIO_ReadInputDataBit
<LI><a href="#[be20a0]">&gt;&gt;</a>&nbsp;&nbsp;&nbsp;delay_ms
<LI><a href="#[be20dc]">&gt;&gt;</a>&nbsp;&nbsp;&nbsp;Read_Ads7846
<LI><a href="#[be2154]">&gt;&gt;</a>&nbsp;&nbsp;&nbsp;delay_us
<LI><a href="#[be47c4]">&gt;&gt;</a>&nbsp;&nbsp;&nbsp;RandPicture
</UL>
<BR>[Called By]<UL><LI><a href="#[be6060]">&gt;&gt;</a>&nbsp;&nbsp;&nbsp;perform
</UL>

<P><STRONG><a name="[be6060]"></a>perform</STRONG> (Thumb, 426 bytes, Stack size 16 bytes, zhouhaijun.o(.text))
<BR><BR>[Stack]<UL><LI>Max Depth = 120<LI>Call Chain = perform &rArr; touch &rArr; Read_Ads7846 &rArr; read_once &rArr; SPI_Flash_ReadByte &rArr; SPI_Flash_SendByte
</UL>
<BR>[Calls]<UL><LI><a href="#[bdfdb4]">&gt;&gt;</a>&nbsp;&nbsp;&nbsp;USART_SendData
<LI><a href="#[bdfdf0]">&gt;&gt;</a>&nbsp;&nbsp;&nbsp;USART_ReceiveData
<LI><a href="#[bdfea4]">&gt;&gt;</a>&nbsp;&nbsp;&nbsp;USART_GetFlagStatus
<LI><a href="#[bdff1c]">&gt;&gt;</a>&nbsp;&nbsp;&nbsp;touch
<LI><a href="#[bdff58]">&gt;&gt;</a>&nbsp;&nbsp;&nbsp;GPIO_Configuration
<LI><a href="#[bdff94]">&gt;&gt;</a>&nbsp;&nbsp;&nbsp;USART1_Config
<LI><a href="#[bdffd0]">&gt;&gt;</a>&nbsp;&nbsp;&nbsp;USART_PrintWelcomeMeun
<LI><a href="#[be000c]">&gt;&gt;</a>&nbsp;&nbsp;&nbsp;Show_home_picture
<LI><a href="#[be0a5c]">&gt;&gt;</a>&nbsp;&nbsp;&nbsp;WindowBlinds
<LI><a href="#[be0a98]">&gt;&gt;</a>&nbsp;&nbsp;&nbsp;LED_Light
<LI><a href="#[be1524]">&gt;&gt;</a>&nbsp;&nbsp;&nbsp;DisplayDownUp
<LI><a href="#[be186c]">&gt;&gt;</a>&nbsp;&nbsp;&nbsp;ShowSpecialEffect
<LI><a href="#[be357c]">&gt;&gt;</a>&nbsp;&nbsp;&nbsp;ShowPicture1
<LI><a href="#[be35b8]">&gt;&gt;</a>&nbsp;&nbsp;&nbsp;ShowPicture
</UL>
<BR>[Called By]<UL><LI><a href="#[be654c]">&gt;&gt;</a>&nbsp;&nbsp;&nbsp;main
</UL>

<P><STRONG><a name="[bdfbd4]"></a>__WFI</STRONG> (Thumb, 0 bytes, Stack size unknown bytes, cortexm3_macro.o(.text), UNUSED)

<P><STRONG><a name="[bdfb98]"></a>__WFE</STRONG> (Thumb, 0 bytes, Stack size unknown bytes, cortexm3_macro.o(.text), UNUSED)

<P><STRONG><a name="[bdfb5c]"></a>__SEV</STRONG> (Thumb, 0 bytes, Stack size unknown bytes, cortexm3_macro.o(.text), UNUSED)

<P><STRONG><a name="[bdfb20]"></a>__ISB</STRONG> (Thumb, 0 bytes, Stack size unknown bytes, cortexm3_macro.o(.text), UNUSED)

<P><STRONG><a name="[bdfae4]"></a>__DSB</STRONG> (Thumb, 0 bytes, Stack size unknown bytes, cortexm3_macro.o(.text), UNUSED)

<P><STRONG><a name="[bdfaa8]"></a>__DMB</STRONG> (Thumb, 0 bytes, Stack size unknown bytes, cortexm3_macro.o(.text), UNUSED)

<P><STRONG><a name="[bdfa6c]"></a>__SVC</STRONG> (Thumb, 0 bytes, Stack size unknown bytes, cortexm3_macro.o(.text), UNUSED)

<P><STRONG><a name="[bdfa30]"></a>__MRS_CONTROL</STRONG> (Thumb, 0 bytes, Stack size unknown bytes, cortexm3_macro.o(.text), UNUSED)

<P><STRONG><a name="[bdf9f4]"></a>__MSR_CONTROL</STRONG> (Thumb, 0 bytes, Stack size unknown bytes, cortexm3_macro.o(.text), UNUSED)

<P><STRONG><a name="[bdf9b8]"></a>__MRS_PSP</STRONG> (Thumb, 0 bytes, Stack size unknown bytes, cortexm3_macro.o(.text), UNUSED)

<P><STRONG><a name="[bdf97c]"></a>__MSR_PSP</STRONG> (Thumb, 0 bytes, Stack size unknown bytes, cortexm3_macro.o(.text), UNUSED)

<P><STRONG><a name="[bdf940]"></a>__MRS_MSP</STRONG> (Thumb, 0 bytes, Stack size unknown bytes, cortexm3_macro.o(.text), UNUSED)

<P><STRONG><a name="[bdf904]"></a>__MSR_MSP</STRONG> (Thumb, 0 bytes, Stack size unknown bytes, cortexm3_macro.o(.text), UNUSED)

<P><STRONG><a name="[bdf8c8]"></a>__RESETPRIMASK</STRONG> (Thumb, 0 bytes, Stack size unknown bytes, cortexm3_macro.o(.text), UNUSED)
<BR><BR>[Called By]<UL><LI><a href="#[c4e220]">&gt;&gt;</a>&nbsp;&nbsp;&nbsp;NVIC_RESETPRIMASK
</UL>

<P><STRONG><a name="[bdf88c]"></a>__SETPRIMASK</STRONG> (Thumb, 0 bytes, Stack size unknown bytes, cortexm3_macro.o(.text), UNUSED)
<BR><BR>[Called By]<UL><LI><a href="#[c4e25c]">&gt;&gt;</a>&nbsp;&nbsp;&nbsp;NVIC_SETPRIMASK
</UL>

<P><STRONG><a name="[bdf850]"></a>__READ_PRIMASK</STRONG> (Thumb, 0 bytes, Stack size unknown bytes, cortexm3_macro.o(.text), UNUSED)

<P><STRONG><a name="[bdf814]"></a>__SETFAULTMASK</STRONG> (Thumb, 0 bytes, Stack size unknown bytes, cortexm3_macro.o(.text), UNUSED)
<BR><BR>[Called By]<UL><LI><a href="#[c4e1e4]">&gt;&gt;</a>&nbsp;&nbsp;&nbsp;NVIC_SETFAULTMASK
</UL>

<P><STRONG><a name="[bdf7d8]"></a>__RESETFAULTMASK</STRONG> (Thumb, 0 bytes, Stack size unknown bytes, cortexm3_macro.o(.text), UNUSED)
<BR><BR>[Called By]<UL><LI><a href="#[c4e1a8]">&gt;&gt;</a>&nbsp;&nbsp;&nbsp;NVIC_RESETFAULTMASK
</UL>

<P><STRONG><a name="[bdf79c]"></a>__READ_FAULTMASK</STRONG> (Thumb, 0 bytes, Stack size unknown bytes, cortexm3_macro.o(.text), UNUSED)

<P><STRONG><a name="[bdf760]"></a>__BASEPRICONFIG</STRONG> (Thumb, 0 bytes, Stack size unknown bytes, cortexm3_macro.o(.text), UNUSED)
<BR><BR>[Called By]<UL><LI><a href="#[c4e16c]">&gt;&gt;</a>&nbsp;&nbsp;&nbsp;NVIC_BASEPRICONFIG
</UL>

<P><STRONG><a name="[bdf724]"></a>__GetBASEPRI</STRONG> (Thumb, 0 bytes, Stack size unknown bytes, cortexm3_macro.o(.text), UNUSED)
<BR><BR>[Called By]<UL><LI><a href="#[c4e130]">&gt;&gt;</a>&nbsp;&nbsp;&nbsp;NVIC_GetBASEPRI
</UL>

<P><STRONG><a name="[bdf6e8]"></a>__REV_HalfWord</STRONG> (Thumb, 0 bytes, Stack size unknown bytes, cortexm3_macro.o(.text), UNUSED)

<P><STRONG><a name="[bdf6ac]"></a>__REV_Word</STRONG> (Thumb, 0 bytes, Stack size unknown bytes, cortexm3_macro.o(.text), UNUSED)

<P><STRONG><a name="[bdf3dc]"></a>Reset_Handler</STRONG> (Thumb, 4 bytes, Stack size 0 bytes, stm32f10x_vector.o(.text))
<BR>[Address Reference Count : 1]<UL><LI> stm32f10x_vector.o(RESET)
</UL>
<P><STRONG><a name="[bdf3a0]"></a>__user_initial_stackheap</STRONG> (Thumb, 0 bytes, Stack size unknown bytes, stm32f10x_vector.o(.text))
<BR><BR>[Called By]<UL><LI><a href="#[c42fc4]">&gt;&gt;</a>&nbsp;&nbsp;&nbsp;__user_setup_stackheap
</UL>

<P><STRONG><a name="[bdc100]"></a>EXTI_DeInit</STRONG> (Thumb, 32 bytes, Stack size 0 bytes, stm32f10x_exti.o(.text), UNUSED)

<P><STRONG><a name="[be6498]"></a>EXTI_Init</STRONG> (Thumb, 186 bytes, Stack size 0 bytes, stm32f10x_exti.o(.text))
<BR><BR>[Called By]<UL><LI><a href="#[be6600]">&gt;&gt;</a>&nbsp;&nbsp;&nbsp;EXTI_Config
<LI><a href="#[be6678]">&gt;&gt;</a>&nbsp;&nbsp;&nbsp;NVIC_Configuration
</UL>

<P><STRONG><a name="[bdc0c4]"></a>EXTI_StructInit</STRONG> (Thumb, 16 bytes, Stack size 0 bytes, stm32f10x_exti.o(.text), UNUSED)

<P><STRONG><a name="[bdc088]"></a>EXTI_GenerateSWInterrupt</STRONG> (Thumb, 16 bytes, Stack size 0 bytes, stm32f10x_exti.o(.text), UNUSED)

<P><STRONG><a name="[bdc04c]"></a>EXTI_GetFlagStatus</STRONG> (Thumb, 22 bytes, Stack size 0 bytes, stm32f10x_exti.o(.text), UNUSED)

<P><STRONG><a name="[bdc010]"></a>EXTI_ClearFlag</STRONG> (Thumb, 8 bytes, Stack size 0 bytes, stm32f10x_exti.o(.text), UNUSED)

<P><STRONG><a name="[be4878]"></a>EXTI_GetITStatus</STRONG> (Thumb, 34 bytes, Stack size 0 bytes, stm32f10x_exti.o(.text))
<BR><BR>[Called By]<UL><LI><a href="#[be5160]">&gt;&gt;</a>&nbsp;&nbsp;&nbsp;EXTI9_5_IRQHandler
<LI><a href="#[be54a8]">&gt;&gt;</a>&nbsp;&nbsp;&nbsp;EXTI3_IRQHandler
<LI><a href="#[be54e4]">&gt;&gt;</a>&nbsp;&nbsp;&nbsp;EXTI2_IRQHandler
</UL>

<P><STRONG><a name="[be64d4]"></a>EXTI_ClearITPendingBit</STRONG> (Thumb, 8 bytes, Stack size 0 bytes, stm32f10x_exti.o(.text))
<BR><BR>[Called By]<UL><LI><a href="#[be5160]">&gt;&gt;</a>&nbsp;&nbsp;&nbsp;EXTI9_5_IRQHandler
<LI><a href="#[be54a8]">&gt;&gt;</a>&nbsp;&nbsp;&nbsp;EXTI3_IRQHandler
<LI><a href="#[be54e4]">&gt;&gt;</a>&nbsp;&nbsp;&nbsp;EXTI2_IRQHandler
<LI><a href="#[be6600]">&gt;&gt;</a>&nbsp;&nbsp;&nbsp;EXTI_Config
</UL>

<P><STRONG><a name="[bdb890]"></a>FSMC_NORSRAMDeInit</STRONG> (Thumb, 56 bytes, Stack size 0 bytes, stm32f10x_fsmc.o(.text), UNUSED)

<P><STRONG><a name="[bdb854]"></a>FSMC_NANDDeInit</STRONG> (Thumb, 62 bytes, Stack size 0 bytes, stm32f10x_fsmc.o(.text), UNUSED)

<P><STRONG><a name="[bdb818]"></a>FSMC_PCCARDDeInit</STRONG> (Thumb, 36 bytes, Stack size 0 bytes, stm32f10x_fsmc.o(.text), UNUSED)

<P><STRONG><a name="[be6420]"></a>FSMC_NORSRAMInit</STRONG> (Thumb, 232 bytes, Stack size 0 bytes, stm32f10x_fsmc.o(.text))
<BR><BR>[Called By]<UL><LI><a href="#[be663c]">&gt;&gt;</a>&nbsp;&nbsp;&nbsp;FSMC_LCD_Init
</UL>

<P><STRONG><a name="[bdb7dc]"></a>FSMC_NANDInit</STRONG> (Thumb, 136 bytes, Stack size 12 bytes, stm32f10x_fsmc.o(.text), UNUSED)

<P><STRONG><a name="[bdb7a0]"></a>FSMC_PCCARDInit</STRONG> (Thumb, 130 bytes, Stack size 0 bytes, stm32f10x_fsmc.o(.text), UNUSED)

<P><STRONG><a name="[bdb764]"></a>FSMC_NORSRAMStructInit</STRONG> (Thumb, 114 bytes, Stack size 0 bytes, stm32f10x_fsmc.o(.text), UNUSED)

<P><STRONG><a name="[bdb728]"></a>FSMC_NANDStructInit</STRONG> (Thumb, 56 bytes, Stack size 0 bytes, stm32f10x_fsmc.o(.text), UNUSED)

<P><STRONG><a name="[bdb6ec]"></a>FSMC_PCCARDStructInit</STRONG> (Thumb, 62 bytes, Stack size 0 bytes, stm32f10x_fsmc.o(.text), UNUSED)

<P><STRONG><a name="[be645c]"></a>FSMC_NORSRAMCmd</STRONG> (Thumb, 46 bytes, Stack size 0 bytes, stm32f10x_fsmc.o(.text))
<BR><BR>[Called By]<UL><LI><a href="#[be663c]">&gt;&gt;</a>&nbsp;&nbsp;&nbsp;FSMC_LCD_Init
</UL>

<P><STRONG><a name="[bdb6b0]"></a>FSMC_NANDCmd</STRONG> (Thumb, 86 bytes, Stack size 0 bytes, stm32f10x_fsmc.o(.text), UNUSED)

<P><STRONG><a name="[bdb674]"></a>FSMC_PCCARDCmd</STRONG> (Thumb, 44 bytes, Stack size 0 bytes, stm32f10x_fsmc.o(.text), UNUSED)

<P><STRONG><a name="[bdb638]"></a>FSMC_NANDECCCmd</STRONG> (Thumb, 90 bytes, Stack size 0 bytes, stm32f10x_fsmc.o(.text), UNUSED)

<P><STRONG><a name="[bdb5fc]"></a>FSMC_GetECC</STRONG> (Thumb, 24 bytes, Stack size 0 bytes, stm32f10x_fsmc.o(.text), UNUSED)

<P><STRONG><a name="[bdb5c0]"></a>FSMC_ITConfig</STRONG> (Thumb, 128 bytes, Stack size 8 bytes, stm32f10x_fsmc.o(.text), UNUSED)

<P><STRONG><a name="[bdb584]"></a>FSMC_GetFlagStatus</STRONG> (Thumb, 52 bytes, Stack size 8 bytes, stm32f10x_fsmc.o(.text), UNUSED)

<P><STRONG><a name="[bdb548]"></a>FSMC_ClearFlag</STRONG> (Thumb, 62 bytes, Stack size 0 bytes, stm32f10x_fsmc.o(.text), UNUSED)

<P><STRONG><a name="[bdb50c]"></a>FSMC_GetITStatus</STRONG> (Thumb, 64 bytes, Stack size 16 bytes, stm32f10x_fsmc.o(.text), UNUSED)

<P><STRONG><a name="[bdb4d0]"></a>FSMC_ClearITPendingBit</STRONG> (Thumb, 68 bytes, Stack size 0 bytes, stm32f10x_fsmc.o(.text), UNUSED)

<P><STRONG><a name="[bdb14c]"></a>GPIO_DeInit</STRONG> (Thumb, 188 bytes, Stack size 8 bytes, stm32f10x_gpio.o(.text), UNUSED)
<BR><BR>[Calls]<UL><LI><a href="#[bde6f8]">&gt;&gt;</a>&nbsp;&nbsp;&nbsp;RCC_APB2PeriphResetCmd
</UL>

<P><STRONG><a name="[bdb110]"></a>GPIO_AFIODeInit</STRONG> (Thumb, 20 bytes, Stack size 8 bytes, stm32f10x_gpio.o(.text), UNUSED)
<BR><BR>[Calls]<UL><LI><a href="#[bde6f8]">&gt;&gt;</a>&nbsp;&nbsp;&nbsp;RCC_APB2PeriphResetCmd
</UL>

<P><STRONG><a name="[be63a8]"></a>GPIO_Init</STRONG> (Thumb, 266 bytes, Stack size 20 bytes, stm32f10x_gpio.o(.text))
<BR><BR>[Stack]<UL><LI>Max Depth = 20<LI>Call Chain = GPIO_Init
</UL>
<BR>[Called By]<UL><LI><a href="#[bdff58]">&gt;&gt;</a>&nbsp;&nbsp;&nbsp;GPIO_Configuration
<LI><a href="#[be3dec]">&gt;&gt;</a>&nbsp;&nbsp;&nbsp;LCD_CtrlLinesConfig
<LI><a href="#[be6204]">&gt;&gt;</a>&nbsp;&nbsp;&nbsp;SPI_Flash_Init
<LI><a href="#[be65c4]">&gt;&gt;</a>&nbsp;&nbsp;&nbsp;GPIO_Config
</UL>

<P><STRONG><a name="[bdb0d4]"></a>GPIO_StructInit</STRONG> (Thumb, 16 bytes, Stack size 0 bytes, stm32f10x_gpio.o(.text), UNUSED)

<P><STRONG><a name="[be1fb0]"></a>GPIO_ReadInputDataBit</STRONG> (Thumb, 18 bytes, Stack size 0 bytes, stm32f10x_gpio.o(.text))
<BR><BR>[Called By]<UL><LI><a href="#[bdff1c]">&gt;&gt;</a>&nbsp;&nbsp;&nbsp;touch
<LI><a href="#[be2064]">&gt;&gt;</a>&nbsp;&nbsp;&nbsp;Touch_Key_Pro
<LI><a href="#[be20dc]">&gt;&gt;</a>&nbsp;&nbsp;&nbsp;Read_Ads7846
</UL>

<P><STRONG><a name="[bdb098]"></a>GPIO_ReadInputData</STRONG> (Thumb, 8 bytes, Stack size 0 bytes, stm32f10x_gpio.o(.text), UNUSED)

<P><STRONG><a name="[bdb05c]"></a>GPIO_ReadOutputDataBit</STRONG> (Thumb, 18 bytes, Stack size 0 bytes, stm32f10x_gpio.o(.text), UNUSED)

<P><STRONG><a name="[bdb020]"></a>GPIO_ReadOutputData</STRONG> (Thumb, 8 bytes, Stack size 0 bytes, stm32f10x_gpio.o(.text), UNUSED)

<P><STRONG><a name="[be3630]"></a>GPIO_SetBits</STRONG> (Thumb, 4 bytes, Stack size 0 bytes, stm32f10x_gpio.o(.text))
<BR><BR>[Called By]<UL><LI><a href="#[be0a98]">&gt;&gt;</a>&nbsp;&nbsp;&nbsp;LED_Light
<LI><a href="#[be3dec]">&gt;&gt;</a>&nbsp;&nbsp;&nbsp;LCD_CtrlLinesConfig
<LI><a href="#[be6204]">&gt;&gt;</a>&nbsp;&nbsp;&nbsp;SPI_Flash_Init
<LI><a href="#[be636c]">&gt;&gt;</a>&nbsp;&nbsp;&nbsp;LCD_Setup
</UL>

<P><STRONG><a name="[be483c]"></a>GPIO_ResetBits</STRONG> (Thumb, 4 bytes, Stack size 0 bytes, stm32f10x_gpio.o(.text))
<BR><BR>[Called By]<UL><LI><a href="#[be0a98]">&gt;&gt;</a>&nbsp;&nbsp;&nbsp;LED_Light
<LI><a href="#[be5160]">&gt;&gt;</a>&nbsp;&nbsp;&nbsp;EXTI9_5_IRQHandler
<LI><a href="#[be636c]">&gt;&gt;</a>&nbsp;&nbsp;&nbsp;LCD_Setup
</UL>

<P><STRONG><a name="[bdafe4]"></a>GPIO_WriteBit</STRONG> (Thumb, 10 bytes, Stack size 0 bytes, stm32f10x_gpio.o(.text), UNUSED)

<P><STRONG><a name="[bdafa8]"></a>GPIO_Write</STRONG> (Thumb, 4 bytes, Stack size 0 bytes, stm32f10x_gpio.o(.text), UNUSED)

<P><STRONG><a name="[bdaf6c]"></a>GPIO_PinLockConfig</STRONG> (Thumb, 18 bytes, Stack size 0 bytes, stm32f10x_gpio.o(.text), UNUSED)

<P><STRONG><a name="[bdaf30]"></a>GPIO_EventOutputConfig</STRONG> (Thumb, 24 bytes, Stack size 0 bytes, stm32f10x_gpio.o(.text), UNUSED)

<P><STRONG><a name="[bdaef4]"></a>GPIO_EventOutputCmd</STRONG> (Thumb, 6 bytes, Stack size 0 bytes, stm32f10x_gpio.o(.text), UNUSED)

<P><STRONG><a name="[bdaeb8]"></a>GPIO_PinRemapConfig</STRONG> (Thumb, 104 bytes, Stack size 20 bytes, stm32f10x_gpio.o(.text), UNUSED)

<P><STRONG><a name="[be63e4]"></a>GPIO_EXTILineConfig</STRONG> (Thumb, 60 bytes, Stack size 12 bytes, stm32f10x_gpio.o(.text))
<BR><BR>[Stack]<UL><LI>Max Depth = 12<LI>Call Chain = GPIO_EXTILineConfig
</UL>
<BR>[Called By]<UL><LI><a href="#[be6600]">&gt;&gt;</a>&nbsp;&nbsp;&nbsp;EXTI_Config
<LI><a href="#[be6678]">&gt;&gt;</a>&nbsp;&nbsp;&nbsp;NVIC_Configuration
</UL>

<P><STRONG><a name="[c4e310]"></a>NVIC_DeInit</STRONG> (Thumb, 54 bytes, Stack size 0 bytes, stm32f10x_nvic.o(.text), UNUSED)

<P><STRONG><a name="[c4e2d4]"></a>NVIC_SCBDeInit</STRONG> (Thumb, 92 bytes, Stack size 0 bytes, stm32f10x_nvic.o(.text), UNUSED)

<P><STRONG><a name="[be62f4]"></a>NVIC_PriorityGroupConfig</STRONG> (Thumb, 12 bytes, Stack size 0 bytes, stm32f10x_nvic.o(.text))
<BR><BR>[Called By]<UL><LI><a href="#[be6678]">&gt;&gt;</a>&nbsp;&nbsp;&nbsp;NVIC_Configuration
</UL>

<P><STRONG><a name="[be6330]"></a>NVIC_Init</STRONG> (Thumb, 154 bytes, Stack size 20 bytes, stm32f10x_nvic.o(.text))
<BR><BR>[Stack]<UL><LI>Max Depth = 20<LI>Call Chain = NVIC_Init
</UL>
<BR>[Called By]<UL><LI><a href="#[be6678]">&gt;&gt;</a>&nbsp;&nbsp;&nbsp;NVIC_Configuration
</UL>

<P><STRONG><a name="[c4e298]"></a>NVIC_StructInit</STRONG> (Thumb, 12 bytes, Stack size 0 bytes, stm32f10x_nvic.o(.text), UNUSED)

<P><STRONG><a name="[c4e25c]"></a>NVIC_SETPRIMASK</STRONG> (Thumb, 8 bytes, Stack size 8 bytes, stm32f10x_nvic.o(.text), UNUSED)
<BR><BR>[Calls]<UL><LI><a href="#[bdf88c]">&gt;&gt;</a>&nbsp;&nbsp;&nbsp;__SETPRIMASK
</UL>

<P><STRONG><a name="[c4e220]"></a>NVIC_RESETPRIMASK</STRONG> (Thumb, 8 bytes, Stack size 8 bytes, stm32f10x_nvic.o(.text), UNUSED)
<BR><BR>[Calls]<UL><LI><a href="#[bdf8c8]">&gt;&gt;</a>&nbsp;&nbsp;&nbsp;__RESETPRIMASK
</UL>

<P><STRONG><a name="[c4e1e4]"></a>NVIC_SETFAULTMASK</STRONG> (Thumb, 8 bytes, Stack size 8 bytes, stm32f10x_nvic.o(.text), UNUSED)
<BR><BR>[Calls]<UL><LI><a href="#[bdf814]">&gt;&gt;</a>&nbsp;&nbsp;&nbsp;__SETFAULTMASK
</UL>

<P><STRONG><a name="[c4e1a8]"></a>NVIC_RESETFAULTMASK</STRONG> (Thumb, 8 bytes, Stack size 8 bytes, stm32f10x_nvic.o(.text), UNUSED)
<BR><BR>[Calls]<UL><LI><a href="#[bdf7d8]">&gt;&gt;</a>&nbsp;&nbsp;&nbsp;__RESETFAULTMASK
</UL>

<P><STRONG><a name="[c4e16c]"></a>NVIC_BASEPRICONFIG</STRONG> (Thumb, 12 bytes, Stack size 8 bytes, stm32f10x_nvic.o(.text), UNUSED)
[...]

<P><STRONG><a name="[c4858c]"></a>__rt_heap_escrow$2region</STRONG> (Thumb, 2 bytes, Stack size 0 bytes, heapauxi.o(.text), UNUSED)

<P><STRONG><a name="[c48550]"></a>__rt_heap_expand$2region</STRONG> (Thumb, 2 bytes, Stack size 0 bytes, heapauxi.o(.text), UNUSED)

<P><STRONG><a name="[c463cc]"></a>__read_errno</STRONG> (Thumb, 10 bytes, Stack size 8 bytes, _rserrno.o(.text), UNUSED)
<BR><BR>[Calls]<UL><LI><a href="#[c437bc]">&gt;&gt;</a>&nbsp;&nbsp;&nbsp;__aeabi_errno_addr
</UL>

<P><STRONG><a name="[c46390]"></a>__set_errno</STRONG> (Thumb, 12 bytes, Stack size 8 bytes, _rserrno.o(.text))
<BR><BR>[Stack]<UL><LI>Max Depth = 8<LI>Call Chain = __set_errno
</UL>
<BR>[Calls]<UL><LI><a href="#[c437bc]">&gt;&gt;</a>&nbsp;&nbsp;&nbsp;__aeabi_errno_addr
</UL>
<BR>[Called By]<UL><LI><a href="#[c46750]">&gt;&gt;</a>&nbsp;&nbsp;&nbsp;sqrt
</UL>

<P><STRONG><a name="[c437bc]"></a>__aeabi_errno_addr</STRONG> (Thumb, 12 bytes, Stack size 0 bytes, rt_errno_addr_intlibspace.o(.text))
<BR><BR>[Called By]<UL><LI><a href="#[c46390]">&gt;&gt;</a>&nbsp;&nbsp;&nbsp;__set_errno
<LI><a href="#[c463cc]">&gt;&gt;</a>&nbsp;&nbsp;&nbsp;__read_errno
</UL>

<P><STRONG><a name="[c43780]"></a>__errno$intlibspace</STRONG> (Thumb, 0 bytes, Stack size 0 bytes, rt_errno_addr_intlibspace.o(.text), UNUSED)

<P><STRONG><a name="[c43744]"></a>__rt_errno_addr$intlibspace</STRONG> (Thumb, 0 bytes, Stack size 0 bytes, rt_errno_addr_intlibspace.o(.text), UNUSED)

<P><STRONG><a name="[c4312c]"></a>__user_libspace</STRONG> (Thumb, 8 bytes, Stack size 0 bytes, libspace.o(.text), UNUSED)

<P><STRONG><a name="[c430f0]"></a>__user_perproc_libspace</STRONG> (Thumb, 0 bytes, Stack size 0 bytes, libspace.o(.text))
<BR><BR>[Called By]<UL><LI><a href="#[c42fc4]">&gt;&gt;</a>&nbsp;&nbsp;&nbsp;__user_setup_stackheap
</UL>

<P><STRONG><a name="[c430b4]"></a>__user_perthread_libspace</STRONG> (Thumb, 0 bytes, Stack size 0 bytes, libspace.o(.text), UNUSED)

<P><STRONG><a name="[c42fc4]"></a>__user_setup_stackheap</STRONG> (Thumb, 74 bytes, Stack size 8 bytes, sys_stackheap_outer.o(.text))
<BR><BR>[Stack]<UL><LI>Max Depth = 8 + Unknown Stack Size
<LI>Call Chain = __user_setup_stackheap
</UL>
<BR>[Calls]<UL><LI><a href="#[bdf3a0]">&gt;&gt;</a>&nbsp;&nbsp;&nbsp;__user_initial_stackheap
<LI><a href="#[c430f0]">&gt;&gt;</a>&nbsp;&nbsp;&nbsp;__user_perproc_libspace
</UL>
<BR>[Called By]<UL><LI><a href="#[c43ac8]">&gt;&gt;</a>&nbsp;&nbsp;&nbsp;__rt_entry_sh
</UL>

<P><STRONG><a name="[c42e5c]"></a>exit</STRONG> (Thumb, 12 bytes, Stack size 0 bytes, exit.o(.text))
<BR><BR>[Calls]<UL><LI><a href="#[c420c4]">&gt;&gt;</a>&nbsp;&nbsp;&nbsp;__rt_exit
</UL>
<BR>[Called By]<UL><LI><a href="#[c43ce4]">&gt;&gt;</a>&nbsp;&nbsp;&nbsp;__rt_entry_main
</UL>

<P><STRONG><a name="[c41a34]"></a>__I$use$semihosting</STRONG> (Thumb, 0 bytes, Stack size 0 bytes, use_no_semi.o(.text))
<BR>[Address Reference Count : 1]<UL><LI> sys_exit.o(.text)
</UL>
<P><STRONG><a name="[c419f8]"></a>__use_no_semihosting_swi</STRONG> (Thumb, 2 bytes, Stack size 0 bytes, use_no_semi.o(.text), UNUSED)

<P><STRONG><a name="[c412f0]"></a>_sys_exit</STRONG> (Thumb, 16 bytes, Stack size 0 bytes, sys_exit.o(.text))
<BR><BR>[Called By]<UL><LI><a href="#[c417dc]">&gt;&gt;</a>&nbsp;&nbsp;&nbsp;__rt_exit_exit
</UL>

<P><STRONG><a name="[c46750]"></a>sqrt</STRONG> (Thumb, 62 bytes, Stack size 16 bytes, sqrt.o(i.sqrt))
<BR><BR>[Stack]<UL><LI>Max Depth = 32<LI>Call Chain = sqrt &rArr; _dsqrt
</UL>
<BR>[Calls]<UL><LI><a href="#[c434b0]">&gt;&gt;</a>&nbsp;&nbsp;&nbsp;__fpl_dcheck_NaN2
<LI><a href="#[c446f8]">&gt;&gt;</a>&nbsp;&nbsp;&nbsp;_dsqrt
<LI><a href="#[c46390]">&gt;&gt;</a>&nbsp;&nbsp;&nbsp;__set_errno
<LI><a href="#[c47d94]">&gt;&gt;</a>&nbsp;&nbsp;&nbsp;__aeabi_cdcmple
</UL>
<BR>[Called By]<UL><LI><a href="#[be5fe8]">&gt;&gt;</a>&nbsp;&nbsp;&nbsp;touch_adjust
</UL>

<P><STRONG><a name="[c434b0]"></a>__fpl_dcheck_NaN2</STRONG> (Thumb, 10 bytes, Stack size 0 bytes, dcheck.o(x$fpl$dcheck))
<BR><BR>[Calls]<UL><LI><a href="#[c433c0]">&gt;&gt;</a>&nbsp;&nbsp;&nbsp;__fpl_return_NaN
</UL>
<BR>[Called By]<UL><LI><a href="#[c4489c]">&gt;&gt;</a>&nbsp;&nbsp;&nbsp;__fpl_dcmp_InfNaN
<LI><a href="#[c46750]">&gt;&gt;</a>&nbsp;&nbsp;&nbsp;sqrt
</UL>

<P><STRONG><a name="[c449c8]"></a>__fpl_dcheck_NaN1</STRONG> (Thumb, 10 bytes, Stack size 0 bytes, dcheck1.o(x$fpl$dcheck1))
<BR><BR>[Calls]<UL><LI><a href="#[c433c0]">&gt;&gt;</a>&nbsp;&nbsp;&nbsp;__fpl_return_NaN
</UL>
<BR>[Called By]<UL><LI><a href="#[c446f8]">&gt;&gt;</a>&nbsp;&nbsp;&nbsp;_dsqrt
<LI><a href="#[c48244]">&gt;&gt;</a>&nbsp;&nbsp;&nbsp;_dfixu
</UL>

<P><STRONG><a name="[c4489c]"></a>__fpl_dcmp_InfNaN</STRONG> (Thumb, 120 bytes, Stack size 4 bytes, dcmpin.o(x$fpl$dcmpinfnan), UNUSED)
<BR><BR>[Calls]<UL><LI><a href="#[c432d0]">&gt;&gt;</a>&nbsp;&nbsp;&nbsp;__fpl_cmpreturn
<LI><a href="#[c434b0]">&gt;&gt;</a>&nbsp;&nbsp;&nbsp;__fpl_dcheck_NaN2
</UL>
<BR>[Called By]<UL><LI><a href="#[c47bf0]">&gt;&gt;</a>&nbsp;&nbsp;&nbsp;_drcmple
<LI><a href="#[c47d58]">&gt;&gt;</a>&nbsp;&nbsp;&nbsp;_dcmple
</UL>

<P><STRONG><a name="[c44860]"></a>__fpl_inf_dcmp</STRONG> (Thumb, 0 bytes, Stack size unknown bytes, dcmpin.o(x$fpl$dcmpinfnan), UNUSED)

<P><STRONG><a name="[c443ec]"></a>__fpl_fcmp_InfNaN</STRONG> (Thumb, 88 bytes, Stack size 0 bytes, fcmpin.o(x$fpl$dcmpinfnan), UNUSED)
<BR><BR>[Calls]<UL><LI><a href="#[c432d0]">&gt;&gt;</a>&nbsp;&nbsp;&nbsp;__fpl_cmpreturn
<LI><a href="#[c445cc]">&gt;&gt;</a>&nbsp;&nbsp;&nbsp;__fpl_fcheck_NaN2
</UL>
<BR>[Called By]<UL><LI><a href="#[c471a0]">&gt;&gt;</a>&nbsp;&nbsp;&nbsp;_fcmpeq
</UL>

<P><STRONG><a name="[c443b0]"></a>__fpl_inf_fcmp</STRONG> (Thumb, 0 bytes, Stack size unknown bytes, fcmpin.o(x$fpl$dcmpinfnan), UNUSED)

<P><STRONG><a name="[c48280]"></a>__aeabi_d2uiz</STRONG> (Thumb, 0 bytes, Stack size 8 bytes, dfixu.o(x$fpl$dfixu))
<BR><BR>[Stack]<UL><LI>Max Depth = 8<LI>Call Chain = __aeabi_d2uiz
</UL>
<BR>[Called By]<UL><LI><a href="#[be5fe8]">&gt;&gt;</a>&nbsp;&nbsp;&nbsp;touch_adjust
</UL>

<P><STRONG><a name="[c48244]"></a>_dfixu</STRONG> (Thumb, 110 bytes, Stack size 8 bytes, dfixu.o(x$fpl$dfixu), UNUSED)
<BR><BR>[Calls]<UL><LI><a href="#[c449c8]">&gt;&gt;</a>&nbsp;&nbsp;&nbsp;__fpl_dcheck_NaN1
</UL>

<P><STRONG><a name="[c48208]"></a>__fpl_inf_dfixu</STRONG> (Thumb, 0 bytes, Stack size unknown bytes, dfixu.o(x$fpl$dfixu), UNUSED)

<P><STRONG><a name="[c47f74]"></a>__aeabi_i2d</STRONG> (Thumb, 0 bytes, Stack size 0 bytes, dflt_clz.o(x$fpl$dflt), UNUSED)

<P><STRONG><a name="[c47f38]"></a>_dflt</STRONG> (Thumb, 44 bytes, Stack size 0 bytes, dflt_clz.o(x$fpl$dflt), UNUSED)

<P><STRONG><a name="[c47efc]"></a>__dflt_normalise</STRONG> (Thumb, 0 bytes, Stack size unknown bytes, dflt_clz.o(x$fpl$dflt), UNUSED)
<BR><BR>[Called By]<UL><LI><a href="#[c47e84]">&gt;&gt;</a>&nbsp;&nbsp;&nbsp;_dfltu
</UL>

<P><STRONG><a name="[c47ec0]"></a>__aeabi_ui2d</STRONG> (Thumb, 0 bytes, Stack size 0 bytes, dflt_clz.o(x$fpl$dfltu))
<BR><BR>[Called By]<UL><LI><a href="#[be5fe8]">&gt;&gt;</a>&nbsp;&nbsp;&nbsp;touch_adjust
</UL>

<P><STRONG><a name="[c47e84]"></a>_dfltu</STRONG> (Thumb, 10 bytes, Stack size 0 bytes, dflt_clz.o(x$fpl$dfltu), UNUSED)
<BR><BR>[Calls]<UL><LI><a href="#[c47efc]">&gt;&gt;</a>&nbsp;&nbsp;&nbsp;__dflt_normalise
</UL>

<P><STRONG><a name="[c47d94]"></a>__aeabi_cdcmple</STRONG> (Thumb, 0 bytes, Stack size 0 bytes, dleqf.o(x$fpl$dleqf))
<BR><BR>[Called By]<UL><LI><a href="#[be5fe8]">&gt;&gt;</a>&nbsp;&nbsp;&nbsp;touch_adjust
<LI><a href="#[c46750]">&gt;&gt;</a>&nbsp;&nbsp;&nbsp;sqrt
</UL>

<P><STRONG><a name="[c47d58]"></a>_dcmple</STRONG> (Thumb, 106 bytes, Stack size 0 bytes, dleqf.o(x$fpl$dleqf), UNUSED)
<BR><BR>[Calls]<UL><LI><a href="#[c4489c]">&gt;&gt;</a>&nbsp;&nbsp;&nbsp;__fpl_dcmp_InfNaN
</UL>

<P><STRONG><a name="[c47c2c]"></a>__aeabi_cdrcmple</STRONG> (Thumb, 0 bytes, Stack size 0 bytes, drleqf.o(x$fpl$drleqf))
<BR><BR>[Called By]<UL><LI><a href="#[be5fe8]">&gt;&gt;</a>&nbsp;&nbsp;&nbsp;touch_adjust
</UL>

<P><STRONG><a name="[c47bf0]"></a>_drcmple</STRONG> (Thumb, 130 bytes, Stack size 0 bytes, drleqf.o(x$fpl$drleqf), UNUSED)
<BR><BR>[Calls]<UL><LI><a href="#[c4489c]">&gt;&gt;</a>&nbsp;&nbsp;&nbsp;__fpl_dcmp_InfNaN
</UL>

<P><STRONG><a name="[c446f8]"></a>_dsqrt</STRONG> (Thumb, 316 bytes, Stack size 16 bytes, dsqrt.o(x$fpl$dsqrt))
<BR><BR>[Stack]<UL><LI>Max Depth = 16<LI>Call Chain = _dsqrt
</UL>
<BR>[Calls]<UL><LI><a href="#[c449c8]">&gt;&gt;</a>&nbsp;&nbsp;&nbsp;__fpl_dcheck_NaN1
</UL>
<BR>[Called By]<UL><LI><a href="#[c46750]">&gt;&gt;</a>&nbsp;&nbsp;&nbsp;sqrt
</UL>

<P><STRONG><a name="[c446bc]"></a>__fpl_inf_dsqrt</STRONG> (Thumb, 0 bytes, Stack size unknown bytes, dsqrt.o(x$fpl$dsqrt), UNUSED)

<P><STRONG><a name="[c47b00]"></a>__aeabi_f2d</STRONG> (Thumb, 0 bytes, Stack size 0 bytes, f2d.o(x$fpl$f2d))
<BR><BR>[Called By]<UL><LI><a href="#[be5fe8]">&gt;&gt;</a>&nbsp;&nbsp;&nbsp;touch_adjust
</UL>

<P><STRONG><a name="[c47ac4]"></a>_f2d</STRONG> (Thumb, 76 bytes, Stack size 0 bytes, f2d.o(x$fpl$f2d), UNUSED)
<BR><BR>[Calls]<UL><LI><a href="#[c444dc]">&gt;&gt;</a>&nbsp;&nbsp;&nbsp;__fpl_fcheck_NaN1
</UL>

<P><STRONG><a name="[c47a88]"></a>__fpl_inf_f2d</STRONG> (Thumb, 0 bytes, Stack size unknown bytes, f2d.o(x$fpl$f2d), UNUSED)

<P><STRONG><a name="[c477b8]"></a>__aeabi_fadd</STRONG> (Thumb, 0 bytes, Stack size 0 bytes, faddsub_clz.o(x$fpl$fadd))
<BR><BR>[Called By]<UL><LI><a href="#[be2064]">&gt;&gt;</a>&nbsp;&nbsp;&nbsp;Touch_Key_Pro
</UL>

<P><STRONG><a name="[c4777c]"></a>_fadd</STRONG> (Thumb, 248 bytes, Stack size 0 bytes, faddsub_clz.o(x$fpl$fadd), UNUSED)
<BR><BR>[Calls]<UL><LI><a href="#[c445cc]">&gt;&gt;</a>&nbsp;&nbsp;&nbsp;__fpl_fcheck_NaN2
<LI><a href="#[c477f4]">&gt;&gt;</a>&nbsp;&nbsp;&nbsp;_fsub1
</UL>

<P><STRONG><a name="[c47740]"></a>__fpl_inf_fadd</STRONG> (Thumb, 0 bytes, Stack size unknown bytes, faddsub_clz.o(x$fpl$fadd), UNUSED)

<P><STRONG><a name="[c445cc]"></a>__fpl_fcheck_NaN2</STRONG> (Thumb, 6 bytes, Stack size 0 bytes, fcheck.o(x$fpl$fcheck), UNUSED)
<BR><BR>[Calls]<UL><LI><a href="#[c433c0]">&gt;&gt;</a>&nbsp;&nbsp;&nbsp;__fpl_return_NaN
</UL>
<BR>[Called By]<UL><LI><a href="#[c443ec]">&gt;&gt;</a>&nbsp;&nbsp;&nbsp;__fpl_fcmp_InfNaN
<LI><a href="#[c46930]">&gt;&gt;</a>&nbsp;&nbsp;&nbsp;_fmul
<LI><a href="#[c47380]">&gt;&gt;</a>&nbsp;&nbsp;&nbsp;_fdiv
<LI><a href="#[c47650]">&gt;&gt;</a>&nbsp;&nbsp;&nbsp;_fsub
<LI><a href="#[c4777c]">&gt;&gt;</a>&nbsp;&nbsp;&nbsp;_fadd
</UL>

<P><STRONG><a name="[c444dc]"></a>__fpl_fcheck_NaN1</STRONG> (Thumb, 6 bytes, Stack size 0 bytes, fcheck1.o(x$fpl$fcheck1), UNUSED)
<BR><BR>[Calls]<UL><LI><a href="#[c433c0]">&gt;&gt;</a>&nbsp;&nbsp;&nbsp;__fpl_return_NaN
</UL>
<BR>[Called By]<UL><LI><a href="#[c46d68]">&gt;&gt;</a>&nbsp;&nbsp;&nbsp;_ffixu
<LI><a href="#[c46fc0]">&gt;&gt;</a>&nbsp;&nbsp;&nbsp;_ffix
<LI><a href="#[c47ac4]">&gt;&gt;</a>&nbsp;&nbsp;&nbsp;_f2d
</UL>

<P><STRONG><a name="[c473bc]"></a>__aeabi_fdiv</STRONG> (Thumb, 0 bytes, Stack size 4 bytes, fdiv.o(x$fpl$fdiv))
<BR><BR>[Stack]<UL><LI>Max Depth = 4<LI>Call Chain = __aeabi_fdiv
</UL>
<BR>[Called By]<UL><LI><a href="#[be5fe8]">&gt;&gt;</a>&nbsp;&nbsp;&nbsp;touch_adjust
</UL>

<P><STRONG><a name="[c47380]"></a>_fdiv</STRONG> (Thumb, 476 bytes, Stack size 4 bytes, fdiv.o(x$fpl$fdiv), UNUSED)
<BR><BR>[Calls]<UL><LI><a href="#[c445cc]">&gt;&gt;</a>&nbsp;&nbsp;&nbsp;__fpl_fcheck_NaN2
</UL>

<P><STRONG><a name="[c47344]"></a>__fpl_inf_fdiv</STRONG> (Thumb, 0 bytes, Stack size unknown bytes, fdiv.o(x$fpl$fdiv), UNUSED)

<P><STRONG><a name="[c471dc]"></a>__aeabi_cfcmpeq</STRONG> (Thumb, 0 bytes, Stack size 0 bytes, feqf.o(x$fpl$feqf))
<BR><BR>[Called By]<UL><LI><a href="#[be2064]">&gt;&gt;</a>&nbsp;&nbsp;&nbsp;Touch_Key_Pro
</UL>

<P><STRONG><a name="[c471a0]"></a>_fcmpeq</STRONG> (Thumb, 90 bytes, Stack size 0 bytes, feqf.o(x$fpl$feqf), UNUSED)
<BR><BR>[Calls]<UL><LI><a href="#[c443ec]">&gt;&gt;</a>&nbsp;&nbsp;&nbsp;__fpl_fcmp_InfNaN
</UL>

<P><STRONG><a name="[c46ffc]"></a>__aeabi_f2iz</STRONG> (Thumb, 0 bytes, Stack size 0 bytes, ffix.o(x$fpl$ffix))
<BR><BR>[Called By]<UL><LI><a href="#[be5fe8]">&gt;&gt;</a>&nbsp;&nbsp;&nbsp;touch_adjust
</UL>

<P><STRONG><a name="[c46fc0]"></a>_ffix</STRONG> (Thumb, 108 bytes, Stack size 0 bytes, ffix.o(x$fpl$ffix), UNUSED)
<BR><BR>[Calls]<UL><LI><a href="#[c444dc]">&gt;&gt;</a>&nbsp;&nbsp;&nbsp;__fpl_fcheck_NaN1
</UL>

<P><STRONG><a name="[c46f84]"></a>__fpl_inf_ffix</STRONG> (Thumb, 0 bytes, Stack size unknown bytes, ffix.o(x$fpl$ffix), UNUSED)

<P><STRONG><a name="[c46da4]"></a>__aeabi_f2uiz</STRONG> (Thumb, 0 bytes, Stack size 0 bytes, ffixu.o(x$fpl$ffixu))
<BR><BR>[Called By]<UL><LI><a href="#[be2064]">&gt;&gt;</a>&nbsp;&nbsp;&nbsp;Touch_Key_Pro
</UL>

<P><STRONG><a name="[c46d68]"></a>_ffixu</STRONG> (Thumb, 82 bytes, Stack size 0 bytes, ffixu.o(x$fpl$ffixu), UNUSED)
<BR><BR>[Calls]<UL><LI><a href="#[c444dc]">&gt;&gt;</a>&nbsp;&nbsp;&nbsp;__fpl_fcheck_NaN1
</UL>

<P><STRONG><a name="[c46d2c]"></a>__fpl_inf_ffixu</STRONG> (Thumb, 0 bytes, Stack size unknown bytes, ffixu.o(x$fpl$ffixu), UNUSED)

<P><STRONG><a name="[c46b4c]"></a>__aeabi_i2f</STRONG> (Thumb, 0 bytes, Stack size 0 bytes, fflt_clz.o(x$fpl$fflt))
<BR><BR>[Called By]<UL><LI><a href="#[be2064]">&gt;&gt;</a>&nbsp;&nbsp;&nbsp;Touch_Key_Pro
<LI><a href="#[be5fe8]">&gt;&gt;</a>&nbsp;&nbsp;&nbsp;touch_adjust
</UL>

<P><STRONG><a name="[c46b10]"></a>_fflt</STRONG> (Thumb, 50 bytes, Stack size 0 bytes, fflt_clz.o(x$fpl$fflt), UNUSED)

<P><STRONG><a name="[c46ad4]"></a>__fflt_normalise</STRONG> (Thumb, 0 bytes, Stack size unknown bytes, fflt_clz.o(x$fpl$fflt), UNUSED)
<BR><BR>[Called By]<UL><LI><a href="#[c46a5c]">&gt;&gt;</a>&nbsp;&nbsp;&nbsp;_ffltu
</UL>

<P><STRONG><a name="[c46a98]"></a>__aeabi_ui2f</STRONG> (Thumb, 0 bytes, Stack size 0 bytes, fflt_clz.o(x$fpl$ffltu))
<BR><BR>[Called By]<UL><LI><a href="#[be2064]">&gt;&gt;</a>&nbsp;&nbsp;&nbsp;Touch_Key_Pro
<LI><a href="#[be5fe8]">&gt;&gt;</a>&nbsp;&nbsp;&nbsp;touch_adjust
</UL>

<P><STRONG><a name="[c46a5c]"></a>_ffltu</STRONG> (Thumb, 8 bytes, Stack size 0 bytes, fflt_clz.o(x$fpl$ffltu), UNUSED)
<BR><BR>[Calls]<UL><LI><a href="#[c46ad4]">&gt;&gt;</a>&nbsp;&nbsp;&nbsp;__fflt_normalise
</UL>

<P><STRONG><a name="[c4696c]"></a>__aeabi_fmul</STRONG> (Thumb, 0 bytes, Stack size 0 bytes, fmul.o(x$fpl$fmul))
<BR><BR>[Called By]<UL><LI><a href="#[be2064]">&gt;&gt;</a>&nbsp;&nbsp;&nbsp;Touch_Key_Pro
<LI><a href="#[be5fe8]">&gt;&gt;</a>&nbsp;&nbsp;&nbsp;touch_adjust
</UL>

<P><STRONG><a name="[c46930]"></a>_fmul</STRONG> (Thumb, 258 bytes, Stack size 0 bytes, fmul.o(x$fpl$fmul), UNUSED)
<BR><BR>[Calls]<UL><LI><a href="#[c445cc]">&gt;&gt;</a>&nbsp;&nbsp;&nbsp;__fpl_fcheck_NaN2
</UL>

<P><STRONG><a name="[c468f4]"></a>__fpl_inf_fmul</STRONG> (Thumb, 0 bytes, Stack size unknown bytes, fmul.o(x$fpl$fmul), UNUSED)

<P><STRONG><a name="[c442c0]"></a>__fpl_normalise2</STRONG> (Thumb, 74 bytes, Stack size 4 bytes, fnorm2_clz.o(x$fpl$fnorm2), UNUSED)

<P><STRONG><a name="[c47704]"></a>__aeabi_frsub</STRONG> (Thumb, 0 bytes, Stack size 0 bytes, faddsub_clz.o(x$fpl$frsb))
<BR><BR>[Called By]<UL><LI><a href="#[be5fe8]">&gt;&gt;</a>&nbsp;&nbsp;&nbsp;touch_adjust
</UL>

<P><STRONG><a name="[c476c8]"></a>_frsb</STRONG> (Thumb, 20 bytes, Stack size 0 bytes, faddsub_clz.o(x$fpl$frsb), UNUSED)
<BR><BR>[Calls]<UL><LI><a href="#[c477f4]">&gt;&gt;</a>&nbsp;&nbsp;&nbsp;_fsub1
<LI><a href="#[c47830]">&gt;&gt;</a>&nbsp;&nbsp;&nbsp;_fadd1
</UL>

<P><STRONG><a name="[c4768c]"></a>__aeabi_fsub</STRONG> (Thumb, 0 bytes, Stack size 0 bytes, faddsub_clz.o(x$fpl$fsub), UNUSED)

<P><STRONG><a name="[c47650]"></a>_fsub</STRONG> (Thumb, 282 bytes, Stack size 0 bytes, faddsub_clz.o(x$fpl$fsub), UNUSED)
<BR><BR>[Calls]<UL><LI><a href="#[c445cc]">&gt;&gt;</a>&nbsp;&nbsp;&nbsp;__fpl_fcheck_NaN2
<LI><a href="#[c47830]">&gt;&gt;</a>&nbsp;&nbsp;&nbsp;_fadd1
</UL>

<P><STRONG><a name="[c47614]"></a>__fpl_inf_fsub</STRONG> (Thumb, 0 bytes, Stack size unknown bytes, faddsub_clz.o(x$fpl$fsub), UNUSED)

<P><STRONG><a name="[c441d0]"></a>__funder</STRONG> (Thumb, 132 bytes, Stack size 0 bytes, funder.o(x$fpl$funder), UNUSED)

<P><STRONG><a name="[c44194]"></a>__funder_d</STRONG> (Thumb, 2 bytes, Stack size 0 bytes, funder.o(x$fpl$funder), UNUSED)

<P><STRONG><a name="[c433c0]"></a>__fpl_return_NaN</STRONG> (Thumb, 100 bytes, Stack size 0 bytes, retnan.o(x$fpl$retnan))
<BR><BR>[Calls]<UL><LI><a href="#[c432d0]">&gt;&gt;</a>&nbsp;&nbsp;&nbsp;__fpl_cmpreturn
</UL>
<BR>[Called By]<UL><LI><a href="#[c434b0]">&gt;&gt;</a>&nbsp;&nbsp;&nbsp;__fpl_dcheck_NaN2
<LI><a href="#[c444dc]">&gt;&gt;</a>&nbsp;&nbsp;&nbsp;__fpl_fcheck_NaN1
<LI><a href="#[c445cc]">&gt;&gt;</a>&nbsp;&nbsp;&nbsp;__fpl_fcheck_NaN2
<LI><a href="#[c449c8]">&gt;&gt;</a>&nbsp;&nbsp;&nbsp;__fpl_dcheck_NaN1
</UL>

<P><STRONG><a name="[c432d0]"></a>__fpl_cmpreturn</STRONG> (Thumb, 48 bytes, Stack size 0 bytes, trapv.o(x$fpl$trapveneer))
<BR><BR>[Called By]<UL><LI><a href="#[c433c0]">&gt;&gt;</a>&nbsp;&nbsp;&nbsp;__fpl_return_NaN
<LI><a href="#[c443ec]">&gt;&gt;</a>&nbsp;&nbsp;&nbsp;__fpl_fcmp_InfNaN
<LI><a href="#[c4489c]">&gt;&gt;</a>&nbsp;&nbsp;&nbsp;__fpl_dcmp_InfNaN
</UL>

<P><STRONG><a name="[c440e0]"></a>__I$use$fp</STRONG> (Thumb, 0 bytes, Stack size unknown bytes, usenofp.o(x$fpl$usenofp), UNUSED)
<P>
<H3>
Local Symbols
</H3>
<P><STRONG><a name="[be870c]"></a>SetSysClock</STRONG> (Thumb, 2 bytes, Stack size 0 bytes, main.o(.text))
<BR><BR>[Called By]<UL><LI><a href="#[be6588]">&gt;&gt;</a>&nbsp;&nbsp;&nbsp;SystemInit
</UL>

<P><STRONG><a name="[be42d8]"></a>Delay</STRONG> (Thumb, 10 bytes, Stack size 0 bytes, lcd.o(.text))
<BR><BR>[Called By]<UL><LI><a href="#[be636c]">&gt;&gt;</a>&nbsp;&nbsp;&nbsp;LCD_Setup
</UL>

<P><STRONG><a name="[be429c]"></a>StrLength</STRONG> (Thumb, 20 bytes, Stack size 0 bytes, lcd.o(.text), UNUSED)
<BR><BR>[Called By]<UL><LI><a href="#[be3bd0]">&gt;&gt;</a>&nbsp;&nbsp;&nbsp;LCD_DisplayString
</UL>

<P><STRONG><a name="[c4acec]"></a>TI4_Config</STRONG> (Thumb, 66 bytes, Stack size 20 bytes, stm32f10x_tim.o(.text), UNUSED)
<BR><BR>[Called By]<UL><LI><a href="#[c4a92c]">&gt;&gt;</a>&nbsp;&nbsp;&nbsp;TIM_ICInit
</UL>

<P><STRONG><a name="[c4acb0]"></a>TI3_Config</STRONG> (Thumb, 60 bytes, Stack size 20 bytes, stm32f10x_tim.o(.text), UNUSED)
<BR><BR>[Called By]<UL><LI><a href="#[c4a92c]">&gt;&gt;</a>&nbsp;&nbsp;&nbsp;TIM_ICInit
</UL>

<P><STRONG><a name="[c4ac74]"></a>TI2_Config</STRONG> (Thumb, 80 bytes, Stack size 20 bytes, stm32f10x_tim.o(.text), UNUSED)
<BR><BR>[Called By]<UL><LI><a href="#[c4a5e4]">&gt;&gt;</a>&nbsp;&nbsp;&nbsp;TIM_TIxExternalClockConfig
<LI><a href="#[c4a8f0]">&gt;&gt;</a>&nbsp;&nbsp;&nbsp;TIM_PWMIConfig
<LI><a href="#[c4a92c]">&gt;&gt;</a>&nbsp;&nbsp;&nbsp;TIM_ICInit
</UL>

<P><STRONG><a name="[c4ac38]"></a>TI1_Config</STRONG> (Thumb, 50 bytes, Stack size 20 bytes, stm32f10x_tim.o(.text), UNUSED)
<BR><BR>[Called By]<UL><LI><a href="#[c4a5e4]">&gt;&gt;</a>&nbsp;&nbsp;&nbsp;TIM_TIxExternalClockConfig
<LI><a href="#[c4a8f0]">&gt;&gt;</a>&nbsp;&nbsp;&nbsp;TIM_PWMIConfig
<LI><a href="#[c4a92c]">&gt;&gt;</a>&nbsp;&nbsp;&nbsp;TIM_ICInit
</UL>

<P><STRONG><a name="[c47830]"></a>_fadd1</STRONG> (Thumb, 0 bytes, Stack size unknown bytes, faddsub_clz.o(x$fpl$fadd), UNUSED)
<BR><BR>[Called By]<UL><LI><a href="#[c47650]">&gt;&gt;</a>&nbsp;&nbsp;&nbsp;_fsub
<LI><a href="#[c476c8]">&gt;&gt;</a>&nbsp;&nbsp;&nbsp;_frsb
</UL>

<P><STRONG><a name="[c477f4]"></a>_fsub1</STRONG> (Thumb, 0 bytes, Stack size unknown bytes, faddsub_clz.o(x$fpl$fsub), UNUSED)
<BR><BR>[Called By]<UL><LI><a href="#[c476c8]">&gt;&gt;</a>&nbsp;&nbsp;&nbsp;_frsb
<LI><a href="#[c4777c]">&gt;&gt;</a>&nbsp;&nbsp;&nbsp;_fadd
</UL>
<P>
<H3>
Undefined Global Symbols
</H3><HR></body></html>
