ARM Linker, RVCT4.0 [Build 524] for uVision [Standard]

==============================================================================

Section Cross References

    main.o(.text) refers to stm32f10x_nvic.o(.text) for NVIC_PriorityGroupConfig
    main.o(.text) refers to stm32f10x_gpio.o(.text) for GPIO_EXTILineConfig
    main.o(.text) refers to stm32f10x_exti.o(.text) for EXTI_Init
    main.o(.text) refers to stm32f10x_fsmc.o(.text) for FSMC_NORSRAMInit
    main.o(.text) refers to stm32f10x_rcc.o(.text) for RCC_APB2PeriphClockCmd
    main.o(.text) refers to touch.o(.text) for delay_init
    main.o(.text) refers to spi_flash.o(.text) for SPI_Flash_Init
    main.o(.text) refers to lcd.o(.text) for LCD_Setup
    main.o(.text) refers to rand.o(.text) for srand
    main.o(.text) refers to zhouhaijun.o(.text) for perform
    main.o(.text) refers to stm32f10x_tim.o(.text) for TIM_DeInit
    main.o(.text) refers to main.o(.data) for EXTI_InitStructure
    main.o(.text) refers to main.o(.bss) for TIM_TimeBaseStructure
    stm32f10x_it.o(.text) refers to stm32f10x_exti.o(.text) for EXTI_GetITStatus
    stm32f10x_it.o(.text) refers to zhouhaijun.o(.text) for Delay
    stm32f10x_it.o(.text) refers to stm32f10x_rcc.o(.text) for RCC_APB1PeriphClockCmd
    stm32f10x_it.o(.text) refers to stm32f10x_tim.o(.text) for TIM_DeInit
    stm32f10x_it.o(.text) refers to stm32f10x_gpio.o(.text) for GPIO_ResetBits
    stm32f10x_it.o(.text) refers to zhouhaijun.o(.data) for flag
    stm32f10x_it.o(.text) refers to stm32f10x_it.o(.data) for nnn
    stm32f10x_it.o(.text) refers to main.o(.bss) for TIM_TimeBaseStructure
    stm32f10x_it.o(.text) refers to touch.o(.bss) for Pen_Point
    stm32f10x_it.o(.text) refers to touch.o(.data) for _it1
    lcd.o(.text) refers to stm32f10x_rcc.o(.text) for RCC_APB2PeriphClockCmd
    lcd.o(.text) refers to stm32f10x_gpio.o(.text) for GPIO_Init
    lcd.o(.text) refers to lcd.o(.data) for .data
    lcd.o(.text) refers to lcd.o(.constdata) for ASCII_Table
    lcd.o(.text) refers to zhouhaijun.o(.text) for ShowPicture
    lcd.o(.text) refers to touch.o(.data) for POINT_COLOR
    spi_flash.o(.text) refers to stm32f10x_rcc.o(.text) for RCC_APB2PeriphClockCmd
    spi_flash.o(.text) refers to stm32f10x_gpio.o(.text) for GPIO_Init
    spi_flash.o(.text) refers to stm32f10x_spi.o(.text) for SPI_Init
    touch.o(.text) refers to spi_flash.o(.text) for SPI_Flash_SendByte
    touch.o(.text) refers to stm32f10x_gpio.o(.text) for GPIO_ReadInputDataBit
    touch.o(.text) refers to touch.o(.data) for .data
    touch.o(.text) refers to touch.o(.bss) for Pen_Point
    touch.o(.text) refers to feqf.o(x$fpl$feqf) for __aeabi_cfcmpeq
    touch.o(.text) refers to fflt_clz.o(x$fpl$fflt) for __aeabi_i2f
    touch.o(.text) refers to fflt_clz.o(x$fpl$ffltu) for __aeabi_ui2f
    touch.o(.text) refers to fmul.o(x$fpl$fmul) for __aeabi_fmul
    touch.o(.text) refers to faddsub_clz.o(x$fpl$fadd) for __aeabi_fadd
    touch.o(.text) refers to ffixu.o(x$fpl$ffixu) for __aeabi_f2uiz
    touch.o(.text) refers to lcd.o(.text) for LCD_Clear
    touch.o(.text) refers to dflt_clz.o(x$fpl$dfltu) for __aeabi_ui2d
    touch.o(.text) refers to sqrt.o(i.sqrt) for sqrt
    touch.o(.text) refers to dfixu.o(x$fpl$dfixu) for __aeabi_d2uiz
    touch.o(.text) refers to fdiv.o(x$fpl$fdiv) for __aeabi_fdiv
    touch.o(.text) refers to f2d.o(x$fpl$f2d) for __aeabi_f2d
    touch.o(.text) refers to dleqf.o(x$fpl$dleqf) for __aeabi_cdcmple
    touch.o(.text) refers to drleqf.o(x$fpl$drleqf) for __aeabi_cdrcmple
    touch.o(.text) refers to faddsub_clz.o(x$fpl$frsb) for __aeabi_frsub
    touch.o(.text) refers to ffix.o(x$fpl$ffix) for __aeabi_f2iz
    baiming.o(.text) refers to lcd.o(.text) for LCD_Clear
    baiming.o(.text) refers to zhouhaijun.o(.text) for Delay
    baiming.o(.text) refers to picture.o(.constdata) for home_picture
    guowengang.o(.text) refers to lcd.o(.text) for address_set
    guowengang.o(.text) refers to picture.o(.constdata) for girl_1
    liuzhenwei.o(.text) refers to stm32f10x_gpio.o(.text) for GPIO_ResetBits
    liuzhenwei.o(.text) refers to lcd.o(.text) for LCD_Clear
    liuzhenwei.o(.text) refers to zhouhaijun.o(.text) for Delay
    liuzhenwei.o(.text) refers to picture1.o(.constdata) for girl_2
    zhouhaijun.o(.text) refers to lcd.o(.text) for address_set
    zhouhaijun.o(.text) refers to stm32f10x_usart.o(.text) for USART_SendData
    zhouhaijun.o(.text) refers to stm32f10x_rcc.o(.text) for RCC_APB2PeriphClockCmd
    zhouhaijun.o(.text) refers to stm32f10x_gpio.o(.text) for GPIO_Init
    zhouhaijun.o(.text) refers to rand.o(.text) for rand
    zhouhaijun.o(.text) refers to touch.o(.text) for delay_ms
    zhouhaijun.o(.text) refers to liuzhenwei.o(.text) for LED_Light
    zhouhaijun.o(.text) refers to picture.o(.constdata) for home_picture
    zhouhaijun.o(.text) refers to picture1.o(.constdata) for girl_2
[...]
    .ARM.Collect$$libinit$$00000009          0x080001ea   Section        4  libinit2.o(.ARM.Collect$$libinit$$00000009)
    .ARM.Collect$$libinit$$0000000A          0x080001ee   Section        0  libinit2.o(.ARM.Collect$$libinit$$0000000A)
    .ARM.Collect$$libinit$$0000000D          0x080001ee   Section        0  libinit2.o(.ARM.Collect$$libinit$$0000000D)
    .ARM.Collect$$libinit$$0000000F          0x080001ee   Section        0  libinit2.o(.ARM.Collect$$libinit$$0000000F)
    .ARM.Collect$$libinit$$00000011          0x080001ee   Section        0  libinit2.o(.ARM.Collect$$libinit$$00000011)
    .ARM.Collect$$libinit$$00000013          0x080001ee   Section        0  libinit2.o(.ARM.Collect$$libinit$$00000013)
    .ARM.Collect$$libinit$$00000015          0x080001ee   Section        0  libinit2.o(.ARM.Collect$$libinit$$00000015)
    .ARM.Collect$$libinit$$00000017          0x080001ee   Section        0  libinit2.o(.ARM.Collect$$libinit$$00000017)
    .ARM.Collect$$libinit$$00000019          0x080001ee   Section        0  libinit2.o(.ARM.Collect$$libinit$$00000019)
    .ARM.Collect$$libinit$$0000001B          0x080001ee   Section        0  libinit2.o(.ARM.Collect$$libinit$$0000001B)
    .ARM.Collect$$libinit$$0000001D          0x080001ee   Section        0  libinit2.o(.ARM.Collect$$libinit$$0000001D)
    .ARM.Collect$$libinit$$0000001F          0x080001ee   Section        0  libinit2.o(.ARM.Collect$$libinit$$0000001F)
    .ARM.Collect$$libinit$$00000021          0x080001ee   Section        0  libinit2.o(.ARM.Collect$$libinit$$00000021)
    .ARM.Collect$$libinit$$00000028          0x080001ee   Section        0  libinit2.o(.ARM.Collect$$libinit$$00000028)
    .ARM.Collect$$libinit$$0000002A          0x080001ee   Section        0  libinit2.o(.ARM.Collect$$libinit$$0000002A)
    .ARM.Collect$$libinit$$0000002C          0x080001ee   Section        0  libinit2.o(.ARM.Collect$$libinit$$0000002C)
    .ARM.Collect$$libinit$$0000002E          0x080001ee   Section        0  libinit2.o(.ARM.Collect$$libinit$$0000002E)
    .ARM.Collect$$libinit$$0000002F          0x080001ee   Section        2  libinit2.o(.ARM.Collect$$libinit$$0000002F)
    .ARM.Collect$$libshutdown$$00000000      0x080001f0   Section        2  libshutdown.o(.ARM.Collect$$libshutdown$$00000000)
    .ARM.Collect$$libshutdown$$00000003      0x080001f2   Section        0  libshutdown2.o(.ARM.Collect$$libshutdown$$00000003)
    .ARM.Collect$$libshutdown$$00000006      0x080001f2   Section        0  libshutdown2.o(.ARM.Collect$$libshutdown$$00000006)
    .ARM.Collect$$libshutdown$$00000009      0x080001f2   Section        0  libshutdown2.o(.ARM.Collect$$libshutdown$$00000009)
    .ARM.Collect$$libshutdown$$0000000B      0x080001f2   Section        0  libshutdown2.o(.ARM.Collect$$libshutdown$$0000000B)
    .ARM.Collect$$libshutdown$$0000000E      0x080001f2   Section        0  libshutdown2.o(.ARM.Collect$$libshutdown$$0000000E)
    .ARM.Collect$$libshutdown$$0000000F      0x080001f2   Section        2  libshutdown2.o(.ARM.Collect$$libshutdown$$0000000F)
    .ARM.Collect$$rtentry$$00000000          0x080001f4   Section        0  rtentry.o(.ARM.Collect$$rtentry$$00000000)
    .ARM.Collect$$rtentry$$00000002          0x080001f4   Section        0  rtentry2.o(.ARM.Collect$$rtentry$$00000002)
    .ARM.Collect$$rtentry$$00000004          0x080001f4   Section        6  rtentry4.o(.ARM.Collect$$rtentry$$00000004)
    .ARM.Collect$$rtentry$$00000009          0x080001fa   Section        0  rtentry2.o(.ARM.Collect$$rtentry$$00000009)
    .ARM.Collect$$rtentry$$0000000A          0x080001fa   Section        4  rtentry2.o(.ARM.Collect$$rtentry$$0000000A)
    .ARM.Collect$$rtentry$$0000000C          0x080001fe   Section        0  rtentry2.o(.ARM.Collect$$rtentry$$0000000C)
    .ARM.Collect$$rtentry$$0000000D          0x080001fe   Section        8  rtentry2.o(.ARM.Collect$$rtentry$$0000000D)
    .ARM.Collect$$rtexit$$00000000           0x08000206   Section        0  rtexit.o(.ARM.Collect$$rtexit$$00000000)
    .ARM.Collect$$rtexit$$00000002           0x08000206   Section        0  rtexit2.o(.ARM.Collect$$rtexit$$00000002)
    .ARM.Collect$$rtexit$$00000003           0x08000206   Section        4  rtexit2.o(.ARM.Collect$$rtexit$$00000003)
    .ARM.Collect$$rtexit$$00000004           0x0800020a   Section        4  rtexit2.o(.ARM.Collect$$rtexit$$00000004)
    .text                                    0x08000210   Section      668  main.o(.text)
    SetSysClock                              0x080003b7   Thumb Code     2  main.o(.text)
    .text                                    0x080004ac   Section      448  stm32f10x_it.o(.text)
    .text                                    0x0800066c   Section     2844  lcd.o(.text)
    Delay                                    0x08000691   Thumb Code    10  lcd.o(.text)
    StrLength                                0x0800069b   Thumb Code    20  lcd.o(.text)
    .text                                    0x08001188   Section      224  spi_flash.o(.text)
    .text                                    0x08001268   Section     3944  touch.o(.text)
    .text                                    0x080021d0   Section      220  baiming.o(.text)
    .text                                    0x080022ac   Section       88  guowengang.o(.text)
    .text                                    0x08002304   Section      408  liuzhenwei.o(.text)
    .text                                    0x0800249c   Section     1280  zhouhaijun.o(.text)
    .text                                    0x0800299c   Section      122  cortexm3_macro.o(.text)
    .text                                    0x08002a18   Section       36  stm32f10x_vector.o(.text)
    .text                                    0x08002a3c   Section      336  stm32f10x_exti.o(.text)
    .text                                    0x08002b8c   Section     1556  stm32f10x_fsmc.o(.text)
    .text                                    0x080031a0   Section      792  stm32f10x_gpio.o(.text)
    .text                                    0x080034b8   Section     1004  stm32f10x_nvic.o(.text)
    .text                                    0x080038a4   Section      928  stm32f10x_rcc.o(.text)
    .text                                    0x08003c44   Section      824  stm32f10x_spi.o(.text)
    .text                                    0x08003f7c   Section     2814  stm32f10x_tim.o(.text)
    TI4_Config                               0x0800427f   Thumb Code    66  stm32f10x_tim.o(.text)
    TI3_Config                               0x080042d3   Thumb Code    60  stm32f10x_tim.o(.text)
    TI2_Config                               0x08004325   Thumb Code    80  stm32f10x_tim.o(.text)
    TI1_Config                               0x08004387   Thumb Code    50  stm32f10x_tim.o(.text)
    .text                                    0x08004a7c   Section      880  stm32f10x_usart.o(.text)
    .text                                    0x08004dec   Section      120  rand.o(.text)
    .text                                    0x08004e64   Section        6  heapauxi.o(.text)
    .text                                    0x08004e6a   Section       22  _rserrno.o(.text)
    .text                                    0x08004e80   Section       12  rt_errno_addr_intlibspace.o(.text)
    .text                                    0x08004e8c   Section        8  libspace.o(.text)
    .text                                    0x08004e94   Section       74  sys_stackheap_outer.o(.text)
    .text                                    0x08004ede   Section       12  exit.o(.text)
    .text                                    0x08004eea   Section        2  use_no_semi.o(.text)
    .text                                    0x08004eec   Section       20  sys_exit.o(.text)
    i.sqrt                                   0x08004f00   Section       84  sqrt.o(i.sqrt)
    x$fpl$dcheck                             0x08004f54   Section       16  dcheck.o(x$fpl$dcheck)
    x$fpl$dcheck1                            0x08004f64   Section       16  dcheck1.o(x$fpl$dcheck1)
    x$fpl$dcmpinfnan                         0x08004f74   Section      120  dcmpin.o(x$fpl$dcmpinfnan)
    x$fpl$dcmpinfnan                         0x08004fec   Section       88  fcmpin.o(x$fpl$dcmpinfnan)
    x$fpl$dfixu                              0x08005044   Section      116  dfixu.o(x$fpl$dfixu)
    x$fpl$dflt                               0x080050b8   Section       44  dflt_clz.o(x$fpl$dflt)
    x$fpl$dfltu                              0x080050e4   Section       10  dflt_clz.o(x$fpl$dfltu)
    x$fpl$dleqf                              0x080050f0   Section      112  dleqf.o(x$fpl$dleqf)
    x$fpl$drleqf                             0x08005160   Section      136  drleqf.o(x$fpl$drleqf)
    x$fpl$dsqrt                              0x080051e8   Section      324  dsqrt.o(x$fpl$dsqrt)
    x$fpl$f2d                                0x0800532c   Section       80  f2d.o(x$fpl$f2d)
    x$fpl$fadd                               0x0800537c   Section      256  faddsub_clz.o(x$fpl$fadd)
    _fadd1                                   0x0800538b   Thumb Code     0  faddsub_clz.o(x$fpl$fadd)
    x$fpl$fcheck                             0x0800547c   Section       12  fcheck.o(x$fpl$fcheck)
    x$fpl$fcheck1                            0x08005488   Section       12  fcheck1.o(x$fpl$fcheck1)
    x$fpl$fdiv                               0x08005494   Section      484  fdiv.o(x$fpl$fdiv)
    _fdiv1                                   0x08005495   Thumb Code     0  fdiv.o(x$fpl$fdiv)
    x$fpl$feqf                               0x08005678   Section       96  feqf.o(x$fpl$feqf)
    x$fpl$ffix                               0x080056d8   Section      112  ffix.o(x$fpl$ffix)
    x$fpl$ffixu                              0x08005748   Section       88  ffixu.o(x$fpl$ffixu)
    x$fpl$fflt                               0x080057a0   Section       50  fflt_clz.o(x$fpl$fflt)
    x$fpl$ffltu                              0x080057d2   Section        8  fflt_clz.o(x$fpl$ffltu)
    x$fpl$fmul                               0x080057dc   Section      264  fmul.o(x$fpl$fmul)
    x$fpl$fnorm2                             0x080058e4   Section       74  fnorm2_clz.o(x$fpl$fnorm2)
    x$fpl$frsb                               0x0800592e   Section       20  faddsub_clz.o(x$fpl$frsb)
    x$fpl$fsub                               0x08005944   Section      292  faddsub_clz.o(x$fpl$fsub)
    _fsub1                                   0x08005953   Thumb Code     0  faddsub_clz.o(x$fpl$fsub)
    x$fpl$funder                             0x08005a68   Section      134  funder.o(x$fpl$funder)
    x$fpl$retnan                             0x08005aee   Section      100  retnan.o(x$fpl$retnan)
    x$fpl$trapveneer                         0x08005b52   Section       48  trapv.o(x$fpl$trapveneer)
    .constdata                               0x08005b82   Section     4560  lcd.o(.constdata)
    x$fpl$usenofp                            0x08005b82   Section        0  usenofp.o(x$fpl$usenofp)
    .constdata                               0x08006d52   Section    307200  picture.o(.constdata)
    .constdata                               0x08051d52   Section    153600  picture1.o(.constdata)
    .constdata                               0x08077552   Section       20  stm32f10x_rcc.o(.constdata)
    APBAHBPrescTable                         0x08077552   Data          16  stm32f10x_rcc.o(.constdata)
    ADCPrescTable                            0x08077562   Data           4  stm32f10x_rcc.o(.constdata)
    .data                                    0x20000000   Section       12  main.o(.data)
    .data                                    0x2000000c   Section       12  stm32f10x_it.o(.data)
    fac_us                                   0x2000000c   Data           1  stm32f10x_it.o(.data)
    fac_ms                                   0x20000010   Data           4  stm32f10x_it.o(.data)
    .data                                    0x20000018   Section        4  lcd.o(.data)
    TextColor                                0x20000018   Data           2  lcd.o(.data)
    BackColor                                0x2000001a   Data           2  lcd.o(.data)
    .data                                    0x2000001c   Section       52  touch.o(.data)
    fac_us                                   0x2000001c   Data           1  touch.o(.data)
    fac_ms                                   0x20000020   Data           4  touch.o(.data)
    .data                                    0x20000050   Section      380  zhouhaijun.o(.data)
    .data                                    0x200001cc   Section        5  stm32f10x_rcc.o(.data)
    StartUpCounter                           0x200001cc   Data           4  stm32f10x_rcc.o(.data)
    HSEStatus                                0x200001d0   Data           1  stm32f10x_rcc.o(.data)
    .data                                    0x200001d4   Section        8  rand.o(.data)
    _random_j                                0x200001d4   Data           4  rand.o(.data)
    _random_k                                0x200001d8   Data           4  rand.o(.data)
    .bss                                     0x200001dc   Section       10  main.o(.bss)
    .bss                                     0x200001e8   Section       32  touch.o(.bss)
    .bss                                     0x20000208   Section      220  rand.o(.bss)
    _random_number_seed                      0x20000208   Data         220  rand.o(.bss)
    .bss                                     0x200002e4   Section       96  libspace.o(.bss)
    HEAP                                     0x20000348   Section     1024  stm32f10x_vector.o(HEAP)
    Heap_Mem                                 0x20000348   Data        1024  stm32f10x_vector.o(HEAP)
    STACK                                    0x20000748   Section     1024  stm32f10x_vector.o(STACK)
    Stack_Mem                                0x20000748   Data        1024  stm32f10x_vector.o(STACK)
    __initial_sp                             0x20000b48   Data           0  stm32f10x_vector.o(STACK)

    Global Symbols

    Symbol Name                              Value     Ov Type        Size  Object(Section)

    BuildAttributes$$THM_ISAv4$P$D$K$B$S$PE$A:L22UL41UL21$X:L11$S22US41US21$IEEE1$IW$USESV6$~STKCKD$USESV7$~SHL$OSPACE$ROPI$IEEEJ$EBA8$UX$STANDARDLIB$REQ8$PRES8$EABIv2 0x00000000   Number         0  anon$$obj.o ABSOLUTE
    __ARM_use_no_argv                        0x00000000   Number         0  main.o ABSOLUTE
    __ARM_exceptions_init                     - Undefined Weak Reference
    __alloca_initialize                       - Undefined Weak Reference
    __cpp_initialize__aeabi_                  - Undefined Weak Reference
    __cxa_finalize                            - Undefined Weak Reference
    __fpl_infinity                            - Undefined Weak Reference
    __rt_locale                               - Undefined Weak Reference
    __sigvec_lookup                           - Undefined Weak Reference
    _atexit_init                              - Undefined Weak Reference
    _call_atexit_fns                          - Undefined Weak Reference
    _clock_init                               - Undefined Weak Reference
    _fp_trap_init                             - Undefined Weak Reference
    _fp_trap_shutdown                         - Undefined Weak Reference
    _get_lc_collate                           - Undefined Weak Reference
    _get_lc_ctype                             - Undefined Weak Reference
    _get_lc_monetary                          - Undefined Weak Reference
    _get_lc_numeric                           - Undefined Weak Reference
    _get_lc_time                              - Undefined Weak Reference
    _getenv_init                              - Undefined Weak Reference
    _handle_redirection                       - Undefined Weak Reference
    _init_alloc                               - Undefined Weak Reference
    _init_user_alloc                          - Undefined Weak Reference
    _initio                                   - Undefined Weak Reference
    _signal_finish                            - Undefined Weak Reference
    _signal_init                              - Undefined Weak Reference
    _terminate_alloc                          - Undefined Weak Reference
    _terminate_user_alloc                     - Undefined Weak Reference
    _terminateio                              - Undefined Weak Reference
    __Vectors                                0x08000000   Data           4  stm32f10x_vector.o(RESET)
    __main                                   0x08000131   Thumb Code     8  __main.o(!!!main)
    __scatterload                            0x08000139   Thumb Code     0  __scatter.o(!!!scatter)
    __scatterload_rt2                        0x08000139   Thumb Code    44  __scatter.o(!!!scatter)
    __scatterload_rt2_thumb_only             0x08000139   Thumb Code     0  __scatter.o(!!!scatter)
    __scatterload_null                       0x08000147   Thumb Code     0  __scatter.o(!!!scatter)
    __decompress                             0x0800016d   Thumb Code    90  __dczerorl2.o(!!dczerorl2)
    __decompress1                            0x0800016d   Thumb Code     0  __dczerorl2.o(!!dczerorl2)
    __scatterload_zeroinit                   0x080001c9   Thumb Code    28  __scatter_zi.o(!!handler_zi)
    __rt_lib_init                            0x080001e5   Thumb Code     0  libinit.o(.ARM.Collect$$libinit$$00000000)
    __rt_lib_init_heap_1                     0x080001eb   Thumb Code     0  libinit2.o(.ARM.Collect$$libinit$$00000006)
    __rt_lib_init_rand_2                     0x080001eb   Thumb Code     0  libinit2.o(.ARM.Collect$$libinit$$00000009)
    __rt_lib_init_user_alloc_1               0x080001eb   Thumb Code     0  libinit2.o(.ARM.Collect$$libinit$$00000008)
    __rt_lib_init_alloca_1                   0x080001ef   Thumb Code     0  libinit2.o(.ARM.Collect$$libinit$$0000002A)
    __rt_lib_init_argv_1                     0x080001ef   Thumb Code     0  libinit2.o(.ARM.Collect$$libinit$$00000028)
    __rt_lib_init_atexit_1                   0x080001ef   Thumb Code     0  libinit2.o(.ARM.Collect$$libinit$$00000017)
    __rt_lib_init_clock_1                    0x080001ef   Thumb Code     0  libinit2.o(.ARM.Collect$$libinit$$0000001D)
    __rt_lib_init_cpp_1                      0x080001ef   Thumb Code     0  libinit2.o(.ARM.Collect$$libinit$$0000002E)
    __rt_lib_init_exceptions_1               0x080001ef   Thumb Code     0  libinit2.o(.ARM.Collect$$libinit$$0000002C)
    __rt_lib_init_fp_trap_1                  0x080001ef   Thumb Code     0  libinit2.o(.ARM.Collect$$libinit$$0000001B)
    __rt_lib_init_getenv_1                   0x080001ef   Thumb Code     0  libinit2.o(.ARM.Collect$$libinit$$0000001F)
    __rt_lib_init_lc_collate_1               0x080001ef   Thumb Code     0  libinit2.o(.ARM.Collect$$libinit$$0000000D)
    __rt_lib_init_lc_ctype_1                 0x080001ef   Thumb Code     0  libinit2.o(.ARM.Collect$$libinit$$0000000F)
    __rt_lib_init_lc_monetary_1              0x080001ef   Thumb Code     0  libinit2.o(.ARM.Collect$$libinit$$00000011)
    __rt_lib_init_lc_numeric_1               0x080001ef   Thumb Code     0  libinit2.o(.ARM.Collect$$libinit$$00000013)
    __rt_lib_init_lc_time_1                  0x080001ef   Thumb Code     0  libinit2.o(.ARM.Collect$$libinit$$00000015)
    __rt_lib_init_rand_1                     0x080001ef   Thumb Code     0  libinit2.o(.ARM.Collect$$libinit$$0000000A)
    __rt_lib_init_return                     0x080001ef   Thumb Code     0  libinit2.o(.ARM.Collect$$libinit$$0000002F)
    __rt_lib_init_signal_1                   0x080001ef   Thumb Code     0  libinit2.o(.ARM.Collect$$libinit$$00000019)
    __rt_lib_init_stdio_1                    0x080001ef   Thumb Code     0  libinit2.o(.ARM.Collect$$libinit$$00000021)
    __rt_lib_shutdown                        0x080001f1   Thumb Code     0  libshutdown.o(.ARM.Collect$$libshutdown$$00000000)
    __rt_lib_shutdown_fp_trap_1              0x080001f3   Thumb Code     0  libshutdown2.o(.ARM.Collect$$libshutdown$$00000006)
    __rt_lib_shutdown_heap_1                 0x080001f3   Thumb Code     0  libshutdown2.o(.ARM.Collect$$libshutdown$$0000000E)
    __rt_lib_shutdown_return                 0x080001f3   Thumb Code     0  libshutdown2.o(.ARM.Collect$$libshutdown$$0000000F)
    __rt_lib_shutdown_signal_1               0x080001f3   Thumb Code     0  libshutdown2.o(.ARM.Collect$$libshutdown$$00000009)
    __rt_lib_shutdown_stdio_1                0x080001f3   Thumb Code     0  libshutdown2.o(.ARM.Collect$$libshutdown$$00000003)
    __rt_lib_shutdown_user_alloc_1           0x080001f3   Thumb Code     0  libshutdown2.o(.ARM.Collect$$libshutdown$$0000000B)
    __rt_entry                               0x080001f5   Thumb Code     0  rtentry.o(.ARM.Collect$$rtentry$$00000000)
    __rt_entry_presh_1                       0x080001f5   Thumb Code     0  rtentry2.o(.ARM.Collect$$rtentry$$00000002)
    __rt_entry_sh                            0x080001f5   Thumb Code     0  rtentry4.o(.ARM.Collect$$rtentry$$00000004)
    __rt_entry_li                            0x080001fb   Thumb Code     0  rtentry2.o(.ARM.Collect$$rtentry$$0000000A)
    __rt_entry_postsh_1                      0x080001fb   Thumb Code     0  rtentry2.o(.ARM.Collect$$rtentry$$00000009)
    __rt_entry_main                          0x080001ff   Thumb Code     0  rtentry2.o(.ARM.Collect$$rtentry$$0000000D)
    __rt_entry_postli_1                      0x080001ff   Thumb Code     0  rtentry2.o(.ARM.Collect$$rtentry$$0000000C)
    __rt_exit                                0x08000207   Thumb Code     0  rtexit.o(.ARM.Collect$$rtexit$$00000000)
    __rt_exit_ls                             0x08000207   Thumb Code     0  rtexit2.o(.ARM.Collect$$rtexit$$00000003)
    __rt_exit_prels_1                        0x08000207   Thumb Code     0  rtexit2.o(.ARM.Collect$$rtexit$$00000002)
    __rt_exit_exit                           0x0800020b   Thumb Code     0  rtexit2.o(.ARM.Collect$$rtexit$$00000004)
    NVIC_Configuration                       0x08000211   Thumb Code   178  main.o(.text)
    FSMC_LCD_Init                            0x080002c3   Thumb Code    92  main.o(.text)
    EXTI_Config                              0x0800031f   Thumb Code    60  main.o(.text)
    GPIO_Config                              0x0800035b   Thumb Code    92  main.o(.text)
    SystemInit                               0x080003b9   Thumb Code    68  main.o(.text)
    main                                     0x080003fd   Thumb Code    74  main.o(.text)
    Timer_Config                             0x08000447   Thumb Code    74  main.o(.text)
    NMIException                             0x080004ad   Thumb Code     2  stm32f10x_it.o(.text)
    HardFaultException                       0x080004af   Thumb Code     4  stm32f10x_it.o(.text)
    MemManageException                       0x080004b3   Thumb Code     4  stm32f10x_it.o(.text)
    BusFaultException                        0x080004b7   Thumb Code     4  stm32f10x_it.o(.text)
    UsageFaultException                      0x080004bb   Thumb Code     4  stm32f10x_it.o(.text)
    DebugMonitor                             0x080004bf   Thumb Code     2  stm32f10x_it.o(.text)
    SVCHandler                               0x080004c1   Thumb Code     2  stm32f10x_it.o(.text)
    PendSVC                                  0x080004c3   Thumb Code     2  stm32f10x_it.o(.text)
    SysTickHandler                           0x080004c5   Thumb Code     2  stm32f10x_it.o(.text)
    WWDG_IRQHandler                          0x080004c7   Thumb Code     2  stm32f10x_it.o(.text)
    PVD_IRQHandler                           0x080004c9   Thumb Code     2  stm32f10x_it.o(.text)
    TAMPER_IRQHandler                        0x080004cb   Thumb Code     2  stm32f10x_it.o(.text)
    RTC_IRQHandler                           0x080004cd   Thumb Code     2  stm32f10x_it.o(.text)
    FLASH_IRQHandler                         0x080004cf   Thumb Code     2  stm32f10x_it.o(.text)
    RCC_IRQHandler                           0x080004d1   Thumb Code     2  stm32f10x_it.o(.text)
    EXTI0_IRQHandler                         0x080004d3   Thumb Code     2  stm32f10x_it.o(.text)
    EXTI1_IRQHandler                         0x080004d5   Thumb Code     2  stm32f10x_it.o(.text)
    EXTI2_IRQHandler                         0x080004d7   Thumb Code    56  stm32f10x_it.o(.text)
    EXTI3_IRQHandler                         0x0800050f   Thumb Code   156  stm32f10x_it.o(.text)
    EXTI4_IRQHandler                         0x080005ab   Thumb Code     2  stm32f10x_it.o(.text)
    DMA1_Channel1_IRQHandler                 0x080005ad   Thumb Code     2  stm32f10x_it.o(.text)
    DMA1_Channel2_IRQHandler                 0x080005af   Thumb Code     2  stm32f10x_it.o(.text)
    DMA1_Channel3_IRQHandler                 0x080005b1   Thumb Code     2  stm32f10x_it.o(.text)
    DMA1_Channel4_IRQHandler                 0x080005b3   Thumb Code     2  stm32f10x_it.o(.text)
    DMA1_Channel5_IRQHandler                 0x080005b5   Thumb Code     2  stm32f10x_it.o(.text)
    DMA1_Channel6_IRQHandler                 0x080005b7   Thumb Code     2  stm32f10x_it.o(.text)
    DMA1_Channel7_IRQHandler                 0x080005b9   Thumb Code     2  stm32f10x_it.o(.text)
    ADC1_2_IRQHandler                        0x080005bb   Thumb Code     2  stm32f10x_it.o(.text)
    USB_HP_CAN_TX_IRQHandler                 0x080005bd   Thumb Code     2  stm32f10x_it.o(.text)
    USB_LP_CAN_RX0_IRQHandler                0x080005bf   Thumb Code     2  stm32f10x_it.o(.text)
    CAN_RX1_IRQHandler                       0x080005c1   Thumb Code     2  stm32f10x_it.o(.text)
    CAN_SCE_IRQHandler                       0x080005c3   Thumb Code     2  stm32f10x_it.o(.text)
    EXTI9_5_IRQHandler                       0x080005c5   Thumb Code    42  stm32f10x_it.o(.text)
    TIM1_BRK_IRQHandler                      0x080005ef   Thumb Code     2  stm32f10x_it.o(.text)
    TIM1_UP_IRQHandler                       0x080005f1   Thumb Code     2  stm32f10x_it.o(.text)
    TIM1_TRG_COM_IRQHandler                  0x080005f3   Thumb Code     2  stm32f10x_it.o(.text)
    TIM1_CC_IRQHandler                       0x080005f5   Thumb Code     2  stm32f10x_it.o(.text)
    TIM2_IRQHandler                          0x080005f7   Thumb Code    32  stm32f10x_it.o(.text)
    TIM3_IRQHandler                          0x08000617   Thumb Code     2  stm32f10x_it.o(.text)
    TIM4_IRQHandler                          0x08000619   Thumb Code     2  stm32f10x_it.o(.text)
    I2C1_EV_IRQHandler                       0x0800061b   Thumb Code     2  stm32f10x_it.o(.text)
    I2C1_ER_IRQHandler                       0x0800061d   Thumb Code     2  stm32f10x_it.o(.text)
    I2C2_EV_IRQHandler                       0x0800061f   Thumb Code     2  stm32f10x_it.o(.text)
    I2C2_ER_IRQHandler                       0x08000621   Thumb Code     2  stm32f10x_it.o(.text)
    SPI1_IRQHandler                          0x08000623   Thumb Code     2  stm32f10x_it.o(.text)
    SPI2_IRQHandler                          0x08000625   Thumb Code     2  stm32f10x_it.o(.text)
    USART1_IRQHandler                        0x08000627   Thumb Code     2  stm32f10x_it.o(.text)
    USART2_IRQHandler                        0x08000629   Thumb Code     2  stm32f10x_it.o(.text)
    USART3_IRQHandler                        0x0800062b   Thumb Code     2  stm32f10x_it.o(.text)
    EXTI15_10_IRQHandler                     0x0800062d   Thumb Code     2  stm32f10x_it.o(.text)
    RTCAlarm_IRQHandler                      0x0800062f   Thumb Code     2  stm32f10x_it.o(.text)
    USBWakeUp_IRQHandler                     0x08000631   Thumb Code     2  stm32f10x_it.o(.text)
    TIM8_BRK_IRQHandler                      0x08000633   Thumb Code     2  stm32f10x_it.o(.text)
    TIM8_UP_IRQHandler                       0x08000635   Thumb Code     2  stm32f10x_it.o(.text)
    TIM8_TRG_COM_IRQHandler                  0x08000637   Thumb Code     2  stm32f10x_it.o(.text)
    TIM8_CC_IRQHandler                       0x08000639   Thumb Code     2  stm32f10x_it.o(.text)
    ADC3_IRQHandler                          0x0800063b   Thumb Code     2  stm32f10x_it.o(.text)
    FSMC_IRQHandler                          0x0800063d   Thumb Code     2  stm32f10x_it.o(.text)
    SDIO_IRQHandler                          0x0800063f   Thumb Code     2  stm32f10x_it.o(.text)
    TIM5_IRQHandler                          0x08000641   Thumb Code     2  stm32f10x_it.o(.text)
    SPI3_IRQHandler                          0x08000643   Thumb Code     2  stm32f10x_it.o(.text)
    UART4_IRQHandler                         0x08000645   Thumb Code     2  stm32f10x_it.o(.text)
    UART5_IRQHandler                         0x08000647   Thumb Code     2  stm32f10x_it.o(.text)
    TIM6_IRQHandler                          0x08000649   Thumb Code     2  stm32f10x_it.o(.text)
    TIM7_IRQHandler                          0x0800064b   Thumb Code     2  stm32f10x_it.o(.text)
    DMA2_Channel1_IRQHandler                 0x0800064d   Thumb Code     2  stm32f10x_it.o(.text)
    DMA2_Channel2_IRQHandler                 0x0800064f   Thumb Code     2  stm32f10x_it.o(.text)
    DMA2_Channel3_IRQHandler                 0x08000651   Thumb Code     2  stm32f10x_it.o(.text)
    DMA2_Channel4_5_IRQHandler               0x08000653   Thumb Code     2  stm32f10x_it.o(.text)
    LCD_WriteRAM                             0x0800066d   Thumb Code     6  lcd.o(.text)
    LCD_WriteIndex                           0x08000673   Thumb Code     8  lcd.o(.text)
    LCD_WriteReg                             0x0800067b   Thumb Code    12  lcd.o(.text)
    LCD_WriteRAM_Prepare                     0x08000687   Thumb Code    10  lcd.o(.text)
    LCD_CtrlLinesConfig                      0x080006af   Thumb Code   212  lcd.o(.text)
    LCD_Setup                                0x08000783   Thumb Code   546  lcd.o(.text)
    LCD_SetTextColor                         0x080009a5   Thumb Code     6  lcd.o(.text)
    LCD_SetBackColor                         0x080009ab   Thumb Code     8  lcd.o(.text)
    LCD_SetCursor                            0x080009b3   Thumb Code    24  lcd.o(.text)
    LCD_DrawChar                             0x080009cb   Thumb Code   120  lcd.o(.text)
    LCD_DisplayChar                          0x08000a43   Thumb Code    70  lcd.o(.text)
    LCD_DisplayStringLine                    0x08000a89   Thumb Code    58  lcd.o(.text)
    LCD_ClearLine                            0x08000ac3   Thumb Code    14  lcd.o(.text)
    LCD_Clear                                0x08000ad1   Thumb Code    46  lcd.o(.text)
    LCD_DisplayString                        0x08000aff   Thumb Code   188  lcd.o(.text)
    LCD_SetDisplayWindow                     0x08000bbb   Thumb Code    56  lcd.o(.text)
    LCD_WindowModeDisable                    0x08000bf3   Thumb Code    18  lcd.o(.text)
    LCD_WriteRAMWord                         0x08000c05   Thumb Code    22  lcd.o(.text)
    LCD_DrawLine                             0x08000c1b   Thumb Code    92  lcd.o(.text)
    LCD_DrawRect                             0x08000c77   Thumb Code    66  lcd.o(.text)
    LCD_DrawRectFill                         0x08000cb9   Thumb Code    82  lcd.o(.text)
    LCD_DrawCircle                           0x08000d0b   Thumb Code   258  lcd.o(.text)
    LCD_DrawMonoPict                         0x08000e0d   Thumb Code    72  lcd.o(.text)
    LCD_PowerOn                              0x08000e55   Thumb Code     2  lcd.o(.text)
    LCD_DisplayOn                            0x08000e57   Thumb Code     2  lcd.o(.text)
    LCD_DisplayOff                           0x08000e59   Thumb Code     2  lcd.o(.text)
    address_set                              0x08000e5b   Thumb Code    64  lcd.o(.text)
    abs                                      0x08000e9b   Thumb Code    70  lcd.o(.text)
    LCD_WR_Data                              0x08000ee1   Thumb Code     6  lcd.o(.text)
    LCD_WR_CMD                               0x08000ee7   Thumb Code    12  lcd.o(.text)
    LCD_WR_Data_8                            0x08000ef3   Thumb Code     6  lcd.o(.text)
    LCD_WR_REG                               0x08000ef9   Thumb Code     8  lcd.o(.text)
    TFT_DrawPoint                            0x08000f01   Thumb Code    48  lcd.o(.text)
    TFT_DrawLine                             0x08000f31   Thumb Code   182  lcd.o(.text)
    draw_circle                              0x08000fe7   Thumb Code   200  lcd.o(.text)
    drow_touch_point                         0x080010af   Thumb Code    98  lcd.o(.text)
    TFT_CLEAR                                0x08001111   Thumb Code    90  lcd.o(.text)
    test                                     0x0800116b   Thumb Code    22  lcd.o(.text)
    SPI_Flash_Init                           0x08001189   Thumb Code   156  spi_flash.o(.text)
    SPI_Flash_SendByte                       0x08001225   Thumb Code    48  spi_flash.o(.text)
    SPI_Flash_ReadByte                       0x08001255   Thumb Code    12  spi_flash.o(.text)
    start_spi                                0x08001269   Thumb Code    16  touch.o(.text)
    WriteByteADS                             0x08001279   Thumb Code    96  touch.o(.text)
    ReadWordADS                              0x080012d9   Thumb Code    64  touch.o(.text)
    delay_us                                 0x08001319   Thumb Code    52  touch.o(.text)
    read_once                                0x0800134d   Thumb Code   144  touch.o(.text)
    Read_Ads7846                             0x080013dd   Thumb Code   262  touch.o(.text)
    delay_init                               0x080014e3   Thumb Code    46  touch.o(.text)
    delay_ms                                 0x08001511   Thumb Code    54  touch.o(.text)
    Touch_Key_Pro                            0x08001547   Thumb Code   870  touch.o(.text)
    Is_In_Area                               0x080018ad   Thumb Code    44  touch.o(.text)
    Touch_To_Num                             0x080018d9   Thumb Code  1122  touch.o(.text)
    touch_adjust                             0x08001d3b   Thumb Code  1136  touch.o(.text)
    ShowSpecialEffect                        0x080021d1   Thumb Code   216  baiming.o(.text)
    DisplayDownUp                            0x080022ad   Thumb Code    82  guowengang.o(.text)
    LED_Light                                0x08002305   Thumb Code   250  liuzhenwei.o(.text)
    WindowBlinds                             0x080023ff   Thumb Code   146  liuzhenwei.o(.text)
    Show_home_picture                        0x0800249d   Thumb Code    54  zhouhaijun.o(.text)
    ShowPicture                              0x080024d3   Thumb Code    54  zhouhaijun.o(.text)
    ShowPicture1                             0x08002509   Thumb Code    54  zhouhaijun.o(.text)
    USART_PrintWelcomeMeun                   0x0800253f   Thumb Code   422  zhouhaijun.o(.text)
    USART1_Config                            0x080026e5   Thumb Code    74  zhouhaijun.o(.text)
    GPIO_Configuration                       0x0800272f   Thumb Code    58  zhouhaijun.o(.text)
    Delay                                    0x08002769   Thumb Code    10  zhouhaijun.o(.text)
    RandPicture                              0x08002773   Thumb Code    24  zhouhaijun.o(.text)
    touch                                    0x0800278b   Thumb Code   100  zhouhaijun.o(.text)
    perform                                  0x080027ef   Thumb Code   426  zhouhaijun.o(.text)
    __WFI                                    0x0800299d   Thumb Code     0  cortexm3_macro.o(.text)
    __WFE                                    0x080029a1   Thumb Code     0  cortexm3_macro.o(.text)
    __SEV                                    0x080029a5   Thumb Code     0  cortexm3_macro.o(.text)
    __ISB                                    0x080029a9   Thumb Code     0  cortexm3_macro.o(.text)
    __DSB                                    0x080029af   Thumb Code     0  cortexm3_macro.o(.text)
    __DMB                                    0x080029b5   Thumb Code     0  cortexm3_macro.o(.text)
    __SVC                                    0x080029bb   Thumb Code     0  cortexm3_macro.o(.text)
    __MRS_CONTROL                            0x080029bf   Thumb Code     0  cortexm3_macro.o(.text)
    __MSR_CONTROL                            0x080029c5   Thumb Code     0  cortexm3_macro.o(.text)
    __MRS_PSP                                0x080029cf   Thumb Code     0  cortexm3_macro.o(.text)
    __MSR_PSP                                0x080029d5   Thumb Code     0  cortexm3_macro.o(.text)
    __MRS_MSP                                0x080029db   Thumb Code     0  cortexm3_macro.o(.text)
    __MSR_MSP                                0x080029e1   Thumb Code     0  cortexm3_macro.o(.text)
    __RESETPRIMASK                           0x080029e7   Thumb Code     0  cortexm3_macro.o(.text)
    __SETPRIMASK                             0x080029eb   Thumb Code     0  cortexm3_macro.o(.text)
    __READ_PRIMASK                           0x080029ef   Thumb Code     0  cortexm3_macro.o(.text)
    __SETFAULTMASK                           0x080029f5   Thumb Code     0  cortexm3_macro.o(.text)
    __RESETFAULTMASK                         0x080029f9   Thumb Code     0  cortexm3_macro.o(.text)
    __READ_FAULTMASK                         0x080029fd   Thumb Code     0  cortexm3_macro.o(.text)
    __BASEPRICONFIG                          0x08002a03   Thumb Code     0  cortexm3_macro.o(.text)
    __GetBASEPRI                             0x08002a09   Thumb Code     0  cortexm3_macro.o(.text)
    __REV_HalfWord                           0x08002a0f   Thumb Code     0  cortexm3_macro.o(.text)
    __REV_Word                               0x08002a13   Thumb Code     0  cortexm3_macro.o(.text)
    Reset_Handler                            0x08002a19   Thumb Code     4  stm32f10x_vector.o(.text)
    __user_initial_stackheap                 0x08002a1d   Thumb Code     0  stm32f10x_vector.o(.text)
    EXTI_DeInit                              0x08002a3d   Thumb Code    32  stm32f10x_exti.o(.text)
    EXTI_Init                                0x08002a5d   Thumb Code   186  stm32f10x_exti.o(.text)
    EXTI_StructInit                          0x08002b17   Thumb Code    16  stm32f10x_exti.o(.text)
    EXTI_GenerateSWInterrupt                 0x08002b27   Thumb Code    16  stm32f10x_exti.o(.text)
    EXTI_GetFlagStatus                       0x08002b37   Thumb Code    22  stm32f10x_exti.o(.text)
    EXTI_ClearFlag                           0x08002b4d   Thumb Code     8  stm32f10x_exti.o(.text)
    EXTI_GetITStatus                         0x08002b55   Thumb Code    34  stm32f10x_exti.o(.text)
    EXTI_ClearITPendingBit                   0x08002b77   Thumb Code     8  stm32f10x_exti.o(.text)
    FSMC_NORSRAMDeInit                       0x08002b8d   Thumb Code    56  stm32f10x_fsmc.o(.text)
    FSMC_NANDDeInit                          0x08002bc5   Thumb Code    62  stm32f10x_fsmc.o(.text)
    FSMC_PCCARDDeInit                        0x08002c03   Thumb Code    36  stm32f10x_fsmc.o(.text)
    FSMC_NORSRAMInit                         0x08002c27   Thumb Code   232  stm32f10x_fsmc.o(.text)
    FSMC_NANDInit                            0x08002d0f   Thumb Code   136  stm32f10x_fsmc.o(.text)
    FSMC_PCCARDInit                          0x08002d97   Thumb Code   130  stm32f10x_fsmc.o(.text)
    FSMC_NORSRAMStructInit                   0x08002e19   Thumb Code   114  stm32f10x_fsmc.o(.text)
    FSMC_NANDStructInit                      0x08002e8b   Thumb Code    56  stm32f10x_fsmc.o(.text)
    FSMC_PCCARDStructInit                    0x08002ec3   Thumb Code    62  stm32f10x_fsmc.o(.text)
    FSMC_NORSRAMCmd                          0x08002f01   Thumb Code    46  stm32f10x_fsmc.o(.text)
    FSMC_NANDCmd                             0x08002f2f   Thumb Code    86  stm32f10x_fsmc.o(.text)
    FSMC_PCCARDCmd                           0x08002f85   Thumb Code    44  stm32f10x_fsmc.o(.text)
    FSMC_NANDECCCmd                          0x08002fb1   Thumb Code    90  stm32f10x_fsmc.o(.text)
    FSMC_GetECC                              0x0800300b   Thumb Code    24  stm32f10x_fsmc.o(.text)
    FSMC_ITConfig                            0x08003023   Thumb Code   128  stm32f10x_fsmc.o(.text)
    FSMC_GetFlagStatus                       0x080030a3   Thumb Code    52  stm32f10x_fsmc.o(.text)
    FSMC_ClearFlag                           0x080030d7   Thumb Code    62  stm32f10x_fsmc.o(.text)
    FSMC_GetITStatus                         0x08003115   Thumb Code    64  stm32f10x_fsmc.o(.text)
    FSMC_ClearITPendingBit                   0x08003155   Thumb Code    68  stm32f10x_fsmc.o(.text)
    GPIO_DeInit                              0x080031a1   Thumb Code   188  stm32f10x_gpio.o(.text)
    GPIO_AFIODeInit                          0x0800325d   Thumb Code    20  stm32f10x_gpio.o(.text)
    GPIO_Init                                0x08003271   Thumb Code   266  stm32f10x_gpio.o(.text)
    GPIO_StructInit                          0x0800337b   Thumb Code    16  stm32f10x_gpio.o(.text)
    GPIO_ReadInputDataBit                    0x0800338b   Thumb Code    18  stm32f10x_gpio.o(.text)
    GPIO_ReadInputData                       0x0800339d   Thumb Code     8  stm32f10x_gpio.o(.text)
    GPIO_ReadOutputDataBit                   0x080033a5   Thumb Code    18  stm32f10x_gpio.o(.text)
    GPIO_ReadOutputData                      0x080033b7   Thumb Code     8  stm32f10x_gpio.o(.text)
    GPIO_SetBits                             0x080033bf   Thumb Code     4  stm32f10x_gpio.o(.text)
    GPIO_ResetBits                           0x080033c3   Thumb Code     4  stm32f10x_gpio.o(.text)
    GPIO_WriteBit                            0x080033c7   Thumb Code    10  stm32f10x_gpio.o(.text)
    GPIO_Write                               0x080033d1   Thumb Code     4  stm32f10x_gpio.o(.text)
    GPIO_PinLockConfig                       0x080033d5   Thumb Code    18  stm32f10x_gpio.o(.text)
    GPIO_EventOutputConfig                   0x080033e7   Thumb Code    24  stm32f10x_gpio.o(.text)
    GPIO_EventOutputCmd                      0x080033ff   Thumb Code     6  stm32f10x_gpio.o(.text)
    GPIO_PinRemapConfig                      0x08003405   Thumb Code   104  stm32f10x_gpio.o(.text)
    GPIO_EXTILineConfig                      0x0800346d   Thumb Code    60  stm32f10x_gpio.o(.text)
    NVIC_DeInit                              0x080034b9   Thumb Code    54  stm32f10x_nvic.o(.text)
    NVIC_SCBDeInit                           0x080034ef   Thumb Code    92  stm32f10x_nvic.o(.text)
    NVIC_PriorityGroupConfig                 0x0800354b   Thumb Code    12  stm32f10x_nvic.o(.text)
    NVIC_Init                                0x08003557   Thumb Code   154  stm32f10x_nvic.o(.text)
    NVIC_StructInit                          0x080035f1   Thumb Code    12  stm32f10x_nvic.o(.text)
    NVIC_SETPRIMASK                          0x080035fd   Thumb Code     8  stm32f10x_nvic.o(.text)
    NVIC_RESETPRIMASK                        0x08003605   Thumb Code     8  stm32f10x_nvic.o(.text)
    NVIC_SETFAULTMASK                        0x0800360d   Thumb Code     8  stm32f10x_nvic.o(.text)
    NVIC_RESETFAULTMASK                      0x08003615   Thumb Code     8  stm32f10x_nvic.o(.text)
    NVIC_BASEPRICONFIG                       0x0800361d   Thumb Code    12  stm32f10x_nvic.o(.text)
    NVIC_GetBASEPRI                          0x08003629   Thumb Code     8  stm32f10x_nvic.o(.text)
    NVIC_GetCurrentPendingIRQChannel         0x08003631   Thumb Code    10  stm32f10x_nvic.o(.text)
    NVIC_GetIRQChannelPendingBitStatus       0x0800363b   Thumb Code    42  stm32f10x_nvic.o(.text)
    NVIC_SetIRQChannelPendingBit             0x08003665   Thumb Code     6  stm32f10x_nvic.o(.text)
    NVIC_ClearIRQChannelPendingBit           0x0800366b   Thumb Code    20  stm32f10x_nvic.o(.text)
    NVIC_GetCurrentActiveHandler             0x0800367f   Thumb Code    10  stm32f10x_nvic.o(.text)
    NVIC_GetIRQChannelActiveBitStatus        0x08003689   Thumb Code    42  stm32f10x_nvic.o(.text)
    NVIC_GetCPUID                            0x080036b3   Thumb Code     8  stm32f10x_nvic.o(.text)
    NVIC_SetVectorTable                      0x080036bb   Thumb Code    14  stm32f10x_nvic.o(.text)
    NVIC_GenerateSystemReset                 0x080036c9   Thumb Code    12  stm32f10x_nvic.o(.text)
    NVIC_GenerateCoreReset                   0x080036d5   Thumb Code    12  stm32f10x_nvic.o(.text)
    NVIC_SystemLPConfig                      0x080036e1   Thumb Code    38  stm32f10x_nvic.o(.text)
    NVIC_SystemHandlerConfig                 0x08003707   Thumb Code    52  stm32f10x_nvic.o(.text)
    NVIC_SystemHandlerPriorityConfig         0x0800373b   Thumb Code    98  stm32f10x_nvic.o(.text)
    NVIC_GetSystemHandlerPendingBitStatus    0x0800379d   Thumb Code    44  stm32f10x_nvic.o(.text)
    NVIC_SetSystemHandlerPendingBit          0x080037c9   Thumb Code    26  stm32f10x_nvic.o(.text)
    NVIC_ClearSystemHandlerPendingBit        0x080037e3   Thumb Code    30  stm32f10x_nvic.o(.text)
    NVIC_GetSystemHandlerActiveBitStatus     0x08003801   Thumb Code    42  stm32f10x_nvic.o(.text)
    NVIC_GetFaultHandlerSources              0x0800382b   Thumb Code    66  stm32f10x_nvic.o(.text)
    NVIC_GetFaultAddress                     0x0800386d   Thumb Code    28  stm32f10x_nvic.o(.text)
    RCC_DeInit                               0x080038a5   Thumb Code    62  stm32f10x_rcc.o(.text)
    RCC_HSEConfig                            0x080038e3   Thumb Code    70  stm32f10x_rcc.o(.text)
    RCC_GetFlagStatus                        0x08003929   Thumb Code    56  stm32f10x_rcc.o(.text)
    RCC_WaitForHSEStartUp                    0x08003961   Thumb Code    62  stm32f10x_rcc.o(.text)
    RCC_AdjustHSICalibrationValue            0x0800399f   Thumb Code    18  stm32f10x_rcc.o(.text)
    RCC_HSICmd                               0x080039b1   Thumb Code     6  stm32f10x_rcc.o(.text)
    RCC_PLLConfig                            0x080039b7   Thumb Code    22  stm32f10x_rcc.o(.text)
    RCC_PLLCmd                               0x080039cd   Thumb Code     6  stm32f10x_rcc.o(.text)
    RCC_SYSCLKConfig                         0x080039d3   Thumb Code    16  stm32f10x_rcc.o(.text)
    RCC_GetSYSCLKSource                      0x080039e3   Thumb Code    10  stm32f10x_rcc.o(.text)
    RCC_HCLKConfig                           0x080039ed   Thumb Code    16  stm32f10x_rcc.o(.text)
    RCC_PCLK1Config                          0x080039fd   Thumb Code    16  stm32f10x_rcc.o(.text)
    RCC_PCLK2Config                          0x08003a0d   Thumb Code    18  stm32f10x_rcc.o(.text)
    RCC_ITConfig                             0x08003a1f   Thumb Code    30  stm32f10x_rcc.o(.text)
    RCC_USBCLKConfig                         0x08003a3d   Thumb Code     8  stm32f10x_rcc.o(.text)
    RCC_ADCCLKConfig                         0x08003a45   Thumb Code    16  stm32f10x_rcc.o(.text)
    RCC_LSEConfig                            0x08003a55   Thumb Code    50  stm32f10x_rcc.o(.text)
    RCC_LSICmd                               0x08003a87   Thumb Code     6  stm32f10x_rcc.o(.text)
    RCC_RTCCLKConfig                         0x08003a8d   Thumb Code    12  stm32f10x_rcc.o(.text)
    RCC_RTCCLKCmd                            0x08003a99   Thumb Code     8  stm32f10x_rcc.o(.text)
    RCC_GetClocksFreq                        0x08003aa1   Thumb Code   194  stm32f10x_rcc.o(.text)
    RCC_AHBPeriphClockCmd                    0x08003b63   Thumb Code    26  stm32f10x_rcc.o(.text)
    RCC_APB2PeriphClockCmd                   0x08003b7d   Thumb Code    26  stm32f10x_rcc.o(.text)
    RCC_APB1PeriphClockCmd                   0x08003b97   Thumb Code    26  stm32f10x_rcc.o(.text)
    RCC_APB2PeriphResetCmd                   0x08003bb1   Thumb Code    26  stm32f10x_rcc.o(.text)
    RCC_APB1PeriphResetCmd                   0x08003bcb   Thumb Code    26  stm32f10x_rcc.o(.text)
    RCC_BackupResetCmd                       0x08003be5   Thumb Code     8  stm32f10x_rcc.o(.text)
    RCC_ClockSecuritySystemCmd               0x08003bed   Thumb Code     6  stm32f10x_rcc.o(.text)
    RCC_MCOConfig                            0x08003bf3   Thumb Code     6  stm32f10x_rcc.o(.text)
    RCC_ClearFlag                            0x08003bf9   Thumb Code    14  stm32f10x_rcc.o(.text)
    RCC_GetITStatus                          0x08003c07   Thumb Code    20  stm32f10x_rcc.o(.text)
    RCC_ClearITPendingBit                    0x08003c1b   Thumb Code     6  stm32f10x_rcc.o(.text)
    SPI_I2S_DeInit                           0x08003c45   Thumb Code    88  stm32f10x_spi.o(.text)
    SPI_Init                                 0x08003c9d   Thumb Code    60  stm32f10x_spi.o(.text)
    I2S_Init                                 0x08003cd9   Thumb Code   200  stm32f10x_spi.o(.text)
    SPI_StructInit                           0x08003da1   Thumb Code    24  stm32f10x_spi.o(.text)
    I2S_StructInit                           0x08003db9   Thumb Code    20  stm32f10x_spi.o(.text)
    SPI_Cmd                                  0x08003dcd   Thumb Code    24  stm32f10x_spi.o(.text)
    I2S_Cmd                                  0x08003de5   Thumb Code    24  stm32f10x_spi.o(.text)
    SPI_I2S_ITConfig                         0x08003dfd   Thumb Code    36  stm32f10x_spi.o(.text)
    SPI_I2S_DMACmd                           0x08003e21   Thumb Code    24  stm32f10x_spi.o(.text)
    SPI_I2S_SendData                         0x08003e39   Thumb Code     4  stm32f10x_spi.o(.text)
    SPI_I2S_ReceiveData                      0x08003e3d   Thumb Code     6  stm32f10x_spi.o(.text)
    SPI_NSSInternalSoftwareConfig            0x08003e43   Thumb Code    30  stm32f10x_spi.o(.text)
    SPI_SSOutputCmd                          0x08003e61   Thumb Code    24  stm32f10x_spi.o(.text)
    SPI_DataSizeConfig                       0x08003e79   Thumb Code    18  stm32f10x_spi.o(.text)
    SPI_TransmitCRC                          0x08003e8b   Thumb Code    10  stm32f10x_spi.o(.text)
    SPI_CalculateCRC                         0x08003e95   Thumb Code    24  stm32f10x_spi.o(.text)
    SPI_GetCRC                               0x08003ead   Thumb Code    16  stm32f10x_spi.o(.text)
    SPI_GetCRCPolynomial                     0x08003ebd   Thumb Code     6  stm32f10x_spi.o(.text)
    SPI_BiDirectionalLineConfig              0x08003ec3   Thumb Code    28  stm32f10x_spi.o(.text)
    SPI_I2S_GetFlagStatus                    0x08003edf   Thumb Code    18  stm32f10x_spi.o(.text)
    SPI_I2S_ClearFlag                        0x08003ef1   Thumb Code    34  stm32f10x_spi.o(.text)
    SPI_I2S_GetITStatus                      0x08003f13   Thumb Code    52  stm32f10x_spi.o(.text)
    SPI_I2S_ClearITPendingBit                0x08003f47   Thumb Code    48  stm32f10x_spi.o(.text)
    TIM_DeInit                               0x08003f7d   Thumb Code   214  stm32f10x_tim.o(.text)
    TIM_TimeBaseInit                         0x08004053   Thumb Code    50  stm32f10x_tim.o(.text)
    TIM_OC1Init                              0x08004085   Thumb Code   110  stm32f10x_tim.o(.text)
    TIM_OC2Init                              0x080040f3   Thumb Code   140  stm32f10x_tim.o(.text)
    TIM_OC3Init                              0x0800417f   Thumb Code   136  stm32f10x_tim.o(.text)
    TIM_OC4Init                              0x08004207   Thumb Code    98  stm32f10x_tim.o(.text)
    TIM_SetIC4Prescaler                      0x08004269   Thumb Code    22  stm32f10x_tim.o(.text)
    TIM_SetIC3Prescaler                      0x080042c1   Thumb Code    18  stm32f10x_tim.o(.text)
    TIM_SetIC2Prescaler                      0x0800430f   Thumb Code    22  stm32f10x_tim.o(.text)
    TIM_SetIC1Prescaler                      0x08004375   Thumb Code    18  stm32f10x_tim.o(.text)
    TIM_ICInit                               0x080043b9   Thumb Code   110  stm32f10x_tim.o(.text)
    TIM_PWMIConfig                           0x08004427   Thumb Code   124  stm32f10x_tim.o(.text)
    TIM_BDTRConfig                           0x080044a3   Thumb Code    32  stm32f10x_tim.o(.text)
    TIM_TimeBaseStructInit                   0x080044c3   Thumb Code    18  stm32f10x_tim.o(.text)
    TIM_OCStructInit                         0x080044d5   Thumb Code    20  stm32f10x_tim.o(.text)
    TIM_ICStructInit                         0x080044e9   Thumb Code    18  stm32f10x_tim.o(.text)
    TIM_BDTRStructInit                       0x080044fb   Thumb Code    18  stm32f10x_tim.o(.text)
    TIM_Cmd                                  0x0800450d   Thumb Code    24  stm32f10x_tim.o(.text)
    TIM_CtrlPWMOutputs                       0x08004525   Thumb Code    30  stm32f10x_tim.o(.text)
    TIM_ITConfig                             0x08004543   Thumb Code    24  stm32f10x_tim.o(.text)
    TIM_GenerateEvent                        0x0800455b   Thumb Code     4  stm32f10x_tim.o(.text)
    TIM_DMAConfig                            0x0800455f   Thumb Code    10  stm32f10x_tim.o(.text)
    TIM_DMACmd                               0x08004569   Thumb Code    24  stm32f10x_tim.o(.text)
    TIM_InternalClockConfig                  0x08004581   Thumb Code    12  stm32f10x_tim.o(.text)
    TIM_SelectInputTrigger                   0x0800458d   Thumb Code    16  stm32f10x_tim.o(.text)
    TIM_ITRxExternalClockConfig              0x0800459d   Thumb Code    24  stm32f10x_tim.o(.text)
    TIM_TIxExternalClockConfig               0x080045b5   Thumb Code    62  stm32f10x_tim.o(.text)
    TIM_ETRConfig                            0x080045f3   Thumb Code    24  stm32f10x_tim.o(.text)
    TIM_ETRClockMode1Config                  0x0800460b   Thumb Code    54  stm32f10x_tim.o(.text)
    TIM_ETRClockMode2Config                  0x08004641   Thumb Code    32  stm32f10x_tim.o(.text)
    TIM_PrescalerConfig                      0x08004661   Thumb Code     6  stm32f10x_tim.o(.text)
    TIM_CounterModeConfig                    0x08004667   Thumb Code    16  stm32f10x_tim.o(.text)
    TIM_EncoderInterfaceConfig               0x08004677   Thumb Code    56  stm32f10x_tim.o(.text)
    TIM_ForcedOC1Config                      0x080046af   Thumb Code    16  stm32f10x_tim.o(.text)
    TIM_ForcedOC2Config                      0x080046bf   Thumb Code    20  stm32f10x_tim.o(.text)
    TIM_ForcedOC3Config                      0x080046d3   Thumb Code    16  stm32f10x_tim.o(.text)
    TIM_ForcedOC4Config                      0x080046e3   Thumb Code    20  stm32f10x_tim.o(.text)
    TIM_ARRPreloadConfig                     0x080046f7   Thumb Code    24  stm32f10x_tim.o(.text)
    TIM_SelectCOM                            0x0800470f   Thumb Code    24  stm32f10x_tim.o(.text)
    TIM_SelectCCDMA                          0x08004727   Thumb Code    24  stm32f10x_tim.o(.text)
    TIM_CCPreloadControl                     0x0800473f   Thumb Code    24  stm32f10x_tim.o(.text)
    TIM_OC1PreloadConfig                     0x08004757   Thumb Code    16  stm32f10x_tim.o(.text)
    TIM_OC2PreloadConfig                     0x08004767   Thumb Code    20  stm32f10x_tim.o(.text)
    TIM_OC3PreloadConfig                     0x0800477b   Thumb Code    16  stm32f10x_tim.o(.text)
    TIM_OC4PreloadConfig                     0x0800478b   Thumb Code    20  stm32f10x_tim.o(.text)
    TIM_OC1FastConfig                        0x0800479f   Thumb Code    16  stm32f10x_tim.o(.text)
    TIM_OC2FastConfig                        0x080047af   Thumb Code    20  stm32f10x_tim.o(.text)
    TIM_OC3FastConfig                        0x080047c3   Thumb Code    16  stm32f10x_tim.o(.text)
    TIM_OC4FastConfig                        0x080047d3   Thumb Code    20  stm32f10x_tim.o(.text)
    TIM_ClearOC1Ref                          0x080047e7   Thumb Code    16  stm32f10x_tim.o(.text)
    TIM_ClearOC2Ref                          0x080047f7   Thumb Code    18  stm32f10x_tim.o(.text)
    TIM_ClearOC3Ref                          0x08004809   Thumb Code    16  stm32f10x_tim.o(.text)
    TIM_ClearOC4Ref                          0x08004819   Thumb Code    18  stm32f10x_tim.o(.text)
    TIM_OC1PolarityConfig                    0x0800482b   Thumb Code    16  stm32f10x_tim.o(.text)
    TIM_OC1NPolarityConfig                   0x0800483b   Thumb Code    16  stm32f10x_tim.o(.text)
    TIM_OC2PolarityConfig                    0x0800484b   Thumb Code    20  stm32f10x_tim.o(.text)
    TIM_OC2NPolarityConfig                   0x0800485f   Thumb Code    20  stm32f10x_tim.o(.text)
    TIM_OC3PolarityConfig                    0x08004873   Thumb Code    20  stm32f10x_tim.o(.text)
    TIM_OC3NPolarityConfig                   0x08004887   Thumb Code    20  stm32f10x_tim.o(.text)
    TIM_OC4PolarityConfig                    0x0800489b   Thumb Code    20  stm32f10x_tim.o(.text)
    TIM_CCxCmd                               0x080048af   Thumb Code    30  stm32f10x_tim.o(.text)
    TIM_CCxNCmd                              0x080048cd   Thumb Code    30  stm32f10x_tim.o(.text)
    TIM_SelectOCxM                           0x080048eb   Thumb Code   114  stm32f10x_tim.o(.text)
    TIM_UpdateDisableConfig                  0x0800495d   Thumb Code    24  stm32f10x_tim.o(.text)
    TIM_UpdateRequestConfig                  0x08004975   Thumb Code    24  stm32f10x_tim.o(.text)
    TIM_SelectHallSensor                     0x0800498d   Thumb Code    24  stm32f10x_tim.o(.text)
    TIM_SelectOnePulseMode                   0x080049a5   Thumb Code    18  stm32f10x_tim.o(.text)
    TIM_SelectOutputTrigger                  0x080049b7   Thumb Code    18  stm32f10x_tim.o(.text)
    TIM_SelectSlaveMode                      0x080049c9   Thumb Code    18  stm32f10x_tim.o(.text)
    TIM_SelectMasterSlaveMode                0x080049db   Thumb Code    18  stm32f10x_tim.o(.text)
    TIM_SetCounter                           0x080049ed   Thumb Code     4  stm32f10x_tim.o(.text)
    TIM_SetAutoreload                        0x080049f1   Thumb Code     4  stm32f10x_tim.o(.text)
    TIM_SetCompare1                          0x080049f5   Thumb Code     4  stm32f10x_tim.o(.text)
    TIM_SetCompare2                          0x080049f9   Thumb Code     4  stm32f10x_tim.o(.text)
    TIM_SetCompare3                          0x080049fd   Thumb Code     4  stm32f10x_tim.o(.text)
    TIM_SetCompare4                          0x08004a01   Thumb Code     6  stm32f10x_tim.o(.text)
    TIM_SetClockDivision                     0x08004a07   Thumb Code    14  stm32f10x_tim.o(.text)
    TIM_GetCapture1                          0x08004a15   Thumb Code     6  stm32f10x_tim.o(.text)
    TIM_GetCapture2                          0x08004a1b   Thumb Code     6  stm32f10x_tim.o(.text)
    TIM_GetCapture3                          0x08004a21   Thumb Code     6  stm32f10x_tim.o(.text)
    TIM_GetCapture4                          0x08004a27   Thumb Code     8  stm32f10x_tim.o(.text)
    TIM_GetCounter                           0x08004a2f   Thumb Code     6  stm32f10x_tim.o(.text)
    TIM_GetPrescaler                         0x08004a35   Thumb Code     6  stm32f10x_tim.o(.text)
    TIM_GetFlagStatus                        0x08004a3b   Thumb Code    18  stm32f10x_tim.o(.text)
    TIM_ClearFlag                            0x08004a4d   Thumb Code     6  stm32f10x_tim.o(.text)
    TIM_GetITStatus                          0x08004a53   Thumb Code    34  stm32f10x_tim.o(.text)
    TIM_ClearITPendingBit                    0x08004a75   Thumb Code     6  stm32f10x_tim.o(.text)
    USART_DeInit                             0x08004a7d   Thumb Code   146  stm32f10x_usart.o(.text)
    USART_Init                               0x08004b0f   Thumb Code   150  stm32f10x_usart.o(.text)
    USART_StructInit                         0x08004ba5   Thumb Code    24  stm32f10x_usart.o(.text)
    USART_ClockInit                          0x08004bbd   Thumb Code    32  stm32f10x_usart.o(.text)
    USART_ClockStructInit                    0x08004bdd   Thumb Code    12  stm32f10x_usart.o(.text)
    USART_Cmd                                0x08004be9   Thumb Code    24  stm32f10x_usart.o(.text)
    USART_ITConfig                           0x08004c01   Thumb Code    62  stm32f10x_usart.o(.text)
    USART_DMACmd                             0x08004c3f   Thumb Code    24  stm32f10x_usart.o(.text)
    USART_SetAddress                         0x08004c57   Thumb Code    18  stm32f10x_usart.o(.text)
    USART_WakeUpConfig                       0x08004c69   Thumb Code    18  stm32f10x_usart.o(.text)
    USART_ReceiverWakeUpCmd                  0x08004c7b   Thumb Code    24  stm32f10x_usart.o(.text)
    USART_LINBreakDetectLengthConfig         0x08004c93   Thumb Code    18  stm32f10x_usart.o(.text)
    USART_LINCmd                             0x08004ca5   Thumb Code    24  stm32f10x_usart.o(.text)
    USART_SendData                           0x08004cbd   Thumb Code     8  stm32f10x_usart.o(.text)
    USART_ReceiveData                        0x08004cc5   Thumb Code    10  stm32f10x_usart.o(.text)
    USART_SendBreak                          0x08004ccf   Thumb Code    10  stm32f10x_usart.o(.text)
    USART_SetGuardTime                       0x08004cd9   Thumb Code    16  stm32f10x_usart.o(.text)
    USART_SetPrescaler                       0x08004ce9   Thumb Code    16  stm32f10x_usart.o(.text)
    USART_SmartCardCmd                       0x08004cf9   Thumb Code    24  stm32f10x_usart.o(.text)
    USART_SmartCardNACKCmd                   0x08004d11   Thumb Code    24  stm32f10x_usart.o(.text)
    USART_HalfDuplexCmd                      0x08004d29   Thumb Code    24  stm32f10x_usart.o(.text)
    USART_IrDAConfig                         0x08004d41   Thumb Code    18  stm32f10x_usart.o(.text)
    USART_IrDACmd                            0x08004d53   Thumb Code    24  stm32f10x_usart.o(.text)
    USART_GetFlagStatus                      0x08004d6b   Thumb Code    18  stm32f10x_usart.o(.text)
    USART_ClearFlag                          0x08004d7d   Thumb Code     6  stm32f10x_usart.o(.text)
    USART_GetITStatus                        0x08004d83   Thumb Code    74  stm32f10x_usart.o(.text)
    USART_ClearITPendingBit                  0x08004dcd   Thumb Code    20  stm32f10x_usart.o(.text)
    srand                                    0x08004ded   Thumb Code    40  rand.o(.text)
    _rand_init                               0x08004e15   Thumb Code     4  rand.o(.text)
    rand                                     0x08004e19   Thumb Code    58  rand.o(.text)
    __use_two_region_memory                  0x08004e65   Thumb Code     2  heapauxi.o(.text)
    __rt_heap_escrow$2region                 0x08004e67   Thumb Code     2  heapauxi.o(.text)
    __rt_heap_expand$2region                 0x08004e69   Thumb Code     2  heapauxi.o(.text)
    __read_errno                             0x08004e6b   Thumb Code    10  _rserrno.o(.text)
    __set_errno                              0x08004e75   Thumb Code    12  _rserrno.o(.text)
    __aeabi_errno_addr                       0x08004e81   Thumb Code    12  rt_errno_addr_intlibspace.o(.text)
    __errno$intlibspace                      0x08004e81   Thumb Code     0  rt_errno_addr_intlibspace.o(.text)
    __rt_errno_addr$intlibspace              0x08004e81   Thumb Code     0  rt_errno_addr_intlibspace.o(.text)
    __user_libspace                          0x08004e8d   Thumb Code     8  libspace.o(.text)
    __user_perproc_libspace                  0x08004e8d   Thumb Code     0  libspace.o(.text)
    __user_perthread_libspace                0x08004e8d   Thumb Code     0  libspace.o(.text)
    __user_setup_stackheap                   0x08004e95   Thumb Code    74  sys_stackheap_outer.o(.text)
    exit                                     0x08004edf   Thumb Code    12  exit.o(.text)
    __I$use$semihosting                      0x08004eeb   Thumb Code     0  use_no_semi.o(.text)
    __use_no_semihosting_swi                 0x08004eeb   Thumb Code     2  use_no_semi.o(.text)
    _sys_exit                                0x08004eed   Thumb Code    16  sys_exit.o(.text)
    sqrt                                     0x08004f01   Thumb Code    62  sqrt.o(i.sqrt)
    __fpl_dcheck_NaN2                        0x08004f55   Thumb Code    10  dcheck.o(x$fpl$dcheck)
    __fpl_dcheck_NaN1                        0x08004f65   Thumb Code    10  dcheck1.o(x$fpl$dcheck1)
    __fpl_dcmp_InfNaN                        0x08004f75   Thumb Code   120  dcmpin.o(x$fpl$dcmpinfnan)
    __fpl_inf_dcmp                           0x08004f97   Thumb Code     0  dcmpin.o(x$fpl$dcmpinfnan)
    __fpl_fcmp_InfNaN                        0x08004fed   Thumb Code    88  fcmpin.o(x$fpl$dcmpinfnan)
    __fpl_inf_fcmp                           0x08005001   Thumb Code     0  fcmpin.o(x$fpl$dcmpinfnan)
    __aeabi_d2uiz                            0x08005045   Thumb Code     0  dfixu.o(x$fpl$dfixu)
    _dfixu                                   0x08005045   Thumb Code   110  dfixu.o(x$fpl$dfixu)
    __fpl_inf_dfixu                          0x080050ad   Thumb Code     0  dfixu.o(x$fpl$dfixu)
    __aeabi_i2d                              0x080050b9   Thumb Code     0  dflt_clz.o(x$fpl$dflt)
    _dflt                                    0x080050b9   Thumb Code    44  dflt_clz.o(x$fpl$dflt)
    __dflt_normalise                         0x080050c7   Thumb Code     0  dflt_clz.o(x$fpl$dflt)
    __aeabi_ui2d                             0x080050e5   Thumb Code     0  dflt_clz.o(x$fpl$dfltu)
    _dfltu                                   0x080050e5   Thumb Code    10  dflt_clz.o(x$fpl$dfltu)
    __aeabi_cdcmple                          0x080050f1   Thumb Code     0  dleqf.o(x$fpl$dleqf)
    _dcmple                                  0x080050f1   Thumb Code   106  dleqf.o(x$fpl$dleqf)
    __aeabi_cdrcmple                         0x08005161   Thumb Code     0  drleqf.o(x$fpl$drleqf)
    _drcmple                                 0x08005161   Thumb Code   130  drleqf.o(x$fpl$drleqf)
    _dsqrt                                   0x080051e9   Thumb Code   316  dsqrt.o(x$fpl$dsqrt)
    __fpl_inf_dsqrt                          0x08005311   Thumb Code     0  dsqrt.o(x$fpl$dsqrt)
    __aeabi_f2d                              0x0800532d   Thumb Code     0  f2d.o(x$fpl$f2d)
    _f2d                                     0x0800532d   Thumb Code    76  f2d.o(x$fpl$f2d)
    __fpl_inf_f2d                            0x08005371   Thumb Code     0  f2d.o(x$fpl$f2d)
    __aeabi_fadd                             0x0800537d   Thumb Code     0  faddsub_clz.o(x$fpl$fadd)
    _fadd                                    0x0800537d   Thumb Code   248  faddsub_clz.o(x$fpl$fadd)
    __fpl_inf_fadd                           0x08005457   Thumb Code     0  faddsub_clz.o(x$fpl$fadd)
    __fpl_fcheck_NaN2                        0x0800547d   Thumb Code     6  fcheck.o(x$fpl$fcheck)
    __fpl_fcheck_NaN1                        0x08005489   Thumb Code     6  fcheck1.o(x$fpl$fcheck1)
    __aeabi_fdiv                             0x08005495   Thumb Code     0  fdiv.o(x$fpl$fdiv)
    _fdiv                                    0x08005495   Thumb Code   476  fdiv.o(x$fpl$fdiv)
    __fpl_inf_fdiv                           0x08005639   Thumb Code     0  fdiv.o(x$fpl$fdiv)
    __aeabi_cfcmpeq                          0x08005679   Thumb Code     0  feqf.o(x$fpl$feqf)
    _fcmpeq                                  0x08005679   Thumb Code    90  feqf.o(x$fpl$feqf)
    __aeabi_f2iz                             0x080056d9   Thumb Code     0  ffix.o(x$fpl$ffix)
    _ffix                                    0x080056d9   Thumb Code   108  ffix.o(x$fpl$ffix)
    __fpl_inf_ffix                           0x0800573b   Thumb Code     0  ffix.o(x$fpl$ffix)
    __aeabi_f2uiz                            0x08005749   Thumb Code     0  ffixu.o(x$fpl$ffixu)
    _ffixu                                   0x08005749   Thumb Code    82  ffixu.o(x$fpl$ffixu)
    __fpl_inf_ffixu                          0x08005795   Thumb Code     0  ffixu.o(x$fpl$ffixu)
    __aeabi_i2f                              0x080057a1   Thumb Code     0  fflt_clz.o(x$fpl$fflt)
    _fflt                                    0x080057a1   Thumb Code    50  fflt_clz.o(x$fpl$fflt)
    __fflt_normalise                         0x080057ad   Thumb Code     0  fflt_clz.o(x$fpl$fflt)
    __aeabi_ui2f                             0x080057d3   Thumb Code     0  fflt_clz.o(x$fpl$ffltu)
    _ffltu                                   0x080057d3   Thumb Code     8  fflt_clz.o(x$fpl$ffltu)
    __aeabi_fmul                             0x080057dd   Thumb Code     0  fmul.o(x$fpl$fmul)
    _fmul                                    0x080057dd   Thumb Code   258  fmul.o(x$fpl$fmul)
    __fpl_inf_fmul                           0x080058c9   Thumb Code     0  fmul.o(x$fpl$fmul)
    __fpl_normalise2                         0x080058e5   Thumb Code    74  fnorm2_clz.o(x$fpl$fnorm2)
    __aeabi_frsub                            0x0800592f   Thumb Code     0  faddsub_clz.o(x$fpl$frsb)
    _frsb                                    0x0800592f   Thumb Code    20  faddsub_clz.o(x$fpl$frsb)
    __aeabi_fsub                             0x08005945   Thumb Code     0  faddsub_clz.o(x$fpl$fsub)
    _fsub                                    0x08005945   Thumb Code   282  faddsub_clz.o(x$fpl$fsub)
    __fpl_inf_fsub                           0x08005a3f   Thumb Code     0  faddsub_clz.o(x$fpl$fsub)
    __funder                                 0x08005a69   Thumb Code   132  funder.o(x$fpl$funder)
    __funder_d                               0x08005aed   Thumb Code     2  funder.o(x$fpl$funder)
    __fpl_return_NaN                         0x08005aef   Thumb Code   100  retnan.o(x$fpl$retnan)
    __fpl_cmpreturn                          0x08005b53   Thumb Code    48  trapv.o(x$fpl$trapveneer)
    ASCII_Table                              0x08005b82   Data        4560  lcd.o(.constdata)
    __I$use$fp                               0x08005b83   Thumb Code     0  usenofp.o(x$fpl$usenofp)
    home_picture                             0x08006d52   Data       153600  picture.o(.constdata)
    girl_1                                   0x0802c552   Data       153600  picture.o(.constdata)
    girl_2                                   0x08051d52   Data       153600  picture1.o(.constdata)
    Region$$Table$$Base                      0x08077568   Number         0  anon$$obj.o(Region$$Table)
    Region$$Table$$Limit                     0x08077588   Number         0  anon$$obj.o(Region$$Table)
    GPIO_InitStructure                       0x20000000   Data           4  main.o(.data)
    EXTI_InitStructure                       0x20000004   Data           8  main.o(.data)
    nnn                                      0x20000014   Data           4  stm32f10x_it.o(.data)
    POINT_COLOR                              0x20000024   Data           2  touch.o(.data)
    BACK_COLOR                               0x20000026   Data           2  touch.o(.data)
    _it0                                     0x20000028   Data           1  touch.o(.data)
    _it1                                     0x20000029   Data           1  touch.o(.data)
    _it2                                     0x2000002a   Data           1  touch.o(.data)
    _it3                                     0x2000002b   Data           1  touch.o(.data)
    num                                      0x2000002c   Data           1  touch.o(.data)
    dw                                       0x2000002d   Data           1  touch.o(.data)
    Xs                                       0x20000030   Data           4  touch.o(.data)
    Xe                                       0x20000034   Data           4  touch.o(.data)
    Ys                                       0x20000038   Data           4  touch.o(.data)
    Ye                                       0x2000003c   Data           4  touch.o(.data)
    X                                        0x20000040   Data           4  touch.o(.data)
    Y                                        0x20000044   Data           4  touch.o(.data)
    X2                                       0x20000048   Data           4  touch.o(.data)
    Y2                                       0x2000004c   Data           4  touch.o(.data)
    count                                    0x20000050   Data           4  zhouhaijun.o(.data)
    flag                                     0x20000054   Data           4  zhouhaijun.o(.data)
    TxBuf                                    0x20000058   Data          10  zhouhaijun.o(.data)
    TxBuf1                                   0x20000062   Data          54  zhouhaijun.o(.data)
    TxBuf2                                   0x20000098   Data          54  zhouhaijun.o(.data)
    TxBuf3                                   0x200000ce   Data          50  zhouhaijun.o(.data)
    TxBuf4                                   0x20000100   Data          54  zhouhaijun.o(.data)
    TxBuf5                                   0x20000136   Data          50  zhouhaijun.o(.data)
    TxBuf6                                   0x20000168   Data          50  zhouhaijun.o(.data)
    TxBuf8                                   0x2000019a   Data          50  zhouhaijun.o(.data)
    TIM_TimeBaseStructure                    0x200001dc   Data          10  main.o(.bss)
    Pen_Point                                0x200001e8   Data          32  touch.o(.bss)
    __libspace_start                         0x200002e4   Data          96  libspace.o(.bss)
    __temporary_stack_top$libspace           0x20000344   Data           0  libspace.o(.bss)



==============================================================================

Memory Map of the image

  Image Entry point : 0x08000131

  Load Region LR_IROM1 (Base: 0x08000000, Size: 0x00077764, Max: 0x00080000, ABSOLUTE, COMPRESSED[0x00077628])

    Execution Region ER_IROM1 (Base: 0x08000000, Size: 0x00077588, Max: 0x00080000, ABSOLUTE)

    Base Addr    Size         Type   Attr      Idx    E Section Name        Object

    0x08000000   0x00000130   Data   RO          302    RESET               stm32f10x_vector.o
    0x08000130   0x00000008   Code   RO          603  * !!!main             __main.o(c_w.l)
    0x08000138   0x00000034   Code   RO          836    !!!scatter          __scatter.o(c_w.l)
    0x0800016c   0x0000005a   Code   RO          834    !!dczerorl2         __dczerorl2.o(c_w.l)
    0x080001c6   0x00000002   PAD
    0x080001c8   0x0000001c   Code   RO          838    !!handler_zi        __scatter_zi.o(c_w.l)
    0x080001e4   0x00000006   Code   RO          759    .ARM.Collect$$libinit$$00000000  libinit.o(c_w.l)
    0x080001ea   0x00000000   Code   RO          655    .ARM.Collect$$libinit$$00000006  libinit2.o(c_w.l)
    0x080001ea   0x00000000   Code   RO          657    .ARM.Collect$$libinit$$00000008  libinit2.o(c_w.l)
    0x080001ea   0x00000004   Code   RO          658    .ARM.Collect$$libinit$$00000009  libinit2.o(c_w.l)
    0x080001ee   0x00000000   Code   RO          659    .ARM.Collect$$libinit$$0000000A  libinit2.o(c_w.l)
    0x080001ee   0x00000000   Code   RO          662    .ARM.Collect$$libinit$$0000000D  libinit2.o(c_w.l)
    0x080001ee   0x00000000   Code   RO          664    .ARM.Collect$$libinit$$0000000F  libinit2.o(c_w.l)
    0x080001ee   0x00000000   Code   RO          666    .ARM.Collect$$libinit$$00000011  libinit2.o(c_w.l)
    0x080001ee   0x00000000   Code   RO          668    .ARM.Collect$$libinit$$00000013  libinit2.o(c_w.l)
    0x080001ee   0x00000000   Code   RO          670    .ARM.Collect$$libinit$$00000015  libinit2.o(c_w.l)
    0x080001ee   0x00000000   Code   RO          672    .ARM.Collect$$libinit$$00000017  libinit2.o(c_w.l)
    0x080001ee   0x00000000   Code   RO          674    .ARM.Collect$$libinit$$00000019  libinit2.o(c_w.l)
    0x080001ee   0x00000000   Code   RO          676    .ARM.Collect$$libinit$$0000001B  libinit2.o(c_w.l)
    0x080001ee   0x00000000   Code   RO          678    .ARM.Collect$$libinit$$0000001D  libinit2.o(c_w.l)
    0x080001ee   0x00000000   Code   RO          680    .ARM.Collect$$libinit$$0000001F  libinit2.o(c_w.l)
    0x080001ee   0x00000000   Code   RO          682    .ARM.Collect$$libinit$$00000021  libinit2.o(c_w.l)
    0x080001ee   0x00000000   Code   RO          686    .ARM.Collect$$libinit$$00000028  libinit2.o(c_w.l)
    0x080001ee   0x00000000   Code   RO          688    .ARM.Collect$$libinit$$0000002A  libinit2.o(c_w.l)
    0x080001ee   0x00000000   Code   RO          690    .ARM.Collect$$libinit$$0000002C  libinit2.o(c_w.l)
    0x080001ee   0x00000000   Code   RO          692    .ARM.Collect$$libinit$$0000002E  libinit2.o(c_w.l)
    0x080001ee   0x00000002   Code   RO          693    .ARM.Collect$$libinit$$0000002F  libinit2.o(c_w.l)
    0x080001f0   0x00000002   Code   RO          796    .ARM.Collect$$libshutdown$$00000000  libshutdown.o(c_w.l)
    0x080001f2   0x00000000   Code   RO          803    .ARM.Collect$$libshutdown$$00000003  libshutdown2.o(c_w.l)
    0x080001f2   0x00000000   Code   RO          806    .ARM.Collect$$libshutdown$$00000006  libshutdown2.o(c_w.l)
    0x080001f2   0x00000000   Code   RO          809    .ARM.Collect$$libshutdown$$00000009  libshutdown2.o(c_w.l)
    0x080001f2   0x00000000   Code   RO          811    .ARM.Collect$$libshutdown$$0000000B  libshutdown2.o(c_w.l)
    0x080001f2   0x00000000   Code   RO          814    .ARM.Collect$$libshutdown$$0000000E  libshutdown2.o(c_w.l)
    0x080001f2   0x00000002   Code   RO          815    .ARM.Collect$$libshutdown$$0000000F  libshutdown2.o(c_w.l)
    0x080001f4   0x00000000   Code   RO          649    .ARM.Collect$$rtentry$$00000000  rtentry.o(c_w.l)
    0x080001f4   0x00000000   Code   RO          712    .ARM.Collect$$rtentry$$00000002  rtentry2.o(c_w.l)
    0x080001f4   0x00000006   Code   RO          727    .ARM.Collect$$rtentry$$00000004  rtentry4.o(c_w.l)
    0x080001fa   0x00000000   Code   RO          714    .ARM.Collect$$rtentry$$00000009  rtentry2.o(c_w.l)
    0x080001fa   0x00000004   Code   RO          715    .ARM.Collect$$rtentry$$0000000A  rtentry2.o(c_w.l)
    0x080001fe   0x00000000   Code   RO          717    .ARM.Collect$$rtentry$$0000000C  rtentry2.o(c_w.l)
    0x080001fe   0x00000008   Code   RO          718    .ARM.Collect$$rtentry$$0000000D  rtentry2.o(c_w.l)
    0x08000206   0x00000000   Code   RO          762    .ARM.Collect$$rtexit$$00000000  rtexit.o(c_w.l)
    0x08000206   0x00000000   Code   RO          775    .ARM.Collect$$rtexit$$00000002  rtexit2.o(c_w.l)
    0x08000206   0x00000004   Code   RO          776    .ARM.Collect$$rtexit$$00000003  rtexit2.o(c_w.l)
    0x0800020a   0x00000004   Code   RO          777    .ARM.Collect$$rtexit$$00000004  rtexit2.o(c_w.l)
    0x0800020e   0x00000002   PAD
    0x08000210   0x0000029c   Code   RO            1    .text               main.o
    0x080004ac   0x000001c0   Code   RO          116    .text               stm32f10x_it.o
    0x0800066c   0x00000b1c   Code   RO          138    .text               lcd.o
    0x08001188   0x000000e0   Code   RO          176    .text               spi_flash.o
    0x08001268   0x00000f68   Code   RO          188    .text               touch.o
    0x080021d0   0x000000dc   Code   RO          209    .text               baiming.o
    0x080022ac   0x00000058   Code   RO          222    .text               guowengang.o
    0x08002304   0x00000198   Code   RO          233    .text               liuzhenwei.o
    0x0800249c   0x00000500   Code   RO          268    .text               zhouhaijun.o
    0x0800299c   0x0000007a   Code   RO          296    .text               cortexm3_macro.o
    0x08002a16   0x00000002   PAD
    0x08002a18   0x00000024   Code   RO          303    .text               stm32f10x_vector.o
    0x08002a3c   0x00000150   Code   RO          391    .text               stm32f10x_exti.o
    0x08002b8c   0x00000614   Code   RO          415    .text               stm32f10x_fsmc.o
    0x080031a0   0x00000318   Code   RO          427    .text               stm32f10x_gpio.o
    0x080034b8   0x000003ec   Code   RO          472    .text               stm32f10x_nvic.o
    0x080038a4   0x000003a0   Code   RO          496    .text               stm32f10x_rcc.o
    0x08003c44   0x00000338   Code   RO          535    .text               stm32f10x_spi.o
    0x08003f7c   0x00000afe   Code   RO          559    .text               stm32f10x_tim.o
    0x08004a7a   0x00000002   PAD
    0x08004a7c   0x00000370   Code   RO          571    .text               stm32f10x_usart.o
    0x08004dec   0x00000078   Code   RO          597    .text               rand.o(c_w.l)
    0x08004e64   0x00000006   Code   RO          601    .text               heapauxi.o(c_w.l)
    0x08004e6a   0x00000016   Code   RO          651    .text               _rserrno.o(c_w.l)
    0x08004e80   0x0000000c   Code   RO          732    .text               rt_errno_addr_intlibspace.o(c_w.l)
    0x08004e8c   0x00000008   Code   RO          742    .text               libspace.o(c_w.l)
    0x08004e94   0x0000004a   Code   RO          745    .text               sys_stackheap_outer.o(c_w.l)
    0x08004ede   0x0000000c   Code   RO          747    .text               exit.o(c_w.l)
    0x08004eea   0x00000002   Code   RO          772    .text               use_no_semi.o(c_w.l)
    0x08004eec   0x00000014   Code   RO          788    .text               sys_exit.o(c_w.l)
    0x08004f00   0x00000054   Code   RO          646    i.sqrt              sqrt.o(m_ws.l)
    0x08004f54   0x00000010   Code   RO          736    x$fpl$dcheck        dcheck.o(fz_ws.l)
    0x08004f64   0x00000010   Code   RO          694    x$fpl$dcheck1       dcheck1.o(fz_ws.l)
    0x08004f74   0x00000078   Code   RO          696    x$fpl$dcmpinfnan    dcmpin.o(fz_ws.l)
    0x08004fec   0x00000058   Code   RO          704    x$fpl$dcmpinfnan    fcmpin.o(fz_ws.l)
    0x08005044   0x00000074   Code   RO          605    x$fpl$dfixu         dfixu.o(fz_ws.l)
    0x080050b8   0x0000002c   Code   RO          610    x$fpl$dflt          dflt_clz.o(fz_ws.l)
    0x080050e4   0x0000000a   Code   RO          609    x$fpl$dfltu         dflt_clz.o(fz_ws.l)
    0x080050ee   0x00000002   PAD
    0x080050f0   0x00000070   Code   RO          613    x$fpl$dleqf         dleqf.o(fz_ws.l)
    0x08005160   0x00000088   Code   RO          615    x$fpl$drleqf        drleqf.o(fz_ws.l)
    0x080051e8   0x00000144   Code   RO          698    x$fpl$dsqrt         dsqrt.o(fz_ws.l)
    0x0800532c   0x00000050   Code   RO          617    x$fpl$f2d           f2d.o(fz_ws.l)
    0x0800537c   0x00000100   Code   RO          619    x$fpl$fadd          faddsub_clz.o(fz_ws.l)
    0x0800547c   0x0000000c   Code   RO          700    x$fpl$fcheck        fcheck.o(fz_ws.l)
    0x08005488   0x0000000c   Code   RO          702    x$fpl$fcheck1       fcheck1.o(fz_ws.l)
    0x08005494   0x000001e4   Code   RO          626    x$fpl$fdiv          fdiv.o(fz_ws.l)
    0x08005678   0x00000060   Code   RO          629    x$fpl$feqf          feqf.o(fz_ws.l)
    0x080056d8   0x00000070   Code   RO          631    x$fpl$ffix          ffix.o(fz_ws.l)
    0x08005748   0x00000058   Code   RO          635    x$fpl$ffixu         ffixu.o(fz_ws.l)
    0x080057a0   0x00000032   Code   RO          640    x$fpl$fflt          fflt_clz.o(fz_ws.l)
    0x080057d2   0x00000008   Code   RO          639    x$fpl$ffltu         fflt_clz.o(fz_ws.l)
    0x080057da   0x00000002   PAD
    0x080057dc   0x00000108   Code   RO          643    x$fpl$fmul          fmul.o(fz_ws.l)
    0x080058e4   0x0000004a   Code   RO          706    x$fpl$fnorm2        fnorm2_clz.o(fz_ws.l)
    0x0800592e   0x00000014   Code   RO          620    x$fpl$frsb          faddsub_clz.o(fz_ws.l)
    0x08005942   0x00000002   PAD
    0x08005944   0x00000124   Code   RO          621    x$fpl$fsub          faddsub_clz.o(fz_ws.l)
    0x08005a68   0x00000086   Code   RO          708    x$fpl$funder        funder.o(fz_ws.l)
    0x08005aee   0x00000064   Code   RO          738    x$fpl$retnan        retnan.o(fz_ws.l)
    0x08005b52   0x00000030   Code   RO          740    x$fpl$trapveneer    trapv.o(fz_ws.l)
    0x08005b82   0x00000000   Code   RO          710    x$fpl$usenofp       usenofp.o(fz_ws.l)
    0x08005b82   0x000011d0   Data   RO          139    .constdata          lcd.o
    0x08006d52   0x0004b000   Data   RO          162    .constdata          picture.o
    0x08051d52   0x00025800   Data   RO          169    .constdata          picture1.o
    0x08077552   0x00000014   Data   RO          497    .constdata          stm32f10x_rcc.o
    0x08077566   0x00000002   PAD
    0x08077568   0x00000020   Data   RO          832    Region$$Table       anon$$obj.o


    Execution Region RW_IRAM1 (Base: 0x20000000, Size: 0x00000b48, Max: 0x00010000, ABSOLUTE, COMPRESSED[0x000000a0])

    Base Addr    Size         Type   Attr      Idx    E Section Name        Object

    0x20000000   0x0000000c   Data   RW            3    .data               main.o
    0x2000000c   0x0000000c   Data   RW          117    .data               stm32f10x_it.o
    0x20000018   0x00000004   Data   RW          140    .data               lcd.o
    0x2000001c   0x00000034   Data   RW          190    .data               touch.o
    0x20000050   0x0000017c   Data   RW          269    .data               zhouhaijun.o
    0x200001cc   0x00000005   Data   RW          498    .data               stm32f10x_rcc.o
    0x200001d1   0x00000003   PAD
    0x200001d4   0x00000008   Data   RW          599    .data               rand.o(c_w.l)
    0x200001dc   0x0000000a   Zero   RW            2    .bss                main.o
    0x200001e6   0x00000002   PAD
    0x200001e8   0x00000020   Zero   RW          189    .bss                touch.o
    0x20000208   0x000000dc   Zero   RW          598    .bss                rand.o(c_w.l)
    0x200002e4   0x00000060   Zero   RW          743    .bss                libspace.o(c_w.l)
    0x20000344   0x00000004   PAD
    0x20000348   0x00000400   Zero   RW          301    HEAP                stm32f10x_vector.o
    0x20000748   0x00000400   Zero   RW          300    STACK               stm32f10x_vector.o


==============================================================================

Image component sizes


      Code (inc. data)   RO Data    RW Data    ZI Data      Debug   Object Name

       220          4          0          0          0        688   baiming.o
       122          0          0          0          0        340   cortexm3_macro.o
        88          6          0          0          0        544   guowengang.o
      2844        100       4560          4          0      11842   lcd.o
       408         18          0          0          0     203737   liuzhenwei.o
       668         28          0         12         10      85294   main.o
         0          0     307200          0          0        466   picture.o
         0          0     153600          0          0        417   picture1.o
       224          8          0          0          0       1027   spi_flash.o
       336         14          0          0          0       2131   stm32f10x_exti.o
      1556         16          0          0          0       5263   stm32f10x_fsmc.o
       792         16          0          0          0       5103   stm32f10x_gpio.o
       448         24          0         12          0       8942   stm32f10x_it.o
      1004         28          0          0          0       7124   stm32f10x_nvic.o
       928         36         20          5          0       8644   stm32f10x_rcc.o
       824          6          0          0          0       6362   stm32f10x_spi.o
      2814         16          0          0          0      23784   stm32f10x_tim.o
       880         12          0          0          0       7659   stm32f10x_usart.o
        36         22        304          0       2048        312   stm32f10x_vector.o
      3944        124          0         52         32       5656   touch.o
      1280         98          0        380          0       3885   zhouhaijun.o

    ----------------------------------------------------------------------
     19420        576     465718        468       2092     389220   Object Totals
         0          0         32          0          0          0   (incl. Generated)
         4          0          2          3          2          0   (incl. Padding)

    ----------------------------------------------------------------------

      Code (inc. data)   RO Data    RW Data    ZI Data      Debug   Library Member Name

        90          0          0          0          0          0   __dczerorl2.o
         8          0          0          0          0         68   __main.o
        52          8          0          0          0          0   __scatter.o
        28          0          0          0          0          0   __scatter_zi.o
        22          0          0          0          0         96   _rserrno.o
        16          6          0          0          0         68   dcheck.o
        16          6          0          0          0         68   dcheck1.o
       120          0          0          0          0         84   dcmpin.o
       116          6          0          0          0         72   dfixu.o
        54          0          0          0          0        136   dflt_clz.o
       112          6          0          0          0         68   dleqf.o
       136          6          0          0          0         68   drleqf.o
       324          8          0          0          0        100   dsqrt.o
        12          0          0          0          0         68   exit.o
        80          4          0          0          0         68   f2d.o
       568         18          0          0          0        204   faddsub_clz.o
        12          6          0          0          0         68   fcheck.o
        12          6          0          0          0         68   fcheck1.o
        88          0          0          0          0         68   fcmpin.o
       484         76          0          0          0         76   fdiv.o
        96          6          0          0          0         68   feqf.o
       112          4          0          0          0         68   ffix.o
        88          6          0          0          0         68   ffixu.o
        58          0          0          0          0        136   fflt_clz.o
       264          6          0          0          0         68   fmul.o
        74          0          0          0          0         84   fnorm2_clz.o
       134          0          0          0          0         84   funder.o
         6          0          0          0          0        148   heapauxi.o
         6          0          0          0          0          0   libinit.o
         6          0          0          0          0          0   libinit2.o
         2          0          0          0          0          0   libshutdown.o
         2          0          0          0          0          0   libshutdown2.o
         8          4          0          0         96         68   libspace.o
       120         18          0          8        220        116   rand.o
       100          0          0          0          0         68   retnan.o
        12          6          0          0          0         68   rt_errno_addr_intlibspace.o
         0          0          0          0          0          0   rtentry.o
        12          0          0          0          0          0   rtentry2.o
         6          0          0          0          0          0   rtentry4.o
         0          0          0          0          0          0   rtexit.o
         8          0          0          0          0          0   rtexit2.o
        84         22          0          0          0         84   sqrt.o
        20         10          0          0          0         68   sys_exit.o
        74          0          0          0          0         80   sys_stackheap_outer.o
        48          0          0          0          0         68   trapv.o
         2          0          0          0          0         68   use_no_semi.o
         0          0          0          0          0          0   usenofp.o

    ----------------------------------------------------------------------
      3702        238          0          8        320       2860   Library Totals
        10          0          0          0          4          0   (incl. Padding)

    ----------------------------------------------------------------------

      Code (inc. data)   RO Data    RW Data    ZI Data      Debug   Library Name

       496         46          0          8        316        848   c_w.l
      3112        170          0          0          0       1928   fz_ws.l
        84         22          0          0          0         84   m_ws.l

    ----------------------------------------------------------------------
      3702        238          0          8        320       2860   Library Totals

    ----------------------------------------------------------------------

==============================================================================


      Code (inc. data)   RO Data    RW Data    ZI Data      Debug   

     23122        814     465718        476       2412     388380   Grand Totals
     23122        814     465718        160       2412     388380   ELF Image Totals (compressed)
     23122        814     465718        160          0          0   ROM Totals

==============================================================================

    Total RO  Size (Code + RO Data)               488840 ( 477.38kB)
    Total RW  Size (RW Data + ZI Data)              2888 (   2.82kB)
    Total ROM Size (Code + RO Data + RW Data)     489000 ( 477.54kB)

==============================================================================

