<html>
<body>
<pre>
<h1>µVision3 Build Log</h1>
<h2>Project:</h2>
D:\ARM-Cortex-Training\STM32-Broad\Ð¾´ïSTM32ÅäÌ×Àý³Ì\N3__DigitalPhotoFrame\STM32-FSMC-TFT.uv2
Project File Date:  01/08/2011

<h2>Output:</h2>
Build target 'STM32_FSMC_TFT_9325'
compiling main.c...
compiling stm32f10x_it.c...
compiling lcd.c...
compiling picture.c...
compiling picture1.c...
compiling SPI_Flash.c...
compiling touch.c...
compiling BaiMing.c...
compiling GuoWenGang.c...
compiling LiuZhenWei.c...
compiling ZhouHaiJun.c...
assembling cortexm3_macro.s...
assembling stm32f10x_vector.s...
compiling stm32f10x_adc.c...
compiling stm32f10x_bkp.c...
compiling stm32f10x_can.c...
compiling stm32f10x_crc.c...
compiling stm32f10x_dac.c...
compiling stm32f10x_dbgmcu.c...
compiling stm32f10x_dma.c...
compiling stm32f10x_exti.c...
compiling stm32f10x_flash.c...
compiling stm32f10x_fsmc.c...
compiling stm32f10x_gpio.c...
compiling stm32f10x_i2c.c...
compiling stm32f10x_iwdg.c...
compiling stm32f10x_lib.c...
compiling stm32f10x_nvic.c...
compiling stm32f10x_pwr.c...
compiling stm32f10x_rcc.c...
compiling stm32f10x_rtc.c...
compiling stm32f10x_sdio.c...
compiling stm32f10x_spi.c...
compiling stm32f10x_systick.c...
compiling stm32f10x_tim.c...
compiling stm32f10x_usart.c...
compiling stm32f10x_wwdg.c...
linking...
Program Size: Code=23178 RO-data=465718 RW-data=476 ZI-data=2412  
FromELF: creating hex file...
".\Obj\STM32_FSMC_TFT_9325.axf" - 0 Error(s), 0 Warning(s).
Load "D:\\ARM-Cortex-Training\\STM32-Broad\\Ð¾´ïSTM32ÅäÌ×Àý³Ì\\N3__DigitalPhotoFrame\\Obj\\STM32_FSMC_TFT_9325.AXF" 

JLink info:
-----------
DLL: V4.08b, compiled Jun 30 2009 19:10:31
Firmware: J-Link ARM V8 compiled May 20 2010 17:07:46
Hardware: V8.00
S/N : 20100214 
Feature(s) : RDI,FlashDL,FlashBP,JFlash,GDBFull 
---
**JLink Warning: No matching core found. Selecting default core (ARM7).
***JLink Error: Supply voltage too low (1 Volt is required, Measured: 0.0 Volt).
Please check target power.
Load "D:\\ARM-Cortex-Training\\STM32-Broad\\Ð¾´ïSTM32ÅäÌ×Àý³Ì\\N3__DigitalPhotoFrame\\Obj\\STM32_FSMC_TFT_9325.AXF" 

JLink info:
-----------
DLL: V4.08b, compiled Jun 30 2009 19:10:31
Firmware: J-Link ARM V8 compiled May 20 2010 17:07:46
Hardware: V8.00
S/N : 20100214 
Feature(s) : RDI,FlashDL,FlashBP,JFlash,GDBFull 
---
* JLink Info: TotalIRLen = 9, IRPrint = 0x0011
* JLink Info: Found Cortex-M3 r1p1, Little endian.
* JLink Info: TPIU fitted.
* JLink Info: ETM fitted.
* JLink Info:   FPUnit: 6 code (BP) slots and 2 literal slots

Target info:
------------
Device: STM32F103VE
VTarget = 3.319V
State of Pins: 
TCK: 1, TDI: 0, TDO: 1, TMS: 0, TRES: 1, TRST: 1
* JLink Info: TotalIRLen = 9, IRPrint = 0x0011
* JLink Info: Found Cortex-M3 r1p1, Little endian.
* JLink Info: TPIU fitted.
* JLink Info: ETM fitted.
* JLink Info:   FPUnit: 6 code (BP) slots and 2 literal slots
Hardware-Breakpoints: 6
Software-Breakpoints: 2048
Watchpoints:          4
JTAG speed: 2000 kHz
---
* JLink Info: TotalIRLen = 9, IRPrint = 0x0011
* JLink Info: Found Cortex-M3 r1p1, Little endian.
* JLink Info: TPIU fitted.
* JLink Info: ETM fitted.
* JLink Info:   FPUnit: 6 code (BP) slots and 2 literal slots
Erase Done.
Programming Done.
Verify OK.
Build target 'STM32_FSMC_TFT_9325'
compiling ZhouHaiJun.c...
linking...
Program Size: Code=23186 RO-data=465718 RW-data=476 ZI-data=2412  
FromELF: creating hex file...
".\Obj\STM32_FSMC_TFT_9325.axf" - 0 Error(s), 0 Warning(s).
Build target 'STM32_FSMC_TFT_9325'
compiling stm32f10x_it.c...
linking...
Program Size: Code=23162 RO-data=465718 RW-data=476 ZI-data=2412  
FromELF: creating hex file...
".\Obj\STM32_FSMC_TFT_9325.axf" - 0 Error(s), 0 Warning(s).
Build target 'STM32_FSMC_TFT_9325'
compiling main.c...
compiling stm32f10x_it.c...
compiling lcd.c...
compiling picture.c...
compiling picture1.c...
compiling SPI_Flash.c...
compiling touch.c...
compiling BaiMing.c...
compiling GuoWenGang.c...
compiling LiuZhenWei.c...
compiling ZhouHaiJun.c...
assembling cortexm3_macro.s...
assembling stm32f10x_vector.s...
compiling stm32f10x_adc.c...
compiling stm32f10x_bkp.c...
compiling stm32f10x_can.c...
compiling stm32f10x_crc.c...
compiling stm32f10x_dac.c...
compiling stm32f10x_dbgmcu.c...
compiling stm32f10x_dma.c...
compiling stm32f10x_exti.c...
compiling stm32f10x_flash.c...
compiling stm32f10x_fsmc.c...
compiling stm32f10x_gpio.c...
compiling stm32f10x_i2c.c...
compiling stm32f10x_iwdg.c...
compiling stm32f10x_lib.c...
compiling stm32f10x_nvic.c...
compiling stm32f10x_pwr.c...
compiling stm32f10x_rcc.c...
compiling stm32f10x_rtc.c...
compiling stm32f10x_sdio.c...
compiling stm32f10x_spi.c...
compiling stm32f10x_systick.c...
compiling stm32f10x_tim.c...
compiling stm32f10x_usart.c...
compiling stm32f10x_wwdg.c...
linking...
Program Size: Code=23162 RO-data=465718 RW-data=476 ZI-data=2412  
FromELF: creating hex file...
".\Obj\STM32_FSMC_TFT_9325.axf" - 0 Error(s), 0 Warning(s).
Build target 'STM32_FSMC_TFT_9325'
linking...
Program Size: Code=23162 RO-data=465718 RW-data=476 ZI-data=2412  
FromELF: creating hex file...
".\Obj\STM32_FSMC_TFT_9325.axf" - 0 Error(s), 0 Warning(s).
Build target 'STM32_FSMC_TFT_9325'
linking...
Program Size: Code=23162 RO-data=465718 RW-data=476 ZI-data=2412  
FromELF: creating hex file...
".\Obj\STM32_FSMC_TFT_9325.axf" - 0 Error(s), 0 Warning(s).
Build target 'STM32_FSMC_TFT_9325'
compiling touch.c...
User\touch.c(483): error:  #20: identifier "MAX_CHAR_POSX" is undefined
User\touch.c(484): error:  #20: identifier "MAX_CHAR_POSY" is undefined
User\touch.c(484): warning:  #223-D: function "TFT_CLEAR" declared implicitly
User\touch.c(485): warning:  #223-D: function "TFT_ShowChar" declared implicitly
Target not created
Build target 'STM32_FSMC_TFT_9325'
compiling touch.c...
User\touch.c(483): error:  #20: identifier "MAX_CHAR_POSX" is undefined
User\touch.c(484): error:  #20: identifier "MAX_CHAR_POSY" is undefined
User\touch.c(484): warning:  #223-D: function "TFT_CLEAR" declared implicitly
User\touch.c(485): warning:  #223-D: function "TFT_ShowChar" declared implicitly
Target not created
Build target 'STM32_FSMC_TFT_9325'
compiling touch.c...
linking...
Program Size: Code=23122 RO-data=465718 RW-data=476 ZI-data=2412  
FromELF: creating hex file...
".\Obj\STM32_FSMC_TFT_9325.axf" - 0 Error(s), 0 Warning(s).
